
> phantom-e2e@0.1.0 test
> playwright test


Running 1765 tests using 1 worker

node.exe : (node:29612) Warning: The 'NO_COLOR' env is ignored due to the 'FORCE_COLOR' env being set.
At line:1 char:1
+ & "C:\Program Files\nodejs/node.exe" "C:\Program Files\nodejs/node_mo ...
+ ~~~~~~~~~~~~~~~~~~~~~~~~~~~~~~~~~~~~~~~~~~~~~~~~~~~~~~~~~~~~~~~~~~~~~
    + CategoryInfo          : NotSpecified: ((node:29612) Wa... env being set.:String) [], RemoteException
    + FullyQualifiedErrorId : NativeCommandError
 
(Use `node --trace-warnings ...` to show where the warning was created)
  ok    1 [phone-webkit] › e2e\00-boot.spec.js:7:3 › cold boot › enters past the splash into the redesign shell (5.6s)
  x     2 [phone-webkit] › e2e\00-boot.spec.js:18:3 › cold boot › boots with no uncaught exception and no console error (6.5s)
(node:38996) Warning: The 'NO_COLOR' env is ignored due to the 'FORCE_COLOR' env being set.
(Use `node --trace-warnings ...` to show where the warning was created)
  ok    3 [phone-webkit] › e2e\00-boot.spec.js:25:3 › cold boot › serves the same version the working tree carries (5.5s)
  ok    4 [phone-webkit] › e2e\00-boot.spec.js:31:3 › cold boot › the shell does not overflow horizontally (5.8s)
  ok    5 [phone-webkit] › e2e\01-nav.spec.js:79:3 › bottom nav — structure › the nav pins the pre-M4 shape: three slots plus EXIT (R-02 replaces this at M4) (5.6s)
  ok    6 [phone-webkit] › e2e\01-nav.spec.js:102:3 › bottom nav — structure › every nav control meets the 44px gloved-hand minimum (5.6s)
  ok    7 [phone-webkit] › e2e\01-nav.spec.js:121:3 › bottom nav — routing › each slot activates its own page and deactivates the other two (23.6s)
  ok    8 [phone-webkit] › e2e\01-nav.spec.js:135:3 › bottom nav — routing › .botitem.active mirrors the visible page (16.7s)
  ok    9 [phone-webkit] › e2e\01-nav.spec.js:149:3 › bottom nav — routing › #bn-core still tracks the active slot, but the rail is retired and paints nothing (15.0s)
  ok   10 [phone-webkit] › e2e\01-nav.spec.js:172:3 › bottom nav — routing › body.mode-ref is set on Tools only — it is the sole mode-* class the app owns (14.9s)
  ok   11 [phone-webkit] › e2e\01-nav.spec.js:189:3 › bottom nav — routing › cycling all three slots raises no console error and no uncaught exception (23.7s)
  ok   12 [phone-webkit] › e2e\01-nav.spec.js:241:3 › bottom nav — routing › none of the three pages overflows the viewport horizontally (16.7s)
  x    13 [phone-webkit] › e2e\01-nav.spec.js:269:3 › browser back › back after nav taps returns to the previous destination (12.8s)
  ok   14 [phone-webkit] › e2e\01-nav.spec.js:289:3 › house selection › a bare URL boots the redesign house with the 3-slot nav visible (6.1s)
  ok   15 [phone-webkit] › e2e\01-nav.spec.js:299:3 › house selection › ?legacy=1 boots the legacy house — no body.rd, no redesign nav (5.4s)
  ok   16 [phone-webkit] › e2e\01-nav.spec.js:316:3 › house selection › ?legacy=1 survives a reload without the query string (6.9s)
  ok   17 [phone-webkit] › e2e\01-nav.spec.js:335:3 › #rd-exit is hold-only › a plain tap on EXIT does not navigate and does not freeze (12.3s)
  ok   18 [phone-webkit] › e2e\01-nav.spec.js:357:3 › #rd-exit is hold-only › holding EXIT past RD_HOLD_MS freezes to the sleep curtain (7.5s)
[02-build-forge] WEBGL BRANCH = GPU-PRESENT | context=WebGL2RenderingContext | renderer=Apple GPU
  ok   19 [phone-webkit] › e2e\02-build-forge.spec.js:253:3 › Build workspace + Forge aisle › WebGL capability is MEASURED in this browser, not assumed (6.3s)
  ok   20 [phone-webkit] › e2e\02-build-forge.spec.js:285:3 › Build workspace + Forge aisle › the Build slot mounts #bw-shell with the real workspace, not the legacy grid (14.4s)
  ok   21 [phone-webkit] › e2e\02-build-forge.spec.js:302:3 › Build workspace + Forge aisle › #bw-mount exists and MEASURES non-zero — the display:contents / wiped-host guard (14.0s)
  ok   22 [phone-webkit] › e2e\02-build-forge.spec.js:339:3 › Build workspace + Forge aisle › ten Build entries leave exactly one #bw-mount and do not multiply canvases (1.9m)
  ok   23 [phone-webkit] › e2e\02-build-forge.spec.js:389:3 › Build workspace + Forge aisle › RackEngine never holds more than one interactive attachment (41.5s)
  ok   24 [phone-webkit] › e2e\02-build-forge.spec.js:430:3 › Build workspace + Forge aisle › the aisle opens over Build and closing it returns to Build with #bw-mount intact (27.7s)
  ok   25 [phone-webkit] › e2e\02-build-forge.spec.js:481:3 › Build workspace + Forge aisle › no uncaught exception across the Build -> aisle -> Build round trip (29.5s)
  ok   26 [phone-webkit] › e2e\02-build-forge.spec.js:519:3 › Build workspace + Forge aisle › the aisle states its zero-state instead of failing silently with no Master (16.8s)
  ok   27 [phone-webkit] › e2e\02-build-forge.spec.js:539:3 › Build workspace + Forge aisle › opening the aisle does not tell the technician the app crashed (17.8s)
[02-build-forge] BUILD PREVIEW OUTCOME = canvas
  ok   28 [phone-webkit] › e2e\02-build-forge.spec.js:576:3 › Build workspace + Forge aisle › the Build rack preview always reaches a STATED terminal state — never a silent blank (13.9s)
  ok   29 [phone-webkit] › e2e\02-build-forge.spec.js:620:3 › Build workspace + Forge aisle › with a usable renderer, the Build mount holds exactly ONE live WebGL canvas (14.0s)
  ok   30 [phone-webkit] › e2e\02-build-forge.spec.js:670:3 › Build workspace + Forge aisle › with a usable renderer, opening the aisle TRANSFERS the single attachment and Build does not steal it back (36.3s)
[02] item-4 round-trip trace: [{"round":1,"openCanvases":5,"openLive":1,"closedCanvases":5,"closedLive":1},{"round":2,"openCanvases":5,"openLive":1,"closedCanvases":5,"closedLive":1},{"round":3,"openCanvases":5,"openLive":1,"closedCanvases":5,"closedLive":1},{"round":4,"openCanvases":5,"openLive":1,"closedCanvases":5,"closedLive":1},{"round":5,"openCanvases":5,"openLive":1,"closedCanvases":5,"closedLive":1},{"round":6,"openCanvases":5,"openLive":1,"closedCanvases":5,"closedLive":1},{"round":7,"openCanvases":5,"openLive":1,"closedCanvases":5,"closedLive":1},{"round":8,"openCanvases":5,"openLive":1,"closedCanvases":5,"closedLive":1},{"round":9,"openCanvases":5,"openLive":1,"closedCanvases":5,"closedLive":1},{"round":10,"openCanvases":5,"openLive":1,"closedCanvases":5,"closedLive":1}]
  ok   31 [phone-webkit] › e2e\02-build-forge.spec.js:738:3 › Build workspace + Forge aisle › THE ROUND TRIP HOLDS x10 — the attachment comes home every time and nothing accumulates (2.2m)
  ok   32 [phone-webkit] › e2e\02-build-forge.spec.js:831:3 › Build workspace + Forge aisle › closing the aisle RETURNS the rack to Build — the context goes back to its lender (23.1s)
  ok   33 [phone-webkit] › e2e\03-tools.spec.js:182:3 › Tools page grid (#pg-ref) › the bottom-nav Tools slot lands on the card grid, not a drilled-in panel (11.3s)
  ok   34 [phone-webkit] › e2e\03-tools.spec.js:199:3 › Tools page grid (#pg-ref) › every card is a named, gloved-hand tap target (9.0s)
  ok   35 [phone-webkit] › e2e\03-tools.spec.js:225:3 › Tools page grid (#pg-ref) › the grid clears the fixed bottom nav at the end of its scroll (10.5s)
  ok   36 [phone-webkit] › e2e\03-tools.spec.js:276:3 › Tools page grid (#pg-ref) › the Tools grid does not overflow horizontally (9.0s)
  ok   37 [phone-webkit] › e2e\03-tools.spec.js:282:3 › Tools page grid (#pg-ref) › the filter narrows the grid, states a zero-match, and recovers (13.2s)
  ok   38 [phone-webkit] › e2e\03-tools.spec.js:310:5 › Tools page doors › OPTICS opens a VISIBLE surface and can be backed out of (19.6s)
  ok   39 [phone-webkit] › e2e\03-tools.spec.js:310:5 › Tools page doors › PLATFORMS opens a VISIBLE surface and can be backed out of (20.4s)
  ok   40 [phone-webkit] › e2e\03-tools.spec.js:310:5 › Tools page doors › CLI / IB opens a VISIBLE surface and can be backed out of (17.9s)
  ok   41 [phone-webkit] › e2e\03-tools.spec.js:310:5 › Tools page doors › PARTS opens a VISIBLE surface and can be backed out of (18.5s)
  ok   42 [phone-webkit] › e2e\03-tools.spec.js:310:5 › Tools page doors › KNOW opens a VISIBLE surface and can be backed out of (19.2s)
  ok   43 [phone-webkit] › e2e\03-tools.spec.js:310:5 › Tools page doors › COMPASS opens a VISIBLE surface and can be backed out of (20.8s)
  ok   44 [phone-webkit] › e2e\03-tools.spec.js:342:3 › Tools page doors › GHOST ECHO opens its sheet visibly and closes back to the grid (16.5s)
  ok   45 [phone-webkit] › e2e\03-tools.spec.js:374:3 › ops tool doors (rd_openOpsTool) › the registry, the wall and the renderers agree (5.6s)
  ok   46 [phone-webkit] › e2e\03-tools.spec.js:404:5 › ops tool doors (rd_openOpsTool) › bom mounts into a VISIBLE host and backs out to Build (8.9s)
  ok   47 [phone-webkit] › e2e\03-tools.spec.js:404:5 › ops tool doors (rd_openOpsTool) › manifest mounts into a VISIBLE host and backs out to Build (8.3s)
  ok   48 [phone-webkit] › e2e\03-tools.spec.js:404:5 › ops tool doors (rd_openOpsTool) › portmap mounts into a VISIBLE host and backs out to Build (8.9s)
  ok   49 [phone-webkit] › e2e\03-tools.spec.js:404:5 › ops tool doors (rd_openOpsTool) › rackmap mounts into a VISIBLE host and backs out to Build (8.6s)
  ok   50 [phone-webkit] › e2e\03-tools.spec.js:404:5 › ops tool doors (rd_openOpsTool) › sops mounts into a VISIBLE host and backs out to Build (8.6s)
  ok   51 [phone-webkit] › e2e\03-tools.spec.js:404:5 › ops tool doors (rd_openOpsTool) › burndown mounts into a VISIBLE host and backs out to Build (8.1s)
  ok   52 [phone-webkit] › e2e\03-tools.spec.js:404:5 › ops tool doors (rd_openOpsTool) › audits mounts into a VISIBLE host and backs out to Build (8.8s)
  ok   53 [phone-webkit] › e2e\03-tools.spec.js:404:5 › ops tool doors (rd_openOpsTool) › blast mounts into a VISIBLE host and backs out to Build (8.3s)
  ok   54 [phone-webkit] › e2e\03-tools.spec.js:404:5 › ops tool doors (rd_openOpsTool) › optics mounts into a VISIBLE host and backs out to Build (8.7s)
  ok   55 [phone-webkit] › e2e\03-tools.spec.js:404:5 › ops tool doors (rd_openOpsTool) › isolate mounts into a VISIBLE host and backs out to Build (8.1s)
  ok   56 [phone-webkit] › e2e\03-tools.spec.js:452:3 › ops tool doors (rd_openOpsTool) › an unknown tab fails loudly instead of silently (6.1s)
  x    57 [phone-webkit] › e2e\03-tools.spec.js:470:3 › ops tool reachability › the OPS wall keeps its nine tools one tap from the Build landing (9.7s)
  x    58 [phone-webkit] › e2e\03-tools.spec.js:524:3 › known dead doors › DEAD DOOR 1 — a SOP card tap opens the SOP detail where the tech is looking (16.0s)
  x    59 [phone-webkit] › e2e\03-tools.spec.js:546:3 › known dead doors › DEAD DOOR 2 — the SOP detail Back and DELETE controls are reachable (15.9s)
  x    60 [phone-webkit] › e2e\03-tools.spec.js:566:3 › known dead doors › DEAD DOOR 3 — deleteSOP leaves the tech with a way back (15.8s)
  x    61 [phone-webkit] › e2e\03-tools.spec.js:621:3 › known dead doors › DEAD DOOR 4 — the deployment-list Rack Map button opens a visible rack map (10.6s)
  ok   62 [phone-webkit] › e2e\04-storage.spec.js:157:3 › the guarded storage doors › safeGet, safeStore and safeRemove exist as the canonical doors (5.2s)
  ok   63 [phone-webkit] › e2e\04-storage.spec.js:177:3 › the guarded storage doors › an absent key returns the fallback silently — absence is normal, not an event (6.4s)
  ok   64 [phone-webkit] › e2e\04-storage.spec.js:192:3 › the guarded storage doors › safeGet returns the fallback and warns when storage itself is unreadable (5.7s)
  ok   65 [phone-webkit] › e2e\04-storage.spec.js:209:3 › the guarded storage doors › safeRemove reports failure instead of throwing at a caller that assumed deletion (5.9s)
  ok   66 [phone-webkit] › e2e\04-storage.spec.js:225:3 › the guarded storage doors › a write over quota returns false, raises a toast and flags the app (5.6s)
  ok   67 [phone-webkit] › e2e\04-storage.spec.js:245:3 › the guarded storage doors › the app's own store factory reads and writes through the guarded doors (6.5s)
  ok   68 [phone-webkit] › e2e\04-storage.spec.js:280:3 › corrupt data quarantine › a damaged blob is quarantined verbatim and the original bytes are preserved (5.6s)
  ok   69 [phone-webkit] › e2e\04-storage.spec.js:312:3 › corrupt data quarantine › a corrupt quarantine store does not recurse — it resets and still rescues the new blob (5.6s)
  ok   70 [phone-webkit] › e2e\04-storage.spec.js:329:3 › corrupt data quarantine › booting on top of a corrupt user-data key raises no storage exception (5.6s)
  ok   71 [phone-webkit] › e2e\04-storage.spec.js:347:3 › corrupt data quarantine › the quarantine is itself in the backup registry — the only copy travels (5.7s)
  x    72 [phone-webkit] › e2e\04-storage.spec.js:368:8 › corrupt data quarantine › reading a damaged key repeatedly does not re-write the quarantine every time (6.1s)
  ok   73 [phone-webkit] › e2e\04-storage.spec.js:389:3 › backup coverage is DERIVED, not a hand-list › coverage is measured against live storage — a key nobody classified is reported (5.2s)
  ok   74 [phone-webkit] › e2e\04-storage.spec.js:406:3 › backup coverage is DERIVED, not a hand-list › classified keys and prefix-swept dynamic keys are not reported as gaps (6.0s)
  ok   75 [phone-webkit] › e2e\04-storage.spec.js:423:3 › backup coverage is DERIVED, not a hand-list › every registry row names a key and a reason, and the three registries are disjoint (6.3s)
  ok   76 [phone-webkit] › e2e\04-storage.spec.js:443:3 › backup coverage is DERIVED, not a hand-list › an unclassified key is recorded IN the exported bundle, never dropped in silence (6.9s)
  x    77 [phone-webkit] › e2e\04-storage.spec.js:461:3 › export → clear → restore round trip › a full backup restores every key it captured after localStorage is wiped (8.7s)
(node:28656) Warning: The 'NO_COLOR' env is ignored due to the 'FORCE_COLOR' env being set.
(Use `node --trace-warnings ...` to show where the warning was created)
  -    78 [phone-webkit] › e2e\04-storage.spec.js:553:3 › export → clear → restore round trip › the iOS share-sheet export branch cannot be reached from this harness
  ok   79 [phone-webkit] › e2e\04-storage.spec.js:561:3 › export → clear → restore round trip › a newer-schema bundle is refused before any destructive write (7.2s)
  ok   80 [phone-webkit] › e2e\04-storage.spec.js:605:3 › durability across a reload › data written through the app survives a reload and reads back identically (9.5s)
  ok   81 [phone-webkit] › e2e\04-storage.spec.js:668:3 › unguarded write paths › a quota failure while saving the Master reaches the operator (5.9s)
  ok   82 [phone-webkit] › e2e\04-storage.spec.js:698:3 › unguarded write paths › a quota failure while writing the shift-end marker reaches the operator (5.9s)
  ok   83 [phone-webkit] › e2e\05-offline.spec.js:259:3 › offline contract › every script the app loads at runtime is in the SW precache list (1.2s)
  ok   84 [phone-webkit] › e2e\05-offline.spec.js:279:3 › offline contract › no runtime script is loaded from a third-party origin (699ms)
  ok   85 [phone-webkit] › e2e\05-offline.spec.js:290:3 › offline contract › every PRECACHE_URL actually serves — a 404 entry installs silently broken (1.9s)
  ok   86 [phone-webkit] › e2e\05-offline.spec.js:307:3 › offline contract › the three cache stamps agree — a drifted CACHE_VERSION never evicts (791ms)
  -    87 [phone-webkit] › e2e\05-offline.spec.js:324:3 › offline contract › the app registers a service worker on first load
  ok   88 [phone-webkit] › e2e\05-offline.spec.js:348:3 › offline contract › sw.js precaches its whole manifest once registered (7.6s)
  ok   89 [phone-webkit] › e2e\05-offline.spec.js:382:3 › offline contract › the offline shell and every vendor bundle are physically in the SW cache (6.8s)
  -    90 [phone-webkit] › e2e\05-offline.spec.js:424:3 › offline contract › with the network cut, the service worker actually serves the shell and vendors
  -    91 [phone-webkit] › e2e\05-offline.spec.js:452:3 › offline contract › after one online load, an offline reload still boots to a usable shell
  -    92 [phone-webkit] › e2e\05-offline.spec.js:477:3 › offline contract › an offline boot raises no uncaught exception and no same-origin request failure
  ok   93 [phone-webkit] › e2e\05-offline.spec.js:565:3 › offline contract › losing the network is reported on the running app, not swallowed (6.7s)
  -    94 [phone-webkit] › e2e\05-offline.spec.js:628:3 › offline contract › a cold offline boot reports offline at first paint
  -    95 [phone-webkit] › e2e\05-offline.spec.js:681:3 › offline contract › the app REPORTS offline at first paint when the platform says so — signal forced, network still cut
  -    96 [phone-webkit] › e2e\05-offline.spec.js:708:3 › offline contract › work saved while offline survives an offline reload and the return to network
  -    97 [phone-webkit] › e2e\05-offline.spec.js:764:3 › offline contract › offline PDF import uses the precached vendor bytes
  ok   98 [phone-webkit] › e2e\06-composition.spec.js:212:3 › zero horizontal overflow › Command composes inside the viewport at this tier and at every declared breakpoint (1.4m)
  ok   99 [phone-webkit] › e2e\06-composition.spec.js:225:3 › zero horizontal overflow › Build composes inside the viewport at this tier and at every declared breakpoint (46.2s)
  ok  100 [phone-webkit] › e2e\06-composition.spec.js:239:3 › zero horizontal overflow › Tools composes inside the viewport at this tier and at every declared breakpoint (56.6s)
  ok  101 [phone-webkit] › e2e\06-composition.spec.js:259:3 › tier boundaries › 1024px flips phone composition to desktop chrome, and the second tier is 1500px (not 1520px) (34.4s)
  ok  102 [phone-webkit] › e2e\06-composition.spec.js:319:3 › tier boundaries › the composition follows the VIEWPORT, not a flag that was read once at boot (37.6s)
  ok  103 [phone-webkit] › e2e\06-composition.spec.js:365:3 › tier boundaries › the rip-cord pins the phone composition at a desktop width (8.9s)
[06] tap-floor offenders @390px (census Command=24 Build=8 Tools=14):
  Build · button.ops-banner-btn · 330x28px · "Expand OPS panel"
  Tools · input#srch.search-input · 339x38px · ""
  x   104 [phone-webkit] › e2e\06-composition.spec.js:403:3 › touch-target floor › every visible interactive control clears 44px on Command, Build and Tools (16.5s)
[06] .reh-3d-seg RULE probe: 41.2x22px (font 11px, padding 4px 12px) vs the 44px floor
  x   105 [phone-webkit] › e2e\06-composition.spec.js:457:3 › touch-target floor › the .reh-3d-seg rack-mode pill RULE yields a 44px target (rule probe, not a live control) (11.2s)
  ok  106 [phone-webkit] › e2e\06-composition.spec.js:496:3 › touch-target floor › the bottom nav — the always-on-screen control — clears 44px in both axes (5.5s)
[06] #rd-botnav .blabel contrast:
  15.09:1  10px/700  rgb(97, 239, 255) on rgb(2, 2, 3)  "Home"
  2.75:1  10px/700  rgb(74, 86, 95) on rgb(2, 2, 3)  "Build"
  2.75:1  10px/700  rgb(74, 86, 95) on rgb(2, 2, 3)  "Tools"
  6.33:1  10px/700  rgb(255, 77, 77) on rgb(2, 2, 3)  "Exit"
  x   107 [phone-webkit] › e2e\06-composition.spec.js:539:3 › contrast floor › #rd-botnav .blabel meets WCAG AA at 9px (6.4s)
  ok  108 [phone-webkit] › e2e\06-composition.spec.js:585:3 › reduced motion › reduced motion does not break composition on any page or collapse the fixed nav (16.1s)
  ok  109 [phone-webkit] › e2e\06-composition.spec.js:635:3 › reduced motion › reduced motion keeps the same tier boundaries (16.6s)
  ok  110 [phone-webkit] › e2e\08-forge-layout.spec.js:340:3 › Forge bottom control stack › both utility buttons clear 44x44 in EVERY chip state, including the empty zero state (30.4s)
  ok  111 [phone-webkit] › e2e\08-forge-layout.spec.js:401:3 › Forge bottom control stack › every control in the row consumes the tap token as its OWN height, not a sibling's (24.9s)
  ok  112 [phone-webkit] › e2e\08-forge-layout.spec.js:446:3 › Forge bottom control stack › the pill strip, the utility buttons and the status row never intersect (32.0s)
  ok  113 [phone-webkit] › e2e\08-forge-layout.spec.js:490:3 › Forge bottom control stack › the caption stays readable and inside the viewport at every chip state (20.4s)
  ok  114 [phone-webkit] › e2e\08-forge-layout.spec.js:521:3 › Forge bottom control stack › the pill strip declares its clip on both axes and holds the glow's own room inside it (16.2s)
[08-forge-layout] [phone-webkit] clearance under perturbation — at rest: stack 110 (row 58 + row2 26), gap 10 | status row at --fs-micro 22px: stack 133.8 (row 65 + row2 42.8), gap 10 | status row at --fs-micro 34px: stack 166.59 (row 81 + row2 59.59), gap 10 | tall row2 + --forge-tap 76px: stack 175.59 (row 90 + row2 59.59), gap 10 | tall row2 only: stack 166.59 (row 81 + row2 59.59), gap 10 | back at rest: stack 110 (row 58 + row2 26), gap 10
  ok  115 [phone-webkit] › e2e\08-forge-layout.spec.js:581:3 › Forge bottom control stack › the caption's clearance is DERIVED: move the stack and the gap holds (40.4s)
  ok  116 [phone-webkit] › e2e\08-forge-layout.spec.js:733:3 › Forge bottom control stack › the toast clears the control row at every status-row height (29.3s)
  ok  117 [phone-webkit] › e2e\08-forge-layout.spec.js:763:3 › Forge bottom control stack › the toast still beats the OPEN detail panel, so UNDO survives (16.1s)
  ok  118 [phone-webkit] › e2e\08-forge-layout.spec.js:791:3 › Forge bottom control stack › the caption yields to the toast rather than stacking with it, and returns (18.1s)
  ok  119 [phone-webkit] › e2e\08-forge-layout.spec.js:823:3 › Forge bottom control stack › the three status pills are read-outs, not controls (21.8s)
  ok  120 [phone-webkit] › e2e\08-forge-layout.spec.js:907:3 › Forge bottom control stack › the zero state says its message ONCE and shows no empty id pill (12.3s)
  ok  121 [phone-webkit] › e2e\08-forge-layout.spec.js:957:3 › Forge bottom control stack › the walk instruction leaves the row when there is no aisle to walk (19.6s)
  ok  122 [phone-webkit] › e2e\08-forge-layout.spec.js:1012:3 › Forge bottom control stack › opening and closing the aisle raises no uncaught exception and never overflows horizontally (39.7s)
  -   123 [phone-webkit] › e2e\08-forge-layout.spec.js:1052:3 › Forge bottom control stack › the bottom strip clears the iPhone home indicator
  ok  124 [phone-webkit] › e2e\08-forge-layout.spec.js:1094:3 › Forge bottom control stack › the scene utilities live above the scene, not in the rack row (18.9s)
  ok  125 [phone-webkit] › e2e\08-forge-layout.spec.js:1152:3 › Forge bottom control stack › every overlay covers the scene utilities — they are not a floating hit target (32.7s)
  ok  126 [phone-webkit] › e2e\08-forge-layout.spec.js:1296:3 › Forge bottom control stack › the carousel owns row 1 alone, and no chip hides under a control (22.5s)
  ok  127 [phone-webkit] › e2e\08-forge-layout.spec.js:1379:3 › Forge bottom control stack › the three context pills hold ONE baseline inside the viewport (14.9s)
  ok  128 [phone-webkit] › e2e\09-master-binding.spec.js:104:3 › Master → Forge binding › the DATA MODEL carries every rack, with the counts the Master actually holds (15.1s)
  ok  129 [phone-webkit] › e2e\09-master-binding.spec.js:125:3 › Master → Forge binding › Forge populates FIVE foreground racks, not every rack in the Master (14.4s)
  ok  130 [phone-webkit] › e2e\09-master-binding.spec.js:138:3 › Master → Forge binding › every rack in the window reports the Master truth — 0/0 ONLY when genuinely empty (26.2s)
  ok  131 [phone-webkit] › e2e\09-master-binding.spec.js:172:3 › Master → Forge binding › walking the aisle resolves the NEXT rack from the Master, not a stale card (19.7s)
  ok  132 [phone-webkit] › e2e\09-master-binding.spec.js:203:3 › Master → Forge binding › reading the aisle never mutates the stored Master (27.6s)
  ok  133 [phone-webkit] › e2e\10-site-profile-root.spec.js:41:3 › ACTIVE_SITE_PROFILE — the contract › PHANTOM_SITE exists and reports validity as a LIST OF REASONS, not a boolean (5.5s)
  ok  134 [phone-webkit] › e2e\10-site-profile-root.spec.js:56:3 › ACTIVE_SITE_PROFILE — the contract › validity NAMES every missing requirement on a blank device (6.1s)
  ok  135 [phone-webkit] › e2e\10-site-profile-root.spec.js:67:3 › ACTIVE_SITE_PROFILE — the contract › validity is COMPUTED, never a stored boolean (6.1s)
  ok  136 [phone-webkit] › e2e\10-site-profile-root.spec.js:84:3 › ACTIVE_SITE_PROFILE — migration is the thing that protects the operator › migration seeds siteLead from the one name on record, and keeps that person as the actor (6.0s)
  ok  137 [phone-webkit] › e2e\10-site-profile-root.spec.js:112:3 › ACTIVE_SITE_PROFILE — migration is the thing that protects the operator › the actor is credited independently of authority — work is never auto-credited to the Site Lead (5.9s)
  ok  138 [phone-webkit] › e2e\10-site-profile-root.spec.js:128:3 › ACTIVE_SITE_PROFILE — migration is the thing that protects the operator › migration NEVER overwrites a value a human set (6.1s)
  ok  139 [phone-webkit] › e2e\10-site-profile-root.spec.js:144:3 › ACTIVE_SITE_PROFILE — migration is the thing that protects the operator › migration is IDEMPOTENT — the second run writes nothing (6.9s)
  ok  140 [phone-webkit] › e2e\10-site-profile-root.spec.js:161:3 › ACTIVE_SITE_PROFILE — migration is the thing that protects the operator › an UNCONFIRMED profile is left COMPLETELY untouched — it belongs in Site Setup (6.0s)
  ok  141 [phone-webkit] › e2e\10-site-profile-root.spec.js:178:3 › ONE ANSWER TO "WHO IS WORKING" (v1.14.418, P0 of PHASE-ENGINE) › currentOperator is STRICT — an empty actor never inherits the Site Lead (6.1s)
  ok  142 [phone-webkit] › e2e\10-site-profile-root.spec.js:196:3 › ONE ANSWER TO "WHO IS WORKING" (v1.14.418, P0 of PHASE-ENGINE) › identity_getUser() resolves through the PROFILE, not the legacy key (5.9s)
  ok  143 [phone-webkit] › e2e\10-site-profile-root.spec.js:210:3 › ONE ANSWER TO "WHO IS WORKING" (v1.14.418, P0 of PHASE-ENGINE) › identity_setUser() writes the PROFILE — the legacy key stops being a write target (6.9s)
  ok  144 [phone-webkit] › e2e\10-site-profile-root.spec.js:228:3 › ONE ANSWER TO "WHO IS WORKING" (v1.14.418, P0 of PHASE-ENGINE) › a legacy-only device is MIGRATED, so its operator keeps their attribution (6.3s)
  ok  145 [phone-webkit] › e2e\10-site-profile-root.spec.js:245:3 › ONE ANSWER TO "WHO IS WORKING" (v1.14.418, P0 of PHASE-ENGINE) › a DIVERGENCE between the two stores is recorded, not silently resolved (6.0s)
  ok  146 [phone-webkit] › e2e\10-site-profile-root.spec.js:265:3 › ONE ANSWER TO "WHO IS WORKING" (v1.14.418, P0 of PHASE-ENGINE) › THE POINT: the audit log credits the actor from the PROFILE (6.2s)
  ok  147 [phone-webkit] › e2e\10-site-profile-root.spec.js:291:3 › ACTIVE_SITE_PROFILE — the Master binding › binding reports no-master / no-binding / match as DISTINCT states (6.0s)
  ok  148 [phone-webkit] › e2e\10-site-profile-root.spec.js:315:3 › ACTIVE_SITE_PROFILE — the Master binding › a profile bound to a DIFFERENT Master reports mismatch — the §10 identity check (6.1s)
  ok  149 [phone-webkit] › e2e\10-site-profile-root.spec.js:333:3 › ACTIVE_SITE_PROFILE — the Master binding › bindMaster is read-modify-write — it cannot wipe a field it has no input for (6.1s)
  ok  150 [phone-webkit] › e2e\10-site-profile-root.spec.js:352:3 › ACTIVE_SITE_PROFILE — the Master binding › S0 GATES NOTHING — the app still boots to its normal surface (6.1s)
  ok  151 [phone-webkit] › e2e\11-event-log.spec.js:43:3 › the Event Log — folding without breaking the chain › THE REGRESSION THAT MATTERS: a v1 entry still verifies after P1 (6.0s)
  ok  152 [phone-webkit] › e2e\11-event-log.spec.js:57:3 › the Event Log — folding without breaking the chain › a new entry is v2 and carries the spec §6.3 fields (5.9s)
  ok  153 [phone-webkit] › e2e\11-event-log.spec.js:83:3 › the Event Log — folding without breaking the chain › the 25 existing 5-arg callers still work — meta is optional (5.9s)
  ok  154 [phone-webkit] › e2e\11-event-log.spec.js:97:3 › the Event Log — folding without breaking the chain › a MIXED chain — v1 then v2 — verifies end to end (6.1s)
  ok  155 [phone-webkit] › e2e\11-event-log.spec.js:112:3 › the Event Log — folding without breaking the chain › tampering with a v2-ONLY field is DETECTED — the new fields are really covered (6.0s)
  ok  156 [phone-webkit] › e2e\11-event-log.spec.js:131:3 › the Event Log — folding without breaking the chain › §4.3 — the Event Log SURVIVES a Master swap, with masterId preserving the truth-context (6.2s)
  ok  157 [phone-webkit] › e2e\11-event-log.spec.js:164:3 › the Event Log — folding without breaking the chain › the truncation marker is still unhashed, so eviction does not read as tampering (6.2s)
  ok  158 [phone-webkit] › e2e\12-blockers.spec.js:35:3 › the Blocker record — adopting what is already there › THE ONE THAT MATTERS: a pre-existing blocker is adopted, note intact (6.1s)
  ok  159 [phone-webkit] › e2e\12-blockers.spec.js:59:3 › the Blocker record — adopting what is already there › migration is IDEMPOTENT — a second boot adopts nothing (6.0s)
  ok  160 [phone-webkit] › e2e\12-blockers.spec.js:72:3 › the Blocker record — adopting what is already there › a blocker with NO note still gets a record, and says so honestly (6.0s)
  ok  161 [phone-webkit] › e2e\12-blockers.spec.js:87:3 › the Blocker record — opening and clearing › opening through the real door creates a record BEFORE the phase is blocked (6.1s)
  ok  162 [phone-webkit] › e2e\12-blockers.spec.js:110:3 › the Blocker record — opening and clearing › an open blocker writes a BLOCKER_OPENED event carrying the rack (6.6s)
  ok  163 [phone-webkit] › e2e\12-blockers.spec.js:125:3 › the Blocker record — opening and clearing › clearing records WHO cleared it and WHEN, and stops it being open (6.0s)
  ok  164 [phone-webkit] › e2e\12-blockers.spec.js:145:3 › the Blocker record — opening and clearing › clearing an unknown or already-cleared blocker returns null rather than lying (6.0s)
  ok  165 [phone-webkit] › e2e\12-blockers.spec.js:157:3 › the Blocker record — opening and clearing › the new store is CLASSIFIED for backup — an unregistered key dies at export (6.0s)
  ok  166 [phone-webkit] › e2e\13-phase-model.spec.js:41:3 › the phase model — built on the phases that already exist › steps hang beneath the EXISTING five phases, not a new vocabulary (6.0s)
  ok  167 [phone-webkit] › e2e\13-phase-model.spec.js:55:3 › the phase model — built on the phases that already exist › all four platform templates exist, per owner ruling (5.9s)
  ok  168 [phone-webkit] › e2e\13-phase-model.spec.js:65:3 › the phase model — built on the phases that already exist › PROVENANCE: the model says SITE_TEMPLATE and never claims the Master specified it (6.0s)
  ok  169 [phone-webkit] › e2e\13-phase-model.spec.js:74:3 › the phase model — built on the phases that already exist › the seeded step text is HONESTLY a placeholder, not invented procedure (6.1s)
  ok  170 [phone-webkit] › e2e\13-phase-model.spec.js:90:3 › the step state machine (spec §6.2) › states are the four named ones — no booleans (6.2s)
  ok  171 [phone-webkit] › e2e\13-phase-model.spec.js:96:3 › the step state machine (spec §6.2) › a normal transition moves the step and says where it came from (6.2s)
  ok  172 [phone-webkit] › e2e\13-phase-model.spec.js:106:3 › the step state machine (spec §6.2) › THE INVARIANT: BLOCKED without a Blocker record is REJECTED, not written (5.9s)
  ok  173 [phone-webkit] › e2e\13-phase-model.spec.js:121:3 › the step state machine (spec §6.2) › BLOCKED with a real record is accepted and links to it (5.7s)
  ok  174 [phone-webkit] › e2e\13-phase-model.spec.js:134:3 › the step state machine (spec §6.2) › clearing a block returns the step to IN_PROGRESS and CLOSES the record (6.0s)
  ok  175 [phone-webkit] › e2e\13-phase-model.spec.js:150:3 › the step state machine (spec §6.2) › COMPLETE credits the ACTOR from the profile (5.8s)
  ok  176 [phone-webkit] › e2e\13-phase-model.spec.js:159:3 › the step state machine (spec §6.2) › an unknown state is rejected rather than stored (6.1s)
  ok  177 [phone-webkit] › e2e\13-phase-model.spec.js:167:3 › the step state machine (spec §6.2) › every transition writes a STEP_STATE_CHANGE event carrying rack and step (6.1s)
  ok  178 [phone-webkit] › e2e\13-phase-model.spec.js:182:3 › the step state machine (spec §6.2) › the model store is CLASSIFIED for backup (6.0s)
  ok  179 [phone-webkit] › e2e\14-master-staging.spec.js:30:3 › validation summary — counts only, never a verdict about the floor › counts racks, hosts and cables from the candidate (5.8s)
  ok  180 [phone-webkit] › e2e\14-master-staging.spec.js:38:3 › validation summary — counts only, never a verdict about the floor › ZERO HOSTS warns and stays activatable — a cabled unprovisioned row is legitimate (6.1s)
  ok  181 [phone-webkit] › e2e\14-master-staging.spec.js:50:3 › validation summary — counts only, never a verdict about the floor › a Master with no readable racks is NOT ok (6.0s)
  ok  182 [phone-webkit] › e2e\14-master-staging.spec.js:57:3 › validation summary — counts only, never a verdict about the floor › an empty required sheet is surfaced in the summary (6.2s)
  ok  183 [phone-webkit] › e2e\14-master-staging.spec.js:67:3 › staging — a candidate never participates in the UI › staging does NOT make a candidate active (6.1s)
  ok  184 [phone-webkit] › e2e\14-master-staging.spec.js:84:3 › staging — a candidate never participates in the UI › THE HARD GUARANTEE: discarding leaves the current site completely unchanged (6.1s)
  ok  185 [phone-webkit] › e2e\14-master-staging.spec.js:98:3 › staging — a candidate never participates in the UI › activateStaged is the ONLY way a candidate becomes active, and it binds the profile (6.0s)
  ok  186 [phone-webkit] › e2e\14-master-staging.spec.js:122:3 › staging — a candidate never participates in the UI › activating with nothing staged does not invent a Master (6.1s)
  ok  187 [phone-webkit] › e2e\14-master-staging.spec.js:131:3 › the restore path — RECOVERY ONLY, never a door into a running app › restore hands control back to the boot state machine instead of asking the operator to (6.1s)
  ok  188 [phone-webkit] › e2e\14-master-staging.spec.js:148:3 › the restore path — RECOVERY ONLY, never a door into a running app › a boot after a restored snapshot ends with memory and storage AGREEING (7.2s)
  ok  189 [phone-webkit] › e2e\14-master-staging.spec.js:184:3 › the identity split reaches the assistant context › the context block names authority and actor DISTINCTLY (5.9s)
  ok  190 [phone-webkit] › e2e\15-dual-source-master.spec.js:47:3 › the Master has TWO sources of component identity › SITE-HOSTS still parses — the canonical source is untouched (6.1s)
  ok  191 [phone-webkit] › e2e\15-dual-source-master.spec.js:57:3 › the Master has TWO sources of component identity › THE DEFECT: a CUTSHEET-only cabinet resolves its real inventory (6.1s)
  ok  192 [phone-webkit] › e2e\15-dual-source-master.spec.js:67:3 › the Master has TWO sources of component identity › the nine GPU-B300 nodes land at their explicit RUs (5.9s)
  ok  193 [phone-webkit] › e2e\15-dual-source-master.spec.js:80:3 › the Master has TWO sources of component identity › NOTHING IS DOUBLE-COUNTED — SITE-HOSTS wins where both sources describe a U (6.0s)
  ok  194 [phone-webkit] › e2e\15-dual-source-master.spec.js:95:3 › the Master has TWO sources of component identity › source coverage is reported SEPARATELY, never as one "0 hosts" summary (6.0s)
  ok  195 [phone-webkit] › e2e\15-dual-source-master.spec.js:106:3 › the Master has TWO sources of component identity › BUILD AND FORGE READ THE SAME INVENTORY — through one elevation door (6.0s)
  ok  196 [phone-webkit] › e2e\15-dual-source-master.spec.js:123:3 › the Master has TWO sources of component identity › SAVE AND RELOAD PRESERVE THE SAME RESULT (7.2s)
  ok  197 [phone-webkit] › e2e\16-normalization-migration.spec.js:104:3 › a stored Master rebuilds itself when the normalizer moves on › THE FAILED DEVICE VERIFY: a v1 payload restores as 0 components, then migrates to 19 (8.7s)
  ok  198 [phone-webkit] › e2e\16-normalization-migration.spec.js:120:3 › a stored Master rebuilds itself when the normalizer moves on › the rebuilt inventory is the RIGHT inventory, not just the right count (8.9s)
  ok  199 [phone-webkit] › e2e\16-normalization-migration.spec.js:134:3 › a stored Master rebuilds itself when the normalizer moves on › SITE-HOSTS racks are NOT padded and NOT double-counted by the migration (8.8s)
  ok  200 [phone-webkit] › e2e\16-normalization-migration.spec.js:146:3 › a stored Master rebuilds itself when the normalizer moves on › THE UPGRADE IS PERSISTED — it is not re-derived in memory every boot (8.8s)
  ok  201 [phone-webkit] › e2e\16-normalization-migration.spec.js:155:3 › a stored Master rebuilds itself when the normalizer moves on › THE ROUND TRIP KEEPS IDENTITY AND CABLES — re-saving a restored Master loses nothing (8.9s)
  ok  202 [phone-webkit] › e2e\16-normalization-migration.spec.js:168:3 › a stored Master rebuilds itself when the normalizer moves on › IDEMPOTENT: a second boot re-reads, it does not re-apply (11.3s)
  ok  203 [phone-webkit] › e2e\16-normalization-migration.spec.js:183:3 › a stored Master rebuilds itself when the normalizer moves on › a Master with no cables retained says so instead of silently doing nothing (8.3s)
  ok  204 [phone-webkit] › e2e\17-reimport-idempotence.spec.js:77:3 › re-importing the same Master is a no-op that loses nothing › THE COUNTS ARE IDENTICAL — the parse is idempotent over the same bytes (6.0s)
  ok  205 [phone-webkit] › e2e\17-reimport-idempotence.spec.js:95:3 › re-importing the same Master is a no-op that loses nothing › MERGE, NEVER OVERWRITE — hand-entered data survives a Master replace (Law 11) (6.9s)
  ok  206 [phone-webkit] › e2e\17-reimport-idempotence.spec.js:113:3 › re-importing the same Master is a no-op that loses nothing › A FRESH IMPORT STAMPS normVersion — the boot migration finds nothing to do (8.8s)
  ok  207 [phone-webkit] › e2e\18-tap-window-and-crash-banner.spec.js:75:3 › the 340ms tap window and the crash banner › AT REST the scene-utils buttons are real, tappable controls (9.8s)
  ok  208 [phone-webkit] › e2e\18-tap-window-and-crash-banner.spec.js:88:3 › the 340ms tap window and the crash banner › THE TAP WINDOW: with an overlay open, the buttons are NOT tappable — for every overlay (25.2s)
  ok  209 [phone-webkit] › e2e\18-tap-window-and-crash-banner.spec.js:132:3 › the 340ms tap window and the crash banner › the guard is GEOMETRY-INDEPENDENT — it holds even with the overlay parked off-screen (10.2s)
[18] 1 cross-origin AI-proxy probe error(s) filtered and reported, not allowlisted.
  ok  210 [phone-webkit] › e2e\18-tap-window-and-crash-banner.spec.js:154:3 › the 340ms tap window and the crash banner › ITEM 14 — a normal session raises NO crash banner (23.7s)
[18] legacy: 1 cross-origin AI-proxy probe error(s) filtered and reported.
  ok  211 [phone-webkit] › e2e\18-tap-window-and-crash-banner.spec.js:189:3 › the 340ms tap window and the crash banner › ITEM 14, legacy half — ?legacy=1 walks clean with no uncaught errors (7.1s)
[19] 2 sheet(s) · 211 declared · 135 referenced · 3 inline · 5 set by JS · 0 unreadable · 3 DEAD
  x   212 [phone-webkit] › e2e\19-design-tokens-and-picker.spec.js:24:3 › the design-system substrate and the loadout picker › EVERY design token referenced in CSS is actually declared somewhere (6.6s)
(node:13712) Warning: The 'NO_COLOR' env is ignored due to the 'FORCE_COLOR' env being set.
(Use `node --trace-warnings ...` to show where the warning was created)
[19] #forge3d-sheet tokens present: --fbg, --cyan, --vio, --teal, --gold, --ink, --dim, --forge-tap, --forge-glow, --forge-gutter, --forge-row-h, --forge-pad-x, --forge-gap
  ok  213 [phone-webkit] › e2e\19-design-tokens-and-picker.spec.js:125:3 › the design-system substrate and the loadout picker › the FORGE token block specifically survives parsing — the .237 swallowed-rule guard (6.5s)
[19] loadout count 5/5 SELECTED -> 4/5 SELECTED
  ok  214 [phone-webkit] › e2e\19-design-tokens-and-picker.spec.js:152:3 › the design-system substrate and the loadout picker › THE LOADOUT PICKER OPENS AND PICKS (.411) (30.8s)
  ok  215 [phone-webkit] › e2e\20-vocabulary.spec.js:35:3 › the one colour vocabulary › typeOf maps every raw code to its display key (5.6s)
  ok  216 [phone-webkit] › e2e\20-vocabulary.spec.js:41:3 › the one colour vocabulary › typeOf is IDEMPOTENT — normalising twice never erases a device class (5.9s)
  ok  217 [phone-webkit] › e2e\20-vocabulary.spec.js:53:3 › the one colour vocabulary › an unmapped code is UNKNOWN, never BLANK (5.8s)
[20] accent-coloured 8/11 · bay values: {"gpu":"#28e0ff","sw":"#8a4bff","pwr":"#ffcb45","patch":"#1fffd0","stor":"#ff7bd0","cpu":"#7fd0ff","server":"#7fd0ff","cdu":"#30d158","fw":"#8a4bff","media":"#7d93a4","other":"#ff2bd6"}
  ok  218 [phone-webkit] › e2e\20-vocabulary.spec.js:67:3 › the one colour vocabulary › THE POINT: the flat elevation now paints 8 of 11 codes, and the RIGHT colours (5.9s)
  ok  219 [phone-webkit] › e2e\20-vocabulary.spec.js:119:3 › the one colour vocabulary › ⛔ RULE 17 — ?legacy=1 still emits the RAW code, so that house is unchanged (5.0s)
  ok  220 [phone-webkit] › e2e\20-vocabulary.spec.js:142:3 › the one colour vocabulary › the redesign house DOES emit normalised keys — the other half of the same guard (5.8s)
  ok  221 [phone-webkit] › e2e\21-first-run-gate.spec.js:36:3 › the first-run gate › THE GATE IS WIRED INTO BOOT — it is not a surface waiting for a door (6.2s)
  ok  222 [phone-webkit] › e2e\21-first-run-gate.spec.js:44:3 › the first-run gate › SITE LEAD exists on the gate and DEFAULTS to the operator name (8.0s)
  ok  223 [phone-webkit] › e2e\21-first-run-gate.spec.js:63:3 › the first-run gate › SITE LEAD is independent of the operator — authority is not the actor (7.2s)
  ok  224 [phone-webkit] › e2e\21-first-run-gate.spec.js:77:3 › the first-run gate › THE MASTER STEP exists and uses the ONE door (§4.2, no second write path) (7.2s)
  ok  225 [phone-webkit] › e2e\21-first-run-gate.spec.js:90:3 › the first-run gate › the Master line is HONEST when nothing is loaded (6.1s)
  ok  226 [phone-webkit] › e2e\21-first-run-gate.spec.js:99:3 › the first-run gate › the Master line REPORTS what is loaded, from the Master itself (6.1s)
  ok  227 [phone-webkit] › e2e\21-first-run-gate.spec.js:117:3 › the first-run gate › ⛔ RULE 17 — the legacy branch has no Site Lead field, and confirm still works there (6.7s)
  ok  228 [phone-webkit] › e2e\21-first-run-gate.spec.js:139:3 › the first-run gate › the v1.6.70 backfill is UNCHANGED — existing devices are never re-prompted (6.0s)
  ok  229 [phone-webkit] › e2e\21-first-run-gate.spec.js:153:3 › the first-run gate › the reverted flow left nothing behind (6.0s)
  ok  230 [phone-webkit] › e2e\22-data-contract.spec.js:38:3 › the data contract — callers pass a rackId › I8 — _resolve takes an ID and returns the contract shape (6.0s)
  ok  231 [phone-webkit] › e2e\22-data-contract.spec.js:54:3 › the data contract — callers pass a rackId › I9 — no RAW code survives the resolver, checked against the vocabulary itself (5.9s)
  ok  232 [phone-webkit] › e2e\22-data-contract.spec.js:64:3 › the data contract — callers pass a rackId › normalising twice is a no-op — the resolver and the .429 writer can both run (5.9s)
  ok  233 [phone-webkit] › e2e\22-data-contract.spec.js:72:3 › the data contract — callers pass a rackId › R-06 — an EMPTY rack and an UNKNOWN rack are different answers (5.9s)
  ok  234 [phone-webkit] › e2e\22-data-contract.spec.js:87:3 › the data contract — callers pass a rackId › ⛔ .elevation is NEVER undefined — on any path (6.3s)
  ok  235 [phone-webkit] › e2e\22-data-contract.spec.js:99:3 › the data contract — callers pass a rackId › THE RESHAPE DIVERGENCE IS GONE — master_renderHit asks for an id like everyone else (5.9s)
  ok  236 [phone-webkit] › e2e\22-data-contract.spec.js:106:3 › the data contract — callers pass a rackId › the resolver WRAPS the canonical shaper rather than re-implementing it (6.0s)
  ok  237 [phone-webkit] › e2e\22-data-contract.spec.js:116:3 › the data contract — callers pass a rackId › the routed call sites still render — the Command hero resolves by id (6.0s)
  ok  238 [phone-webkit] › e2e\23-reclaim-barrier.spec.js:32:3 › the reclaim barrier › with no barrier armed, an acquisition proceeds IMMEDIATELY (6.0s)
  ok  239 [phone-webkit] › e2e\23-reclaim-barrier.spec.js:47:3 › the reclaim barrier › once armed, an acquisition is DEFERRED and then runs on its own (7.9s)
  ok  240 [phone-webkit] › e2e\23-reclaim-barrier.spec.js:69:3 › the reclaim barrier › ⛔ ONLY ONE PENDING ACQUISITION — rapid navigation collapses to the LAST request (7.5s)
  ok  241 [phone-webkit] › e2e\23-reclaim-barrier.spec.js:95:3 › the reclaim barrier › the barrier takes TWO frames, not one — a single rAF can land in the same frame (8.4s)
  ok  242 [phone-webkit] › e2e\23-reclaim-barrier.spec.js:115:3 › the reclaim barrier › releaseOthers REPORTS how many it released — the arm condition depends on it (6.3s)
  ok  243 [phone-webkit] › e2e\23-reclaim-barrier.spec.js:133:3 › the reclaim barrier › BOTH renderers release BEFORE they acquire — the ordering, asserted from source (6.0s)
  ok  244 [phone-webkit] › e2e\23-reclaim-barrier.spec.js:150:3 › the reclaim barrier › the barrier cannot deadlock a deferred acquisition (6.1s)
  ok  245 [phone-webkit] › e2e\24-flat-path-and-attach.spec.js:42:3 › the flat path, demotion, and the door › 3a — a rack renders FLAT with no GL context at all (I7) (7.2s)
  ok  246 [phone-webkit] › e2e\24-flat-path-and-attach.spec.js:60:3 › the flat path, demotion, and the door › 3b — attach creates a FLAT attachment and the census says which rack and which mode (6.6s)
  ok  247 [phone-webkit] › e2e\24-flat-path-and-attach.spec.js:78:3 › the flat path, demotion, and the door › I2 — attach is IDEMPOTENT per host: same rackId returns the same attachment, no rebuild (6.5s)
  ok  248 [phone-webkit] › e2e\24-flat-path-and-attach.spec.js:100:3 › the flat path, demotion, and the door › I2 — update() on a FLAT attachment re-renders and allocates NOTHING (7.5s)
  ok  249 [phone-webkit] › e2e\24-flat-path-and-attach.spec.js:117:3 › the flat path, demotion, and the door › §5 — DEMOTION IS NOT DISPOSAL: the surface keeps rendering and stays in the census (6.3s)
  ok  250 [phone-webkit] › e2e\24-flat-path-and-attach.spec.js:146:3 › the flat path, demotion, and the door › §5 — promote goes through the BARRIER, never around it (8.0s)
  ok  251 [phone-webkit] › e2e\24-flat-path-and-attach.spec.js:162:3 › the flat path, demotion, and the door › ⛔ promote with no reacquire REFUSES VISIBLY rather than pretending (6.1s)
  ok  252 [phone-webkit] › e2e\24-flat-path-and-attach.spec.js:177:3 › the flat path, demotion, and the door › ⛔ THE REFUSALS — what 3a/3b deliberately do NOT do (5.9s)
  ok  253 [phone-webkit] › e2e\25-continue-work.spec.js:57:3 › one mode, one Build › THE FIX: Home continue-work and the BUILD tab land on the SAME surface (13.6s)
  ok  254 [phone-webkit] › e2e\25-continue-work.spec.js:79:3 › one mode, one Build › the primary CTA on Home is wired to continue-work, not the deploy list (5.4s)
  ok  255 [phone-webkit] › e2e\25-continue-work.spec.js:90:3 › one mode, one Build › ⛔ MANAGE-DEPLOYMENTS doors are UNTOUCHED — intent decides the door (6.0s)
  ok  256 [phone-webkit] › e2e\25-continue-work.spec.js:102:3 › one mode, one Build › the deploy list is still REACHABLE and still works (9.0s)
  ok  257 [phone-webkit] › e2e\25-continue-work.spec.js:112:3 › one mode, one Build › continue-work fails LOUDLY if the mode cannot open (6.1s)
  ok  258 [phone-webkit] › e2e\26-rack-detail-surface.spec.js:54:3 › a rack detail brings its own surface › ⛔ FROM HOME: the phase dock never floats over the Command page (8.5s)
  ok  259 [phone-webkit] › e2e\26-rack-detail-surface.spec.js:78:3 › a rack detail brings its own surface › FROM THE DEPLOY PANEL: the coherent path is unchanged (10.6s)
  ok  260 [phone-webkit] › e2e\26-rack-detail-surface.spec.js:91:3 › a rack detail brings its own surface › the guard ensures the PAGE, not just the panel — and only when needed (5.5s)
  ok  261 [phone-webkit] › e2e\26-rack-detail-surface.spec.js:100:3 › a rack detail brings its own surface › both deploy detail doors share the guard — fixing it fixed every caller (5.9s)
  ok  262 [phone-webkit] › e2e\27-rack-capabilities-in-build.spec.js:45:3 › the rack capabilities live in Build › ASSIGN, QR and LOG NOTE are reachable from the operational centre (9.1s)
  ok  263 [phone-webkit] › e2e\27-rack-capabilities-in-build.spec.js:59:3 › the rack capabilities live in Build › ⛔ THEY ARE THE SAME DOORS, not copies — and all three are reachable (5.5s)
  ok  264 [phone-webkit] › e2e\27-rack-capabilities-in-build.spec.js:74:3 › the rack capabilities live in Build › Contract 14 — with no rack resolved the buttons are ABSENT, not dead (7.0s)
  ok  265 [phone-webkit] › e2e\27-rack-capabilities-in-build.spec.js:86:3 › the rack capabilities live in Build › ADDITIVE — the rack detail still works and still has its own buttons (7.2s)
  ok  266 [phone-webkit] › e2e\27-rack-capabilities-in-build.spec.js:101:3 › the rack capabilities live in Build › the new buttons fail LOUDLY if a door goes missing (5.6s)
  ok  267 [phone-webkit] › e2e\27-rack-capabilities-in-build.spec.js:135:3 › the rack capabilities live in Build › ⛔ ASSIGN from Build lands back on BUILD, not on the rack detail (9.1s)
  ok  268 [phone-webkit] › e2e\27-rack-capabilities-in-build.spec.js:146:3 › the rack capabilities live in Build › the rack detail keeps its own landing — the default surface is unchanged (8.7s)
  ok  269 [phone-webkit] › e2e\27-rack-capabilities-in-build.spec.js:165:3 › the rack capabilities live in Build › Contract 14 — an unknown surface says so and still lands somewhere (4.9s)
  ok  270 [phone-webkit] › e2e\28-phase-card-builder.spec.js:62:3 › the phase card builder › it is reachable at page scope — the IIFE-scope trap that has bitten this file (5.5s)
  ok  271 [phone-webkit] › e2e\28-phase-card-builder.spec.js:72:3 › the phase card builder › every branch of the loop still emits — the lift did not drop a status (6.0s)
  ok  272 [phone-webkit] › e2e\28-phase-card-builder.spec.js:86:3 › the phase card builder › the ungated START branch still emits — the one the first seed cannot reach (6.0s)
  ok  273 [phone-webkit] › e2e\28-phase-card-builder.spec.js:99:3 › the phase card builder › ⛔ NO ACTION STILL HARDCODES THE RACK DETAIL (6.1s)
  ok  274 [phone-webkit] › e2e\28-phase-card-builder.spec.js:110:3 › the phase card builder › the cards carry the CALLER'S surface through every hop (6.2s)
  ok  275 [phone-webkit] › e2e\28-phase-card-builder.spec.js:127:3 › the phase card builder › the stale badge carries the surface three hops to FLAG FOR RE-VERIFY (6.0s)
  ok  276 [phone-webkit] › e2e\28-phase-card-builder.spec.js:150:3 › the phase card builder › the async legs store the surface — a closure would not survive the modal (6.0s)
  ok  277 [phone-webkit] › e2e\28-phase-card-builder.spec.js:167:3 › the phase card builder › COMPLETE actually lands on the surface it was tapped from (9.1s)
  ok  278 [phone-webkit] › e2e\28-phase-card-builder.spec.js:192:3 › the phase card builder › the rack detail is unchanged — the lift is behaviour-preserving (7.3s)
  ok  279 [phone-webkit] › e2e\29-context-follows-surface.spec.js:72:3 › the one WebGL context follows the visible surface › ⛔ THE RACK DETAIL DRAWS — it held an empty 60vh box before .441 (14.5s)
  ok  280 [phone-webkit] › e2e\29-context-follows-surface.spec.js:92:3 › the one WebGL context follows the visible surface › the context comes BACK to Build on return (18.0s)
  ok  281 [phone-webkit] › e2e\29-context-follows-surface.spec.js:109:3 › the one WebGL context follows the visible surface › Contract A6 — exactly one live context, on every surface (18.4s)
  ok  282 [phone-webkit] › e2e\29-context-follows-surface.spec.js:128:3 › the one WebGL context follows the visible surface › the deferral is stated, never silent (12.5s)
  x   283 [phone-webkit] › e2e\30-rack-above-the-fold.spec.js:79:3 › the rack is on screen in Field Mode › ⛔ THE RACK IS VISIBLE WITHOUT SCROLLING (12.8s)
(node:10464) Warning: The 'NO_COLOR' env is ignored due to the 'FORCE_COLOR' env being set.
(Use `node --trace-warnings ...` to show where the warning was created)
  ok  284 [phone-webkit] › e2e\30-rack-above-the-fold.spec.js:91:3 › the rack is on screen in Field Mode › the controls moved BELOW the rack — and every one of them still ships (12.0s)
  ok  285 [phone-webkit] › e2e\30-rack-above-the-fold.spec.js:105:3 › the rack is on screen in Field Mode › OPEN AISLE and the rack identity stay above the fold (12.1s)
  ok  286 [phone-webkit] › e2e\30-rack-above-the-fold.spec.js:124:3 › the rack is on screen in Field Mode › Rule 1 — nothing pushes the viewport past 100vw (11.0s)
  ok  287 [phone-webkit] › e2e\31-renderer-data-honesty.spec.js:83:3 › the renderer does not invent state › ⛔ NO RANDOMNESS DECIDES WHAT A DEVICE FAMILY DRAWS (5.6s)
  ok  288 [phone-webkit] › e2e\31-renderer-data-honesty.spec.js:104:3 › the renderer does not invent state › a re-render neither duplicates nor loses rack geometry (19.0s)
  ok  289 [phone-webkit] › e2e\31-renderer-data-honesty.spec.js:154:3 › the renderer does not invent state › no LED blinks — a blink is an activity claim (5.9s)
  ok  290 [phone-webkit] › e2e\31-renderer-data-honesty.spec.js:163:3 › the renderer does not invent state › state colours are not used decoratively on device LEDs (6.1s)
  ok  291 [phone-webkit] › e2e\32-lod-and-resource-stress.spec.js:62:3 › LOD tiers hold and surfaces do not leak › the LOD ladder is intact — selected, neighbours, pads, background (6.3s)
  ok  292 [phone-webkit] › e2e\32-lod-and-resource-stress.spec.js:75:3 › LOD tiers hold and surfaces do not leak › ⛔ THE THREE-WAY CYCLE DOES NOT LEAK A CONTEXT OR A CANVAS (58.1s)
  ok  293 [phone-webkit] › e2e\32-lod-and-resource-stress.spec.js:108:3 › LOD tiers hold and surfaces do not leak › every surface still renders after the cycle — no silent blank (28.6s)
  ok  294 [phone-webkit] › e2e\33-cdu-is-cooling.spec.js:48:3 › a CDU is cooling, not power › ⛔ THE VOCABULARY CLASSIFIES CDU AS ITS OWN CHANNEL (5.7s)
  ok  295 [phone-webkit] › e2e\33-cdu-is-cooling.spec.js:71:3 › a CDU is cooling, not power › a CDU tallies as COOLING, where it used to fall through to OTHER (6.1s)
  ok  296 [phone-webkit] › e2e\33-cdu-is-cooling.spec.js:85:3 › a CDU is cooling, not power › the CDU carries NO status light — its identity is form, not telemetry (6.3s)
  ok  297 [phone-webkit] › e2e\33-cdu-is-cooling.spec.js:99:3 › a CDU is cooling, not power › nothing was faked in the data to achieve the reclassification (6.2s)
  ok  298 [phone-webkit] › e2e\34-plumbing-needs-a-source.spec.js:62:3 › coolant plumbing needs a source › ⛔ AN AIR-COOLED RACK GETS NO COOLANT PLUMBING (6.1s)
  ok  299 [phone-webkit] › e2e\34-plumbing-needs-a-source.spec.js:82:3 › coolant plumbing needs a source › a rack that DECLARES a CDU still gets its plumbing (6.1s)
  ok  300 [phone-webkit] › e2e\34-plumbing-needs-a-source.spec.js:96:3 › coolant plumbing needs a source › structure stays unconditional — bus bars, cable arms and the rear door (5.9s)
  ok  301 [phone-webkit] › e2e\35-forge-parity.spec.js:77:3 › Forge parity › ⛔ THE AISLE DRAWS REAL RACK GEOMETRY, NOT A PHOTOGRAPH (19.6s)
  ok  302 [phone-webkit] › e2e\35-forge-parity.spec.js:142:3 › Forge parity › the focused rack matches Build — count, RU positions, families, CDU (16.7s)
  ok  303 [phone-webkit] › e2e\35-forge-parity.spec.js:172:3 › Forge parity › STRESS: Build → Forge → 10+ racks → Build → Forge accumulates nothing (30.2s)
  ok  304 [phone-webkit] › e2e\36-forge-rack-centric.spec.js:85:3 › Forge is rack-centric › ⛔ LOCKED IS THE DEFAULT — a drag does not move the camera (33.0s)
  ok  305 [phone-webkit] › e2e\36-forge-rack-centric.spec.js:123:3 › Forge is rack-centric › WALK AISLE is an explicit mode, and it frees the camera (21.1s)
  ok  306 [phone-webkit] › e2e\36-forge-rack-centric.spec.js:148:3 › Forge is rack-centric › leaving WALK snaps back to the canonical rack framing (26.6s)
  ok  307 [phone-webkit] › e2e\36-forge-rack-centric.spec.js:193:3 › Forge is rack-centric › ⛔ camera-lock is NOT exposed as a setting (3.5s)
  ok  308 [phone-webkit] › e2e\37-locked-rack-pose.spec.js:108:3 › Locked rack mode is a canonical front elevation › ⛔ the locked pose is square to the rack — zero yaw, zero pitch, zero roll (16.0s)
  ok  309 [phone-webkit] › e2e\37-locked-rack-pose.spec.js:125:3 › Locked rack mode is a canonical front elevation › the frame is an inspection view, centred on the USABLE rect and not the raw canvas (15.2s)
  ok  310 [phone-webkit] › e2e\37-locked-rack-pose.spec.js:141:3 › Locked rack mode is a canonical front elevation › ⭐ every rack lands on the SAME pose relative to itself, and the walk returns exactly (2.6m)
  ok  311 [phone-webkit] › e2e\37-locked-rack-pose.spec.js:179:3 › Locked rack mode is a canonical front elevation › leaving WALK AISLE returns to a pose identical to selecting that rack normally (59.3s)
  ok  312 [phone-webkit] › e2e\38-context-engine.spec.js:29:3 › Context engine › ⛔ the honesty guard is always first and is never dropped (3.7s)
  ok  313 [phone-webkit] › e2e\38-context-engine.spec.js:44:3 › Context engine › ⛔ the token budget holds, and truncation happens at line boundaries (3.9s)
  ok  314 [phone-webkit] › e2e\38-context-engine.spec.js:61:3 › Context engine › ⛔ CHANGE has no path, and READ is asserted at the choke point (3.9s)
  ok  315 [phone-webkit] › e2e\38-context-engine.spec.js:76:3 › Context engine › unknown fields are ABSENT, not blank-stubbed (3.8s)
  ok  316 [phone-webkit] › e2e\38-context-engine.spec.js:93:3 › Context engine › ⛔ placeholder step text never reaches the model (3.7s)
  ok  317 [phone-webkit] › e2e\38-context-engine.spec.js:110:3 › Context engine › the JobState field registry carries a source for every field, and sources never ship to the model (3.9s)
  ok  318 [phone-webkit] › e2e\38-context-engine.spec.js:129:3 › Context engine › ⛔ no AI call site still bypasses the choke point (3.8s)
  ok  319 [phone-webkit] › e2e\39-sw-update-path.spec.js:24:3 › SW update path — structure › ⛔ install must NOT skipWaiting, and a message handler must exist to promote on demand (4.0s)
  ok  320 [phone-webkit] › e2e\39-sw-update-path.spec.js:45:3 › SW update path — structure › ⛔ exactly one controllerchange reaction, and exactly one activation door (3.8s)
  ok  321 [phone-webkit] › e2e\39-sw-update-path.spec.js:62:3 › SW update path — structure › navigations and version.json must not be answerable from a stale cache (3.8s)
  ok  322 [phone-webkit] › e2e\39-sw-update-path.spec.js:81:3 › SW update path — behaviour › ⛔ the badge is honest: it cannot claim an update with no worker waiting (4.0s)
  ok  323 [phone-webkit] › e2e\39-sw-update-path.spec.js:102:3 › SW update path — behaviour › the diagnostic reports the lifecycle position rather than requiring a console (3.8s)
  ok  324 [phone-webkit] › e2e\39-sw-update-path.spec.js:111:3 › SW update path — behaviour › an activation attempt with nothing to promote FAILS LOUDLY and restores the control (5.4s)
  ok  325 [phone-webkit] › e2e\39-sw-update-path.spec.js:131:3 › SW update path — behaviour › ⛔ operational data is never touched by an update attempt (5.3s)
  ok  326 [phone-webkit] › e2e\40-shift-door.spec.js:41:3 › SHIFT door › ⛔ the shift control is REACHABLE on Command, not merely present (5.3s)
  ok  327 [phone-webkit] › e2e\40-shift-door.spec.js:58:3 › SHIFT door › one tap opens the shift sheet, and every control in it clears the gloved floor (5.6s)
  ok  328 [phone-webkit] › e2e\40-shift-door.spec.js:82:3 › SHIFT door › the row states shift honestly when unset, and invents nothing (5.1s)
  ok  329 [phone-webkit] › e2e\40-shift-door.spec.js:95:3 › SHIFT door › ⛔ the door did not push the deck past the viewport (4.9s)
  ok  330 [phone-webkit] › e2e\41-continue-not-silent.spec.js:57:3 › Build CONTINUE › the reported state renders, and CONTINUE is a live, hit-testable control (8.1s)
  ok  331 [phone-webkit] › e2e\41-continue-not-silent.spec.js:87:3 › Build CONTINUE › one tap enters the rack workflow and the render lands somewhere VISIBLE (9.2s)
  ok  332 [phone-webkit] › e2e\41-continue-not-silent.spec.js:114:3 › Build CONTINUE › ⛔ with no host, CONTINUE reports the failure instead of swallowing it (8.4s)
  ok  333 [phone-webkit] › e2e\42-paste-classifier.spec.js:30:3 › paste classifier › identifies each real format from shape alone (3.3s)
  ok  334 [phone-webkit] › e2e\42-paste-classifier.spec.js:44:3 › paste classifier › ⭐ real pastes are not refused for being messy (4.0s)
  ok  335 [phone-webkit] › e2e\42-paste-classifier.spec.js:84:3 › paste classifier › ⛔ ambiguous and unrecognisable input returns unknown, never a guess (5.1s)
  ok  336 [phone-webkit] › e2e\42-paste-classifier.spec.js:174:3 › paste classifier › ⛔ CSV-vs-CSV does not collide — the real ambiguity in this set (3.8s)
  ok  337 [phone-webkit] › e2e\42-paste-classifier.spec.js:184:3 › paste classifier › every verdict except unknown has a routing target (3.9s)
  ok  338 [phone-webkit] › e2e\42-paste-classifier.spec.js:208:3 › paste classifier › bounded input cannot change a verdict (18.1s)
  ok  339 [phone-webkit] › e2e\43-paste-door.spec.js:23:3 › paste door › ⛔ the PASTE row is reachable on Work (7.1s)
  ok  340 [phone-webkit] › e2e\43-paste-door.spec.js:47:3 › paste door › ⛔ tapping the row actually opens the sheet (9.8s)
  ok  341 [phone-webkit] › e2e\43-paste-door.spec.js:64:3 › paste door › the sheet opens with an empty, honest zero state (5.5s)
  ok  342 [phone-webkit] › e2e\43-paste-door.spec.js:85:3 › paste door › a recognised paste names the format and offers exactly one route (5.9s)
  ok  343 [phone-webkit] › e2e\43-paste-door.spec.js:105:3 › paste door › ⛔ an unrecognised paste says so and offers the doors (6.3s)
  ok  344 [phone-webkit] › e2e\43-paste-door.spec.js:133:3 › paste door › ⛔ every offered route is a real door, and unknown routes nowhere (5.8s)
  ok  345 [phone-webkit] › e2e\43-paste-door.spec.js:157:3 › paste door › ⛔ a tap cannot silently do nothing before routing is wired (6.3s)
  ok  346 [phone-webkit] › e2e\43-paste-door.spec.js:189:3 › paste routing › routing lands in the target tool WITH the text (7.3s)
  ok  347 [phone-webkit] › e2e\43-paste-door.spec.js:208:3 › paste routing › ⛔ a route that cannot complete says so instead of losing the paste (5.8s)
  ok  348 [phone-webkit] › e2e\43-paste-door.spec.js:226:3 › paste routing › ⛔ EDP declines without a deployment, and the sheet keeps the text (6.2s)
  ok  349 [phone-webkit] › e2e\43-paste-door.spec.js:257:3 › paste routing › ⛔ overwriting a box that already had text is stated, not silent (8.2s)
  ok  350 [phone-webkit] › e2e\43-paste-door.spec.js:281:3 › paste routing › ⛔ routing an unknown verdict is refused, not guessed (6.3s)
  ok  351 [phone-webkit] › e2e\44-tool-reachability.spec.js:54:3 › ops tool reachability › ⛔ all nine tools are reachable, and none has two doors (6.2s)
  x   352 [phone-webkit] › e2e\44-tool-reachability.spec.js:69:3 › ops tool reachability › the tool row meets the gloved floor (6.7s)
(node:28652) Warning: The 'NO_COLOR' env is ignored due to the 'FORCE_COLOR' env being set.
(Use `node --trace-warnings ...` to show where the warning was created)
  ok  353 [phone-webkit] › e2e\44-tool-reachability.spec.js:79:3 › ops tool reachability › ⛔ the retired banner stack is gone, not merely hidden (5.9s)
(node:13356) Warning: The 'NO_COLOR' env is ignored due to the 'FORCE_COLOR' env being set.
(Use `node --trace-warnings ...` to show where the warning was created)
  ok  354 [tablet-webkit] › e2e\00-boot.spec.js:7:3 › cold boot › enters past the splash into the redesign shell (2.7s)
  ok  355 [tablet-webkit] › e2e\00-boot.spec.js:18:3 › cold boot › boots with no uncaught exception and no console error (2.4s)
  ok  356 [tablet-webkit] › e2e\00-boot.spec.js:25:3 › cold boot › serves the same version the working tree carries (2.3s)
  ok  357 [tablet-webkit] › e2e\00-boot.spec.js:31:3 › cold boot › the shell does not overflow horizontally (2.6s)
  ok  358 [tablet-webkit] › e2e\01-nav.spec.js:79:3 › bottom nav — structure › the nav pins the pre-M4 shape: three slots plus EXIT (R-02 replaces this at M4) (2.4s)
  ok  359 [tablet-webkit] › e2e\01-nav.spec.js:102:3 › bottom nav — structure › every nav control meets the 44px gloved-hand minimum (2.6s)
  ok  360 [tablet-webkit] › e2e\01-nav.spec.js:121:3 › bottom nav — routing › each slot activates its own page and deactivates the other two (6.7s)
  ok  361 [tablet-webkit] › e2e\01-nav.spec.js:135:3 › bottom nav — routing › .botitem.active mirrors the visible page (5.0s)
  ok  362 [tablet-webkit] › e2e\01-nav.spec.js:149:3 › bottom nav — routing › #bn-core still tracks the active slot, but the rail is retired and paints nothing (5.1s)
  ok  363 [tablet-webkit] › e2e\01-nav.spec.js:172:3 › bottom nav — routing › body.mode-ref is set on Tools only — it is the sole mode-* class the app owns (4.9s)
  ok  364 [tablet-webkit] › e2e\01-nav.spec.js:189:3 › bottom nav — routing › cycling all three slots raises no console error and no uncaught exception (7.4s)
  ok  365 [tablet-webkit] › e2e\01-nav.spec.js:241:3 › bottom nav — routing › none of the three pages overflows the viewport horizontally (5.2s)
  x   366 [tablet-webkit] › e2e\01-nav.spec.js:269:3 › browser back › back after nav taps returns to the previous destination (4.6s)
  ok  367 [tablet-webkit] › e2e\01-nav.spec.js:289:3 › house selection › a bare URL boots the redesign house with the 3-slot nav visible (2.7s)
  ok  368 [tablet-webkit] › e2e\01-nav.spec.js:299:3 › house selection › ?legacy=1 boots the legacy house — no body.rd, no redesign nav (2.7s)
  ok  369 [tablet-webkit] › e2e\01-nav.spec.js:316:3 › house selection › ?legacy=1 survives a reload without the query string (3.5s)
  ok  370 [tablet-webkit] › e2e\01-nav.spec.js:335:3 › #rd-exit is hold-only › a plain tap on EXIT does not navigate and does not freeze (3.9s)
  ok  371 [tablet-webkit] › e2e\01-nav.spec.js:357:3 › #rd-exit is hold-only › holding EXIT past RD_HOLD_MS freezes to the sleep curtain (3.8s)
[02-build-forge] WEBGL BRANCH = GPU-PRESENT | context=WebGL2RenderingContext | renderer=Apple GPU
  ok  372 [tablet-webkit] › e2e\02-build-forge.spec.js:253:3 › Build workspace + Forge aisle › WebGL capability is MEASURED in this browser, not assumed (2.7s)
  ok  373 [tablet-webkit] › e2e\02-build-forge.spec.js:285:3 › Build workspace + Forge aisle › the Build slot mounts #bw-shell with the real workspace, not the legacy grid (5.3s)
  ok  374 [tablet-webkit] › e2e\02-build-forge.spec.js:302:3 › Build workspace + Forge aisle › #bw-mount exists and MEASURES non-zero — the display:contents / wiped-host guard (5.1s)
  ok  375 [tablet-webkit] › e2e\02-build-forge.spec.js:339:3 › Build workspace + Forge aisle › ten Build entries leave exactly one #bw-mount and do not multiply canvases (39.3s)
  ok  376 [tablet-webkit] › e2e\02-build-forge.spec.js:389:3 › Build workspace + Forge aisle › RackEngine never holds more than one interactive attachment (14.4s)
  ok  377 [tablet-webkit] › e2e\02-build-forge.spec.js:430:3 › Build workspace + Forge aisle › the aisle opens over Build and closing it returns to Build with #bw-mount intact (8.9s)
  ok  378 [tablet-webkit] › e2e\02-build-forge.spec.js:481:3 › Build workspace + Forge aisle › no uncaught exception across the Build -> aisle -> Build round trip (10.1s)
  ok  379 [tablet-webkit] › e2e\02-build-forge.spec.js:519:3 › Build workspace + Forge aisle › the aisle states its zero-state instead of failing silently with no Master (6.0s)
  ok  380 [tablet-webkit] › e2e\02-build-forge.spec.js:539:3 › Build workspace + Forge aisle › opening the aisle does not tell the technician the app crashed (5.8s)
[02-build-forge] BUILD PREVIEW OUTCOME = canvas
  ok  381 [tablet-webkit] › e2e\02-build-forge.spec.js:576:3 › Build workspace + Forge aisle › the Build rack preview always reaches a STATED terminal state — never a silent blank (5.1s)
  ok  382 [tablet-webkit] › e2e\02-build-forge.spec.js:620:3 › Build workspace + Forge aisle › with a usable renderer, the Build mount holds exactly ONE live WebGL canvas (5.0s)
  ok  383 [tablet-webkit] › e2e\02-build-forge.spec.js:670:3 › Build workspace + Forge aisle › with a usable renderer, opening the aisle TRANSFERS the single attachment and Build does not steal it back (14.9s)
[02] item-4 round-trip trace: [{"round":1,"openCanvases":5,"openLive":1,"closedCanvases":5,"closedLive":1},{"round":2,"openCanvases":5,"openLive":1,"closedCanvases":5,"closedLive":1},{"round":3,"openCanvases":5,"openLive":1,"closedCanvases":5,"closedLive":1},{"round":4,"openCanvases":5,"openLive":1,"closedCanvases":5,"closedLive":1},{"round":5,"openCanvases":5,"openLive":1,"closedCanvases":5,"closedLive":1},{"round":6,"openCanvases":5,"openLive":1,"closedCanvases":5,"closedLive":1},{"round":7,"openCanvases":5,"openLive":1,"closedCanvases":5,"closedLive":1},{"round":8,"openCanvases":5,"openLive":1,"closedCanvases":5,"closedLive":1},{"round":9,"openCanvases":5,"openLive":1,"closedCanvases":5,"closedLive":1},{"round":10,"openCanvases":5,"openLive":1,"closedCanvases":5,"closedLive":1}]
  ok  384 [tablet-webkit] › e2e\02-build-forge.spec.js:738:3 › Build workspace + Forge aisle › THE ROUND TRIP HOLDS x10 — the attachment comes home every time and nothing accumulates (38.3s)
  ok  385 [tablet-webkit] › e2e\02-build-forge.spec.js:831:3 › Build workspace + Forge aisle › closing the aisle RETURNS the rack to Build — the context goes back to its lender (7.9s)
  ok  386 [tablet-webkit] › e2e\03-tools.spec.js:182:3 › Tools page grid (#pg-ref) › the bottom-nav Tools slot lands on the card grid, not a drilled-in panel (4.5s)
  ok  387 [tablet-webkit] › e2e\03-tools.spec.js:199:3 › Tools page grid (#pg-ref) › every card is a named, gloved-hand tap target (3.6s)
  ok  388 [tablet-webkit] › e2e\03-tools.spec.js:225:3 › Tools page grid (#pg-ref) › the grid clears the fixed bottom nav at the end of its scroll (3.7s)
  ok  389 [tablet-webkit] › e2e\03-tools.spec.js:276:3 › Tools page grid (#pg-ref) › the Tools grid does not overflow horizontally (3.8s)
  ok  390 [tablet-webkit] › e2e\03-tools.spec.js:282:3 › Tools page grid (#pg-ref) › the filter narrows the grid, states a zero-match, and recovers (4.6s)
  ok  391 [tablet-webkit] › e2e\03-tools.spec.js:310:5 › Tools page doors › OPTICS opens a VISIBLE surface and can be backed out of (5.7s)
  ok  392 [tablet-webkit] › e2e\03-tools.spec.js:310:5 › Tools page doors › PLATFORMS opens a VISIBLE surface and can be backed out of (5.9s)
  ok  393 [tablet-webkit] › e2e\03-tools.spec.js:310:5 › Tools page doors › CLI / IB opens a VISIBLE surface and can be backed out of (5.6s)
  ok  394 [tablet-webkit] › e2e\03-tools.spec.js:310:5 › Tools page doors › PARTS opens a VISIBLE surface and can be backed out of (5.7s)
  ok  395 [tablet-webkit] › e2e\03-tools.spec.js:310:5 › Tools page doors › KNOW opens a VISIBLE surface and can be backed out of (5.7s)
  ok  396 [tablet-webkit] › e2e\03-tools.spec.js:310:5 › Tools page doors › COMPASS opens a VISIBLE surface and can be backed out of (6.0s)
  ok  397 [tablet-webkit] › e2e\03-tools.spec.js:342:3 › Tools page doors › GHOST ECHO opens its sheet visibly and closes back to the grid (5.2s)
  ok  398 [tablet-webkit] › e2e\03-tools.spec.js:374:3 › ops tool doors (rd_openOpsTool) › the registry, the wall and the renderers agree (2.5s)
  ok  399 [tablet-webkit] › e2e\03-tools.spec.js:404:5 › ops tool doors (rd_openOpsTool) › bom mounts into a VISIBLE host and backs out to Build (3.7s)
  ok  400 [tablet-webkit] › e2e\03-tools.spec.js:404:5 › ops tool doors (rd_openOpsTool) › manifest mounts into a VISIBLE host and backs out to Build (3.1s)
  ok  401 [tablet-webkit] › e2e\03-tools.spec.js:404:5 › ops tool doors (rd_openOpsTool) › portmap mounts into a VISIBLE host and backs out to Build (3.2s)
  ok  402 [tablet-webkit] › e2e\03-tools.spec.js:404:5 › ops tool doors (rd_openOpsTool) › rackmap mounts into a VISIBLE host and backs out to Build (3.3s)
  ok  403 [tablet-webkit] › e2e\03-tools.spec.js:404:5 › ops tool doors (rd_openOpsTool) › sops mounts into a VISIBLE host and backs out to Build (3.2s)
  ok  404 [tablet-webkit] › e2e\03-tools.spec.js:404:5 › ops tool doors (rd_openOpsTool) › burndown mounts into a VISIBLE host and backs out to Build (3.2s)
  ok  405 [tablet-webkit] › e2e\03-tools.spec.js:404:5 › ops tool doors (rd_openOpsTool) › audits mounts into a VISIBLE host and backs out to Build (3.2s)
  ok  406 [tablet-webkit] › e2e\03-tools.spec.js:404:5 › ops tool doors (rd_openOpsTool) › blast mounts into a VISIBLE host and backs out to Build (3.1s)
  ok  407 [tablet-webkit] › e2e\03-tools.spec.js:404:5 › ops tool doors (rd_openOpsTool) › optics mounts into a VISIBLE host and backs out to Build (3.2s)
  ok  408 [tablet-webkit] › e2e\03-tools.spec.js:404:5 › ops tool doors (rd_openOpsTool) › isolate mounts into a VISIBLE host and backs out to Build (3.2s)
  ok  409 [tablet-webkit] › e2e\03-tools.spec.js:452:3 › ops tool doors (rd_openOpsTool) › an unknown tab fails loudly instead of silently (2.4s)
  x   410 [tablet-webkit] › e2e\03-tools.spec.js:470:3 › ops tool reachability › the OPS wall keeps its nine tools one tap from the Build landing (3.5s)
  x   411 [tablet-webkit] › e2e\03-tools.spec.js:524:3 › known dead doors › DEAD DOOR 1 — a SOP card tap opens the SOP detail where the tech is looking (3.2s)
  x   412 [tablet-webkit] › e2e\03-tools.spec.js:546:3 › known dead doors › DEAD DOOR 2 — the SOP detail Back and DELETE controls are reachable (3.2s)
  x   413 [tablet-webkit] › e2e\03-tools.spec.js:566:3 › known dead doors › DEAD DOOR 3 — deleteSOP leaves the tech with a way back (3.3s)
  x   414 [tablet-webkit] › e2e\03-tools.spec.js:621:3 › known dead doors › DEAD DOOR 4 — the deployment-list Rack Map button opens a visible rack map (3.8s)
  ok  415 [tablet-webkit] › e2e\04-storage.spec.js:157:3 › the guarded storage doors › safeGet, safeStore and safeRemove exist as the canonical doors (2.4s)
  ok  416 [tablet-webkit] › e2e\04-storage.spec.js:177:3 › the guarded storage doors › an absent key returns the fallback silently — absence is normal, not an event (2.4s)
  ok  417 [tablet-webkit] › e2e\04-storage.spec.js:192:3 › the guarded storage doors › safeGet returns the fallback and warns when storage itself is unreadable (2.4s)
  ok  418 [tablet-webkit] › e2e\04-storage.spec.js:209:3 › the guarded storage doors › safeRemove reports failure instead of throwing at a caller that assumed deletion (2.3s)
  ok  419 [tablet-webkit] › e2e\04-storage.spec.js:225:3 › the guarded storage doors › a write over quota returns false, raises a toast and flags the app (2.4s)
  ok  420 [tablet-webkit] › e2e\04-storage.spec.js:245:3 › the guarded storage doors › the app's own store factory reads and writes through the guarded doors (2.6s)
  ok  421 [tablet-webkit] › e2e\04-storage.spec.js:280:3 › corrupt data quarantine › a damaged blob is quarantined verbatim and the original bytes are preserved (2.5s)
  ok  422 [tablet-webkit] › e2e\04-storage.spec.js:312:3 › corrupt data quarantine › a corrupt quarantine store does not recurse — it resets and still rescues the new blob (2.5s)
  ok  423 [tablet-webkit] › e2e\04-storage.spec.js:329:3 › corrupt data quarantine › booting on top of a corrupt user-data key raises no storage exception (2.5s)
  ok  424 [tablet-webkit] › e2e\04-storage.spec.js:347:3 › corrupt data quarantine › the quarantine is itself in the backup registry — the only copy travels (2.4s)
  x   425 [tablet-webkit] › e2e\04-storage.spec.js:368:8 › corrupt data quarantine › reading a damaged key repeatedly does not re-write the quarantine every time (2.6s)
  ok  426 [tablet-webkit] › e2e\04-storage.spec.js:389:3 › backup coverage is DERIVED, not a hand-list › coverage is measured against live storage — a key nobody classified is reported (2.5s)
  ok  427 [tablet-webkit] › e2e\04-storage.spec.js:406:3 › backup coverage is DERIVED, not a hand-list › classified keys and prefix-swept dynamic keys are not reported as gaps (2.4s)
  ok  428 [tablet-webkit] › e2e\04-storage.spec.js:423:3 › backup coverage is DERIVED, not a hand-list › every registry row names a key and a reason, and the three registries are disjoint (2.4s)
  ok  429 [tablet-webkit] › e2e\04-storage.spec.js:443:3 › backup coverage is DERIVED, not a hand-list › an unclassified key is recorded IN the exported bundle, never dropped in silence (2.8s)
  ok  430 [tablet-webkit] › e2e\04-storage.spec.js:461:3 › export → clear → restore round trip › a full backup restores every key it captured after localStorage is wiped (3.3s)
  -   431 [tablet-webkit] › e2e\04-storage.spec.js:553:3 › export → clear → restore round trip › the iOS share-sheet export branch cannot be reached from this harness
  ok  432 [tablet-webkit] › e2e\04-storage.spec.js:561:3 › export → clear → restore round trip › a newer-schema bundle is refused before any destructive write (2.6s)
  ok  433 [tablet-webkit] › e2e\04-storage.spec.js:605:3 › durability across a reload › data written through the app survives a reload and reads back identically (4.0s)
  ok  434 [tablet-webkit] › e2e\04-storage.spec.js:668:3 › unguarded write paths › a quota failure while saving the Master reaches the operator (2.5s)
  ok  435 [tablet-webkit] › e2e\04-storage.spec.js:698:3 › unguarded write paths › a quota failure while writing the shift-end marker reaches the operator (2.5s)
  ok  436 [tablet-webkit] › e2e\05-offline.spec.js:259:3 › offline contract › every script the app loads at runtime is in the SW precache list (371ms)
  ok  437 [tablet-webkit] › e2e\05-offline.spec.js:279:3 › offline contract › no runtime script is loaded from a third-party origin (342ms)
  ok  438 [tablet-webkit] › e2e\05-offline.spec.js:290:3 › offline contract › every PRECACHE_URL actually serves — a 404 entry installs silently broken (591ms)
  ok  439 [tablet-webkit] › e2e\05-offline.spec.js:307:3 › offline contract › the three cache stamps agree — a drifted CACHE_VERSION never evicts (298ms)
  -   440 [tablet-webkit] › e2e\05-offline.spec.js:324:3 › offline contract › the app registers a service worker on first load
  ok  441 [tablet-webkit] › e2e\05-offline.spec.js:348:3 › offline contract › sw.js precaches its whole manifest once registered (3.8s)
  ok  442 [tablet-webkit] › e2e\05-offline.spec.js:382:3 › offline contract › the offline shell and every vendor bundle are physically in the SW cache (3.0s)
  -   443 [tablet-webkit] › e2e\05-offline.spec.js:424:3 › offline contract › with the network cut, the service worker actually serves the shell and vendors
  -   444 [tablet-webkit] › e2e\05-offline.spec.js:452:3 › offline contract › after one online load, an offline reload still boots to a usable shell
  -   445 [tablet-webkit] › e2e\05-offline.spec.js:477:3 › offline contract › an offline boot raises no uncaught exception and no same-origin request failure
  ok  446 [tablet-webkit] › e2e\05-offline.spec.js:565:3 › offline contract › losing the network is reported on the running app, not swallowed (2.8s)
  -   447 [tablet-webkit] › e2e\05-offline.spec.js:628:3 › offline contract › a cold offline boot reports offline at first paint
  -   448 [tablet-webkit] › e2e\05-offline.spec.js:681:3 › offline contract › the app REPORTS offline at first paint when the platform says so — signal forced, network still cut
  -   449 [tablet-webkit] › e2e\05-offline.spec.js:708:3 › offline contract › work saved while offline survives an offline reload and the return to network
  -   450 [tablet-webkit] › e2e\05-offline.spec.js:764:3 › offline contract › offline PDF import uses the precached vendor bytes
  ok  451 [tablet-webkit] › e2e\06-composition.spec.js:212:3 › zero horizontal overflow › Command composes inside the viewport at this tier and at every declared breakpoint (11.0s)
  ok  452 [tablet-webkit] › e2e\06-composition.spec.js:225:3 › zero horizontal overflow › Build composes inside the viewport at this tier and at every declared breakpoint (9.1s)
  ok  453 [tablet-webkit] › e2e\06-composition.spec.js:239:3 › zero horizontal overflow › Tools composes inside the viewport at this tier and at every declared breakpoint (10.0s)
  ok  454 [tablet-webkit] › e2e\06-composition.spec.js:259:3 › tier boundaries › 1024px flips phone composition to desktop chrome, and the second tier is 1500px (not 1520px) (5.4s)
  ok  455 [tablet-webkit] › e2e\06-composition.spec.js:319:3 › tier boundaries › the composition follows the VIEWPORT, not a flag that was read once at boot (6.0s)
  ok  456 [tablet-webkit] › e2e\06-composition.spec.js:365:3 › tier boundaries › the rip-cord pins the phone composition at a desktop width (2.5s)
[06] tap-floor offenders @834px (census Command=24 Build=8 Tools=14):
  Build · button.ops-banner-btn · 738x28px · "Expand OPS panel"
  Tools · input#srch.search-input · 783x38px · ""
  x   457 [tablet-webkit] › e2e\06-composition.spec.js:403:3 › touch-target floor › every visible interactive control clears 44px on Command, Build and Tools (4.9s)
[06] .reh-3d-seg RULE probe: 41.2x22px (font 11px, padding 4px 12px) vs the 44px floor
  x   458 [tablet-webkit] › e2e\06-composition.spec.js:457:3 › touch-target floor › the .reh-3d-seg rack-mode pill RULE yields a 44px target (rule probe, not a live control) (3.7s)
  ok  459 [tablet-webkit] › e2e\06-composition.spec.js:496:3 › touch-target floor › the bottom nav — the always-on-screen control — clears 44px in both axes (2.5s)
[06] #rd-botnav .blabel contrast:
  15.09:1  10px/700  rgb(97, 239, 255) on rgb(2, 2, 3)  "Home"
  2.75:1  10px/700  rgb(74, 86, 95) on rgb(2, 2, 3)  "Build"
  2.75:1  10px/700  rgb(74, 86, 95) on rgb(2, 2, 3)  "Tools"
  6.33:1  10px/700  rgb(255, 77, 77) on rgb(2, 2, 3)  "Exit"
  x   460 [tablet-webkit] › e2e\06-composition.spec.js:539:3 › contrast floor › #rd-botnav .blabel meets WCAG AA at 9px (2.7s)
  ok  461 [tablet-webkit] › e2e\06-composition.spec.js:585:3 › reduced motion › reduced motion does not break composition on any page or collapse the fixed nav (5.3s)
  ok  462 [tablet-webkit] › e2e\06-composition.spec.js:635:3 › reduced motion › reduced motion keeps the same tier boundaries (3.4s)
  ok  463 [tablet-webkit] › e2e\08-forge-layout.spec.js:340:3 › Forge bottom control stack › both utility buttons clear 44x44 in EVERY chip state, including the empty zero state (7.7s)
  ok  464 [tablet-webkit] › e2e\08-forge-layout.spec.js:401:3 › Forge bottom control stack › every control in the row consumes the tap token as its OWN height, not a sibling's (6.3s)
  ok  465 [tablet-webkit] › e2e\08-forge-layout.spec.js:446:3 › Forge bottom control stack › the pill strip, the utility buttons and the status row never intersect (9.0s)
  ok  466 [tablet-webkit] › e2e\08-forge-layout.spec.js:490:3 › Forge bottom control stack › the caption stays readable and inside the viewport at every chip state (6.3s)
  ok  467 [tablet-webkit] › e2e\08-forge-layout.spec.js:521:3 › Forge bottom control stack › the pill strip declares its clip on both axes and holds the glow's own room inside it (5.2s)
[08-forge-layout] [tablet-webkit] clearance under perturbation — at rest: stack 110 (row 58 + row2 26), gap 10 | status row at --fs-micro 22px: stack 133.8 (row 65 + row2 42.8), gap 10 | status row at --fs-micro 34px: stack 166.59 (row 81 + row2 59.59), gap 10 | tall row2 + --forge-tap 76px: stack 175.59 (row 90 + row2 59.59), gap 10 | tall row2 only: stack 166.59 (row 81 + row2 59.59), gap 10 | back at rest: stack 110 (row 58 + row2 26), gap 10
  ok  468 [tablet-webkit] › e2e\08-forge-layout.spec.js:581:3 › Forge bottom control stack › the caption's clearance is DERIVED: move the stack and the gap holds (10.0s)
  ok  469 [tablet-webkit] › e2e\08-forge-layout.spec.js:733:3 › Forge bottom control stack › the toast clears the control row at every status-row height (8.7s)
  ok  470 [tablet-webkit] › e2e\08-forge-layout.spec.js:763:3 › Forge bottom control stack › the toast still beats the OPEN detail panel, so UNDO survives (5.9s)
  ok  471 [tablet-webkit] › e2e\08-forge-layout.spec.js:791:3 › Forge bottom control stack › the caption yields to the toast rather than stacking with it, and returns (6.5s)
  ok  472 [tablet-webkit] › e2e\08-forge-layout.spec.js:823:3 › Forge bottom control stack › the three status pills are read-outs, not controls (6.6s)
  ok  473 [tablet-webkit] › e2e\08-forge-layout.spec.js:907:3 › Forge bottom control stack › the zero state says its message ONCE and shows no empty id pill (4.0s)
  ok  474 [tablet-webkit] › e2e\08-forge-layout.spec.js:957:3 › Forge bottom control stack › the walk instruction leaves the row when there is no aisle to walk (6.0s)
  ok  475 [tablet-webkit] › e2e\08-forge-layout.spec.js:1012:3 › Forge bottom control stack › opening and closing the aisle raises no uncaught exception and never overflows horizontally (10.7s)
  -   476 [tablet-webkit] › e2e\08-forge-layout.spec.js:1052:3 › Forge bottom control stack › the bottom strip clears the iPhone home indicator
  ok  477 [tablet-webkit] › e2e\08-forge-layout.spec.js:1094:3 › Forge bottom control stack › the scene utilities live above the scene, not in the rack row (5.7s)
  ok  478 [tablet-webkit] › e2e\08-forge-layout.spec.js:1152:3 › Forge bottom control stack › every overlay covers the scene utilities — they are not a floating hit target (9.8s)
  ok  479 [tablet-webkit] › e2e\08-forge-layout.spec.js:1296:3 › Forge bottom control stack › the carousel owns row 1 alone, and no chip hides under a control (6.4s)
  ok  480 [tablet-webkit] › e2e\08-forge-layout.spec.js:1379:3 › Forge bottom control stack › the three context pills hold ONE baseline inside the viewport (5.3s)
  ok  481 [tablet-webkit] › e2e\09-master-binding.spec.js:104:3 › Master → Forge binding › the DATA MODEL carries every rack, with the counts the Master actually holds (7.3s)
  ok  482 [tablet-webkit] › e2e\09-master-binding.spec.js:125:3 › Master → Forge binding › Forge populates FIVE foreground racks, not every rack in the Master (6.9s)
  ok  483 [tablet-webkit] › e2e\09-master-binding.spec.js:138:3 › Master → Forge binding › every rack in the window reports the Master truth — 0/0 ONLY when genuinely empty (14.1s)
  ok  484 [tablet-webkit] › e2e\09-master-binding.spec.js:172:3 › Master → Forge binding › walking the aisle resolves the NEXT rack from the Master, not a stale card (9.8s)
  ok  485 [tablet-webkit] › e2e\09-master-binding.spec.js:203:3 › Master → Forge binding › reading the aisle never mutates the stored Master (13.8s)
  ok  486 [tablet-webkit] › e2e\10-site-profile-root.spec.js:41:3 › ACTIVE_SITE_PROFILE — the contract › PHANTOM_SITE exists and reports validity as a LIST OF REASONS, not a boolean (2.4s)
  ok  487 [tablet-webkit] › e2e\10-site-profile-root.spec.js:56:3 › ACTIVE_SITE_PROFILE — the contract › validity NAMES every missing requirement on a blank device (2.7s)
  ok  488 [tablet-webkit] › e2e\10-site-profile-root.spec.js:67:3 › ACTIVE_SITE_PROFILE — the contract › validity is COMPUTED, never a stored boolean (2.5s)
  ok  489 [tablet-webkit] › e2e\10-site-profile-root.spec.js:84:3 › ACTIVE_SITE_PROFILE — migration is the thing that protects the operator › migration seeds siteLead from the one name on record, and keeps that person as the actor (2.7s)
  ok  490 [tablet-webkit] › e2e\10-site-profile-root.spec.js:112:3 › ACTIVE_SITE_PROFILE — migration is the thing that protects the operator › the actor is credited independently of authority — work is never auto-credited to the Site Lead (2.7s)
  ok  491 [tablet-webkit] › e2e\10-site-profile-root.spec.js:128:3 › ACTIVE_SITE_PROFILE — migration is the thing that protects the operator › migration NEVER overwrites a value a human set (2.6s)
  ok  492 [tablet-webkit] › e2e\10-site-profile-root.spec.js:144:3 › ACTIVE_SITE_PROFILE — migration is the thing that protects the operator › migration is IDEMPOTENT — the second run writes nothing (2.8s)
  ok  493 [tablet-webkit] › e2e\10-site-profile-root.spec.js:161:3 › ACTIVE_SITE_PROFILE — migration is the thing that protects the operator › an UNCONFIRMED profile is left COMPLETELY untouched — it belongs in Site Setup (2.5s)
  ok  494 [tablet-webkit] › e2e\10-site-profile-root.spec.js:178:3 › ONE ANSWER TO "WHO IS WORKING" (v1.14.418, P0 of PHASE-ENGINE) › currentOperator is STRICT — an empty actor never inherits the Site Lead (2.8s)
  ok  495 [tablet-webkit] › e2e\10-site-profile-root.spec.js:196:3 › ONE ANSWER TO "WHO IS WORKING" (v1.14.418, P0 of PHASE-ENGINE) › identity_getUser() resolves through the PROFILE, not the legacy key (2.5s)
  ok  496 [tablet-webkit] › e2e\10-site-profile-root.spec.js:210:3 › ONE ANSWER TO "WHO IS WORKING" (v1.14.418, P0 of PHASE-ENGINE) › identity_setUser() writes the PROFILE — the legacy key stops being a write target (2.3s)
  ok  497 [tablet-webkit] › e2e\10-site-profile-root.spec.js:228:3 › ONE ANSWER TO "WHO IS WORKING" (v1.14.418, P0 of PHASE-ENGINE) › a legacy-only device is MIGRATED, so its operator keeps their attribution (2.6s)
  ok  498 [tablet-webkit] › e2e\10-site-profile-root.spec.js:245:3 › ONE ANSWER TO "WHO IS WORKING" (v1.14.418, P0 of PHASE-ENGINE) › a DIVERGENCE between the two stores is recorded, not silently resolved (2.5s)
  ok  499 [tablet-webkit] › e2e\10-site-profile-root.spec.js:265:3 › ONE ANSWER TO "WHO IS WORKING" (v1.14.418, P0 of PHASE-ENGINE) › THE POINT: the audit log credits the actor from the PROFILE (2.4s)
  ok  500 [tablet-webkit] › e2e\10-site-profile-root.spec.js:291:3 › ACTIVE_SITE_PROFILE — the Master binding › binding reports no-master / no-binding / match as DISTINCT states (2.5s)
  ok  501 [tablet-webkit] › e2e\10-site-profile-root.spec.js:315:3 › ACTIVE_SITE_PROFILE — the Master binding › a profile bound to a DIFFERENT Master reports mismatch — the §10 identity check (2.4s)
  ok  502 [tablet-webkit] › e2e\10-site-profile-root.spec.js:333:3 › ACTIVE_SITE_PROFILE — the Master binding › bindMaster is read-modify-write — it cannot wipe a field it has no input for (2.5s)
  ok  503 [tablet-webkit] › e2e\10-site-profile-root.spec.js:352:3 › ACTIVE_SITE_PROFILE — the Master binding › S0 GATES NOTHING — the app still boots to its normal surface (2.7s)
  ok  504 [tablet-webkit] › e2e\11-event-log.spec.js:43:3 › the Event Log — folding without breaking the chain › THE REGRESSION THAT MATTERS: a v1 entry still verifies after P1 (2.7s)
  ok  505 [tablet-webkit] › e2e\11-event-log.spec.js:57:3 › the Event Log — folding without breaking the chain › a new entry is v2 and carries the spec §6.3 fields (2.4s)
  ok  506 [tablet-webkit] › e2e\11-event-log.spec.js:83:3 › the Event Log — folding without breaking the chain › the 25 existing 5-arg callers still work — meta is optional (2.4s)
  ok  507 [tablet-webkit] › e2e\11-event-log.spec.js:97:3 › the Event Log — folding without breaking the chain › a MIXED chain — v1 then v2 — verifies end to end (2.8s)
  ok  508 [tablet-webkit] › e2e\11-event-log.spec.js:112:3 › the Event Log — folding without breaking the chain › tampering with a v2-ONLY field is DETECTED — the new fields are really covered (2.5s)
  ok  509 [tablet-webkit] › e2e\11-event-log.spec.js:131:3 › the Event Log — folding without breaking the chain › §4.3 — the Event Log SURVIVES a Master swap, with masterId preserving the truth-context (2.5s)
  ok  510 [tablet-webkit] › e2e\11-event-log.spec.js:164:3 › the Event Log — folding without breaking the chain › the truncation marker is still unhashed, so eviction does not read as tampering (2.6s)
  ok  511 [tablet-webkit] › e2e\12-blockers.spec.js:35:3 › the Blocker record — adopting what is already there › THE ONE THAT MATTERS: a pre-existing blocker is adopted, note intact (2.6s)
  ok  512 [tablet-webkit] › e2e\12-blockers.spec.js:59:3 › the Blocker record — adopting what is already there › migration is IDEMPOTENT — a second boot adopts nothing (2.7s)
  ok  513 [tablet-webkit] › e2e\12-blockers.spec.js:72:3 › the Blocker record — adopting what is already there › a blocker with NO note still gets a record, and says so honestly (2.5s)
  ok  514 [tablet-webkit] › e2e\12-blockers.spec.js:87:3 › the Blocker record — opening and clearing › opening through the real door creates a record BEFORE the phase is blocked (2.6s)
  ok  515 [tablet-webkit] › e2e\12-blockers.spec.js:110:3 › the Blocker record — opening and clearing › an open blocker writes a BLOCKER_OPENED event carrying the rack (2.5s)
  ok  516 [tablet-webkit] › e2e\12-blockers.spec.js:125:3 › the Blocker record — opening and clearing › clearing records WHO cleared it and WHEN, and stops it being open (2.5s)
  ok  517 [tablet-webkit] › e2e\12-blockers.spec.js:145:3 › the Blocker record — opening and clearing › clearing an unknown or already-cleared blocker returns null rather than lying (2.4s)
  ok  518 [tablet-webkit] › e2e\12-blockers.spec.js:157:3 › the Blocker record — opening and clearing › the new store is CLASSIFIED for backup — an unregistered key dies at export (2.3s)
  ok  519 [tablet-webkit] › e2e\13-phase-model.spec.js:41:3 › the phase model — built on the phases that already exist › steps hang beneath the EXISTING five phases, not a new vocabulary (2.6s)
  ok  520 [tablet-webkit] › e2e\13-phase-model.spec.js:55:3 › the phase model — built on the phases that already exist › all four platform templates exist, per owner ruling (2.5s)
  ok  521 [tablet-webkit] › e2e\13-phase-model.spec.js:65:3 › the phase model — built on the phases that already exist › PROVENANCE: the model says SITE_TEMPLATE and never claims the Master specified it (2.4s)
  ok  522 [tablet-webkit] › e2e\13-phase-model.spec.js:74:3 › the phase model — built on the phases that already exist › the seeded step text is HONESTLY a placeholder, not invented procedure (2.6s)
  ok  523 [tablet-webkit] › e2e\13-phase-model.spec.js:90:3 › the step state machine (spec §6.2) › states are the four named ones — no booleans (2.2s)
  ok  524 [tablet-webkit] › e2e\13-phase-model.spec.js:96:3 › the step state machine (spec §6.2) › a normal transition moves the step and says where it came from (2.6s)
  ok  525 [tablet-webkit] › e2e\13-phase-model.spec.js:106:3 › the step state machine (spec §6.2) › THE INVARIANT: BLOCKED without a Blocker record is REJECTED, not written (2.5s)
  ok  526 [tablet-webkit] › e2e\13-phase-model.spec.js:121:3 › the step state machine (spec §6.2) › BLOCKED with a real record is accepted and links to it (2.7s)
  ok  527 [tablet-webkit] › e2e\13-phase-model.spec.js:134:3 › the step state machine (spec §6.2) › clearing a block returns the step to IN_PROGRESS and CLOSES the record (2.7s)
  ok  528 [tablet-webkit] › e2e\13-phase-model.spec.js:150:3 › the step state machine (spec §6.2) › COMPLETE credits the ACTOR from the profile (2.5s)
  ok  529 [tablet-webkit] › e2e\13-phase-model.spec.js:159:3 › the step state machine (spec §6.2) › an unknown state is rejected rather than stored (2.4s)
  ok  530 [tablet-webkit] › e2e\13-phase-model.spec.js:167:3 › the step state machine (spec §6.2) › every transition writes a STEP_STATE_CHANGE event carrying rack and step (2.5s)
  ok  531 [tablet-webkit] › e2e\13-phase-model.spec.js:182:3 › the step state machine (spec §6.2) › the model store is CLASSIFIED for backup (2.4s)
  ok  532 [tablet-webkit] › e2e\14-master-staging.spec.js:30:3 › validation summary — counts only, never a verdict about the floor › counts racks, hosts and cables from the candidate (2.5s)
  ok  533 [tablet-webkit] › e2e\14-master-staging.spec.js:38:3 › validation summary — counts only, never a verdict about the floor › ZERO HOSTS warns and stays activatable — a cabled unprovisioned row is legitimate (2.3s)
  ok  534 [tablet-webkit] › e2e\14-master-staging.spec.js:50:3 › validation summary — counts only, never a verdict about the floor › a Master with no readable racks is NOT ok (2.3s)
  ok  535 [tablet-webkit] › e2e\14-master-staging.spec.js:57:3 › validation summary — counts only, never a verdict about the floor › an empty required sheet is surfaced in the summary (2.5s)
  ok  536 [tablet-webkit] › e2e\14-master-staging.spec.js:67:3 › staging — a candidate never participates in the UI › staging does NOT make a candidate active (2.3s)
  ok  537 [tablet-webkit] › e2e\14-master-staging.spec.js:84:3 › staging — a candidate never participates in the UI › THE HARD GUARANTEE: discarding leaves the current site completely unchanged (2.4s)
  ok  538 [tablet-webkit] › e2e\14-master-staging.spec.js:98:3 › staging — a candidate never participates in the UI › activateStaged is the ONLY way a candidate becomes active, and it binds the profile (2.5s)
  ok  539 [tablet-webkit] › e2e\14-master-staging.spec.js:122:3 › staging — a candidate never participates in the UI › activating with nothing staged does not invent a Master (2.5s)
  ok  540 [tablet-webkit] › e2e\14-master-staging.spec.js:131:3 › the restore path — RECOVERY ONLY, never a door into a running app › restore hands control back to the boot state machine instead of asking the operator to (2.6s)
  ok  541 [tablet-webkit] › e2e\14-master-staging.spec.js:148:3 › the restore path — RECOVERY ONLY, never a door into a running app › a boot after a restored snapshot ends with memory and storage AGREEING (3.1s)
  ok  542 [tablet-webkit] › e2e\14-master-staging.spec.js:184:3 › the identity split reaches the assistant context › the context block names authority and actor DISTINCTLY (2.6s)
  ok  543 [tablet-webkit] › e2e\15-dual-source-master.spec.js:47:3 › the Master has TWO sources of component identity › SITE-HOSTS still parses — the canonical source is untouched (2.6s)
  ok  544 [tablet-webkit] › e2e\15-dual-source-master.spec.js:57:3 › the Master has TWO sources of component identity › THE DEFECT: a CUTSHEET-only cabinet resolves its real inventory (2.6s)
  ok  545 [tablet-webkit] › e2e\15-dual-source-master.spec.js:67:3 › the Master has TWO sources of component identity › the nine GPU-B300 nodes land at their explicit RUs (2.6s)
  ok  546 [tablet-webkit] › e2e\15-dual-source-master.spec.js:80:3 › the Master has TWO sources of component identity › NOTHING IS DOUBLE-COUNTED — SITE-HOSTS wins where both sources describe a U (2.5s)
  ok  547 [tablet-webkit] › e2e\15-dual-source-master.spec.js:95:3 › the Master has TWO sources of component identity › source coverage is reported SEPARATELY, never as one "0 hosts" summary (2.6s)
  ok  548 [tablet-webkit] › e2e\15-dual-source-master.spec.js:106:3 › the Master has TWO sources of component identity › BUILD AND FORGE READ THE SAME INVENTORY — through one elevation door (2.7s)
  ok  549 [tablet-webkit] › e2e\15-dual-source-master.spec.js:123:3 › the Master has TWO sources of component identity › SAVE AND RELOAD PRESERVE THE SAME RESULT (3.1s)
  ok  550 [tablet-webkit] › e2e\16-normalization-migration.spec.js:104:3 › a stored Master rebuilds itself when the normalizer moves on › THE FAILED DEVICE VERIFY: a v1 payload restores as 0 components, then migrates to 19 (4.5s)
  ok  551 [tablet-webkit] › e2e\16-normalization-migration.spec.js:120:3 › a stored Master rebuilds itself when the normalizer moves on › the rebuilt inventory is the RIGHT inventory, not just the right count (4.1s)
  ok  552 [tablet-webkit] › e2e\16-normalization-migration.spec.js:134:3 › a stored Master rebuilds itself when the normalizer moves on › SITE-HOSTS racks are NOT padded and NOT double-counted by the migration (4.7s)
  ok  553 [tablet-webkit] › e2e\16-normalization-migration.spec.js:146:3 › a stored Master rebuilds itself when the normalizer moves on › THE UPGRADE IS PERSISTED — it is not re-derived in memory every boot (4.5s)
  ok  554 [tablet-webkit] › e2e\16-normalization-migration.spec.js:155:3 › a stored Master rebuilds itself when the normalizer moves on › THE ROUND TRIP KEEPS IDENTITY AND CABLES — re-saving a restored Master loses nothing (4.2s)
  ok  555 [tablet-webkit] › e2e\16-normalization-migration.spec.js:168:3 › a stored Master rebuilds itself when the normalizer moves on › IDEMPOTENT: a second boot re-reads, it does not re-apply (6.0s)
  ok  556 [tablet-webkit] › e2e\16-normalization-migration.spec.js:183:3 › a stored Master rebuilds itself when the normalizer moves on › a Master with no cables retained says so instead of silently doing nothing (4.4s)
  ok  557 [tablet-webkit] › e2e\17-reimport-idempotence.spec.js:77:3 › re-importing the same Master is a no-op that loses nothing › THE COUNTS ARE IDENTICAL — the parse is idempotent over the same bytes (3.1s)
  ok  558 [tablet-webkit] › e2e\17-reimport-idempotence.spec.js:95:3 › re-importing the same Master is a no-op that loses nothing › MERGE, NEVER OVERWRITE — hand-entered data survives a Master replace (Law 11) (3.8s)
  ok  559 [tablet-webkit] › e2e\17-reimport-idempotence.spec.js:113:3 › re-importing the same Master is a no-op that loses nothing › A FRESH IMPORT STAMPS normVersion — the boot migration finds nothing to do (4.8s)
  ok  560 [tablet-webkit] › e2e\18-tap-window-and-crash-banner.spec.js:75:3 › the 340ms tap window and the crash banner › AT REST the scene-utils buttons are real, tappable controls (4.4s)
  ok  561 [tablet-webkit] › e2e\18-tap-window-and-crash-banner.spec.js:88:3 › the 340ms tap window and the crash banner › THE TAP WINDOW: with an overlay open, the buttons are NOT tappable — for every overlay (9.2s)
  ok  562 [tablet-webkit] › e2e\18-tap-window-and-crash-banner.spec.js:132:3 › the 340ms tap window and the crash banner › the guard is GEOMETRY-INDEPENDENT — it holds even with the overlay parked off-screen (4.5s)
[18] 1 cross-origin AI-proxy probe error(s) filtered and reported, not allowlisted.
  ok  563 [tablet-webkit] › e2e\18-tap-window-and-crash-banner.spec.js:154:3 › the 340ms tap window and the crash banner › ITEM 14 — a normal session raises NO crash banner (12.7s)
[18] legacy: 1 cross-origin AI-proxy probe error(s) filtered and reported.
  ok  564 [tablet-webkit] › e2e\18-tap-window-and-crash-banner.spec.js:189:3 › the 340ms tap window and the crash banner › ITEM 14, legacy half — ?legacy=1 walks clean with no uncaught errors (5.4s)
[19] 2 sheet(s) · 211 declared · 135 referenced · 3 inline · 5 set by JS · 0 unreadable · 3 DEAD
  x   565 [tablet-webkit] › e2e\19-design-tokens-and-picker.spec.js:24:3 › the design-system substrate and the loadout picker › EVERY design token referenced in CSS is actually declared somewhere (4.4s)
(node:19360) Warning: The 'NO_COLOR' env is ignored due to the 'FORCE_COLOR' env being set.
(Use `node --trace-warnings ...` to show where the warning was created)
[19] #forge3d-sheet tokens present: --fbg, --cyan, --vio, --teal, --gold, --ink, --dim, --forge-tap, --forge-glow, --forge-gutter, --forge-row-h, --forge-pad-x, --forge-gap
  ok  566 [tablet-webkit] › e2e\19-design-tokens-and-picker.spec.js:125:3 › the design-system substrate and the loadout picker › the FORGE token block specifically survives parsing — the .237 swallowed-rule guard (3.5s)
[19] loadout count 5/5 SELECTED -> 4/5 SELECTED
  ok  567 [tablet-webkit] › e2e\19-design-tokens-and-picker.spec.js:152:3 › the design-system substrate and the loadout picker › THE LOADOUT PICKER OPENS AND PICKS (.411) (10.7s)
  ok  568 [tablet-webkit] › e2e\20-vocabulary.spec.js:35:3 › the one colour vocabulary › typeOf maps every raw code to its display key (2.7s)
  ok  569 [tablet-webkit] › e2e\20-vocabulary.spec.js:41:3 › the one colour vocabulary › typeOf is IDEMPOTENT — normalising twice never erases a device class (2.8s)
  ok  570 [tablet-webkit] › e2e\20-vocabulary.spec.js:53:3 › the one colour vocabulary › an unmapped code is UNKNOWN, never BLANK (2.6s)
[20] accent-coloured 8/11 · bay values: {"gpu":"#28e0ff","sw":"#8a4bff","pwr":"#ffcb45","patch":"#1fffd0","stor":"#ff7bd0","cpu":"#7fd0ff","server":"#7fd0ff","cdu":"#30d158","fw":"#8a4bff","media":"#7d93a4","other":"#ff2bd6"}
  ok  571 [tablet-webkit] › e2e\20-vocabulary.spec.js:67:3 › the one colour vocabulary › THE POINT: the flat elevation now paints 8 of 11 codes, and the RIGHT colours (2.9s)
  ok  572 [tablet-webkit] › e2e\20-vocabulary.spec.js:119:3 › the one colour vocabulary › ⛔ RULE 17 — ?legacy=1 still emits the RAW code, so that house is unchanged (2.2s)
  ok  573 [tablet-webkit] › e2e\20-vocabulary.spec.js:142:3 › the one colour vocabulary › the redesign house DOES emit normalised keys — the other half of the same guard (2.7s)
  ok  574 [tablet-webkit] › e2e\21-first-run-gate.spec.js:36:3 › the first-run gate › THE GATE IS WIRED INTO BOOT — it is not a surface waiting for a door (2.7s)
  ok  575 [tablet-webkit] › e2e\21-first-run-gate.spec.js:44:3 › the first-run gate › SITE LEAD exists on the gate and DEFAULTS to the operator name (3.1s)
  ok  576 [tablet-webkit] › e2e\21-first-run-gate.spec.js:63:3 › the first-run gate › SITE LEAD is independent of the operator — authority is not the actor (3.0s)
  ok  577 [tablet-webkit] › e2e\21-first-run-gate.spec.js:77:3 › the first-run gate › THE MASTER STEP exists and uses the ONE door (§4.2, no second write path) (2.9s)
  ok  578 [tablet-webkit] › e2e\21-first-run-gate.spec.js:90:3 › the first-run gate › the Master line is HONEST when nothing is loaded (2.7s)
  ok  579 [tablet-webkit] › e2e\21-first-run-gate.spec.js:99:3 › the first-run gate › the Master line REPORTS what is loaded, from the Master itself (2.6s)
  ok  580 [tablet-webkit] › e2e\21-first-run-gate.spec.js:117:3 › the first-run gate › ⛔ RULE 17 — the legacy branch has no Site Lead field, and confirm still works there (2.8s)
  ok  581 [tablet-webkit] › e2e\21-first-run-gate.spec.js:139:3 › the first-run gate › the v1.6.70 backfill is UNCHANGED — existing devices are never re-prompted (2.6s)
  ok  582 [tablet-webkit] › e2e\21-first-run-gate.spec.js:153:3 › the first-run gate › the reverted flow left nothing behind (2.5s)
  ok  583 [tablet-webkit] › e2e\22-data-contract.spec.js:38:3 › the data contract — callers pass a rackId › I8 — _resolve takes an ID and returns the contract shape (2.7s)
  ok  584 [tablet-webkit] › e2e\22-data-contract.spec.js:54:3 › the data contract — callers pass a rackId › I9 — no RAW code survives the resolver, checked against the vocabulary itself (2.5s)
  ok  585 [tablet-webkit] › e2e\22-data-contract.spec.js:64:3 › the data contract — callers pass a rackId › normalising twice is a no-op — the resolver and the .429 writer can both run (2.6s)
  ok  586 [tablet-webkit] › e2e\22-data-contract.spec.js:72:3 › the data contract — callers pass a rackId › R-06 — an EMPTY rack and an UNKNOWN rack are different answers (2.7s)
  ok  587 [tablet-webkit] › e2e\22-data-contract.spec.js:87:3 › the data contract — callers pass a rackId › ⛔ .elevation is NEVER undefined — on any path (2.6s)
  ok  588 [tablet-webkit] › e2e\22-data-contract.spec.js:99:3 › the data contract — callers pass a rackId › THE RESHAPE DIVERGENCE IS GONE — master_renderHit asks for an id like everyone else (2.7s)
  ok  589 [tablet-webkit] › e2e\22-data-contract.spec.js:106:3 › the data contract — callers pass a rackId › the resolver WRAPS the canonical shaper rather than re-implementing it (2.7s)
  ok  590 [tablet-webkit] › e2e\22-data-contract.spec.js:116:3 › the data contract — callers pass a rackId › the routed call sites still render — the Command hero resolves by id (2.7s)
  ok  591 [tablet-webkit] › e2e\23-reclaim-barrier.spec.js:32:3 › the reclaim barrier › with no barrier armed, an acquisition proceeds IMMEDIATELY (2.6s)
  ok  592 [tablet-webkit] › e2e\23-reclaim-barrier.spec.js:47:3 › the reclaim barrier › once armed, an acquisition is DEFERRED and then runs on its own (2.9s)
  ok  593 [tablet-webkit] › e2e\23-reclaim-barrier.spec.js:69:3 › the reclaim barrier › ⛔ ONLY ONE PENDING ACQUISITION — rapid navigation collapses to the LAST request (3.3s)
  ok  594 [tablet-webkit] › e2e\23-reclaim-barrier.spec.js:95:3 › the reclaim barrier › the barrier takes TWO frames, not one — a single rAF can land in the same frame (3.4s)
  ok  595 [tablet-webkit] › e2e\23-reclaim-barrier.spec.js:115:3 › the reclaim barrier › releaseOthers REPORTS how many it released — the arm condition depends on it (2.5s)
  ok  596 [tablet-webkit] › e2e\23-reclaim-barrier.spec.js:133:3 › the reclaim barrier › BOTH renderers release BEFORE they acquire — the ordering, asserted from source (2.7s)
  ok  597 [tablet-webkit] › e2e\23-reclaim-barrier.spec.js:150:3 › the reclaim barrier › the barrier cannot deadlock a deferred acquisition (2.7s)
  ok  598 [tablet-webkit] › e2e\24-flat-path-and-attach.spec.js:42:3 › the flat path, demotion, and the door › 3a — a rack renders FLAT with no GL context at all (I7) (2.8s)
  ok  599 [tablet-webkit] › e2e\24-flat-path-and-attach.spec.js:60:3 › the flat path, demotion, and the door › 3b — attach creates a FLAT attachment and the census says which rack and which mode (2.8s)
  ok  600 [tablet-webkit] › e2e\24-flat-path-and-attach.spec.js:78:3 › the flat path, demotion, and the door › I2 — attach is IDEMPOTENT per host: same rackId returns the same attachment, no rebuild (2.8s)
  ok  601 [tablet-webkit] › e2e\24-flat-path-and-attach.spec.js:100:3 › the flat path, demotion, and the door › I2 — update() on a FLAT attachment re-renders and allocates NOTHING (3.0s)
  ok  602 [tablet-webkit] › e2e\24-flat-path-and-attach.spec.js:117:3 › the flat path, demotion, and the door › §5 — DEMOTION IS NOT DISPOSAL: the surface keeps rendering and stays in the census (3.0s)
  ok  603 [tablet-webkit] › e2e\24-flat-path-and-attach.spec.js:146:3 › the flat path, demotion, and the door › §5 — promote goes through the BARRIER, never around it (3.2s)
  ok  604 [tablet-webkit] › e2e\24-flat-path-and-attach.spec.js:162:3 › the flat path, demotion, and the door › ⛔ promote with no reacquire REFUSES VISIBLY rather than pretending (2.8s)
  ok  605 [tablet-webkit] › e2e\24-flat-path-and-attach.spec.js:177:3 › the flat path, demotion, and the door › ⛔ THE REFUSALS — what 3a/3b deliberately do NOT do (2.8s)
  ok  606 [tablet-webkit] › e2e\25-continue-work.spec.js:57:3 › one mode, one Build › THE FIX: Home continue-work and the BUILD tab land on the SAME surface (9.7s)
  ok  607 [tablet-webkit] › e2e\25-continue-work.spec.js:79:3 › one mode, one Build › the primary CTA on Home is wired to continue-work, not the deploy list (3.0s)
  ok  608 [tablet-webkit] › e2e\25-continue-work.spec.js:90:3 › one mode, one Build › ⛔ MANAGE-DEPLOYMENTS doors are UNTOUCHED — intent decides the door (2.7s)
  ok  609 [tablet-webkit] › e2e\25-continue-work.spec.js:102:3 › one mode, one Build › the deploy list is still REACHABLE and still works (5.9s)
  ok  610 [tablet-webkit] › e2e\25-continue-work.spec.js:112:3 › one mode, one Build › continue-work fails LOUDLY if the mode cannot open (2.7s)
  ok  611 [tablet-webkit] › e2e\26-rack-detail-surface.spec.js:54:3 › a rack detail brings its own surface › ⛔ FROM HOME: the phase dock never floats over the Command page (5.5s)
  ok  612 [tablet-webkit] › e2e\26-rack-detail-surface.spec.js:78:3 › a rack detail brings its own surface › FROM THE DEPLOY PANEL: the coherent path is unchanged (6.8s)
  ok  613 [tablet-webkit] › e2e\26-rack-detail-surface.spec.js:91:3 › a rack detail brings its own surface › the guard ensures the PAGE, not just the panel — and only when needed (2.5s)
  ok  614 [tablet-webkit] › e2e\26-rack-detail-surface.spec.js:100:3 › a rack detail brings its own surface › both deploy detail doors share the guard — fixing it fixed every caller (2.5s)
  ok  615 [tablet-webkit] › e2e\27-rack-capabilities-in-build.spec.js:45:3 › the rack capabilities live in Build › ASSIGN, QR and LOG NOTE are reachable from the operational centre (5.6s)
  ok  616 [tablet-webkit] › e2e\27-rack-capabilities-in-build.spec.js:59:3 › the rack capabilities live in Build › ⛔ THEY ARE THE SAME DOORS, not copies — and all three are reachable (2.4s)
  ok  617 [tablet-webkit] › e2e\27-rack-capabilities-in-build.spec.js:74:3 › the rack capabilities live in Build › Contract 14 — with no rack resolved the buttons are ABSENT, not dead (4.2s)
  ok  618 [tablet-webkit] › e2e\27-rack-capabilities-in-build.spec.js:86:3 › the rack capabilities live in Build › ADDITIVE — the rack detail still works and still has its own buttons (4.3s)
  ok  619 [tablet-webkit] › e2e\27-rack-capabilities-in-build.spec.js:101:3 › the rack capabilities live in Build › the new buttons fail LOUDLY if a door goes missing (2.7s)
  ok  620 [tablet-webkit] › e2e\27-rack-capabilities-in-build.spec.js:135:3 › the rack capabilities live in Build › ⛔ ASSIGN from Build lands back on BUILD, not on the rack detail (5.2s)
  ok  621 [tablet-webkit] › e2e\27-rack-capabilities-in-build.spec.js:146:3 › the rack capabilities live in Build › the rack detail keeps its own landing — the default surface is unchanged (4.8s)
  ok  622 [tablet-webkit] › e2e\27-rack-capabilities-in-build.spec.js:165:3 › the rack capabilities live in Build › Contract 14 — an unknown surface says so and still lands somewhere (2.7s)
  ok  623 [tablet-webkit] › e2e\28-phase-card-builder.spec.js:62:3 › the phase card builder › it is reachable at page scope — the IIFE-scope trap that has bitten this file (2.7s)
  ok  624 [tablet-webkit] › e2e\28-phase-card-builder.spec.js:72:3 › the phase card builder › every branch of the loop still emits — the lift did not drop a status (2.7s)
  ok  625 [tablet-webkit] › e2e\28-phase-card-builder.spec.js:86:3 › the phase card builder › the ungated START branch still emits — the one the first seed cannot reach (3.1s)
  ok  626 [tablet-webkit] › e2e\28-phase-card-builder.spec.js:99:3 › the phase card builder › ⛔ NO ACTION STILL HARDCODES THE RACK DETAIL (2.7s)
  ok  627 [tablet-webkit] › e2e\28-phase-card-builder.spec.js:110:3 › the phase card builder › the cards carry the CALLER'S surface through every hop (3.0s)
  ok  628 [tablet-webkit] › e2e\28-phase-card-builder.spec.js:127:3 › the phase card builder › the stale badge carries the surface three hops to FLAG FOR RE-VERIFY (2.6s)
  ok  629 [tablet-webkit] › e2e\28-phase-card-builder.spec.js:150:3 › the phase card builder › the async legs store the surface — a closure would not survive the modal (2.7s)
  ok  630 [tablet-webkit] › e2e\28-phase-card-builder.spec.js:167:3 › the phase card builder › COMPLETE actually lands on the surface it was tapped from (4.9s)
  ok  631 [tablet-webkit] › e2e\28-phase-card-builder.spec.js:192:3 › the phase card builder › the rack detail is unchanged — the lift is behaviour-preserving (4.5s)
  ok  632 [tablet-webkit] › e2e\29-context-follows-surface.spec.js:72:3 › the one WebGL context follows the visible surface › ⛔ THE RACK DETAIL DRAWS — it held an empty 60vh box before .441 (10.5s)
  ok  633 [tablet-webkit] › e2e\29-context-follows-surface.spec.js:92:3 › the one WebGL context follows the visible surface › the context comes BACK to Build on return (12.7s)
  ok  634 [tablet-webkit] › e2e\29-context-follows-surface.spec.js:109:3 › the one WebGL context follows the visible surface › Contract A6 — exactly one live context, on every surface (12.5s)
  ok  635 [tablet-webkit] › e2e\29-context-follows-surface.spec.js:128:3 › the one WebGL context follows the visible surface › the deferral is stated, never silent (8.9s)
  ok  636 [tablet-webkit] › e2e\30-rack-above-the-fold.spec.js:79:3 › the rack is on screen in Field Mode › ⛔ THE RACK IS VISIBLE WITHOUT SCROLLING (8.0s)
  ok  637 [tablet-webkit] › e2e\30-rack-above-the-fold.spec.js:91:3 › the rack is on screen in Field Mode › the controls moved BELOW the rack — and every one of them still ships (7.5s)
  ok  638 [tablet-webkit] › e2e\30-rack-above-the-fold.spec.js:105:3 › the rack is on screen in Field Mode › OPEN AISLE and the rack identity stay above the fold (8.2s)
  ok  639 [tablet-webkit] › e2e\30-rack-above-the-fold.spec.js:124:3 › the rack is on screen in Field Mode › Rule 1 — nothing pushes the viewport past 100vw (7.2s)
  ok  640 [tablet-webkit] › e2e\31-renderer-data-honesty.spec.js:83:3 › the renderer does not invent state › ⛔ NO RANDOMNESS DECIDES WHAT A DEVICE FAMILY DRAWS (2.8s)
  ok  641 [tablet-webkit] › e2e\31-renderer-data-honesty.spec.js:104:3 › the renderer does not invent state › a re-render neither duplicates nor loses rack geometry (11.7s)
  ok  642 [tablet-webkit] › e2e\31-renderer-data-honesty.spec.js:154:3 › the renderer does not invent state › no LED blinks — a blink is an activity claim (2.6s)
  ok  643 [tablet-webkit] › e2e\31-renderer-data-honesty.spec.js:163:3 › the renderer does not invent state › state colours are not used decoratively on device LEDs (2.6s)
  ok  644 [tablet-webkit] › e2e\32-lod-and-resource-stress.spec.js:62:3 › LOD tiers hold and surfaces do not leak › the LOD ladder is intact — selected, neighbours, pads, background (2.9s)
  ok  645 [tablet-webkit] › e2e\32-lod-and-resource-stress.spec.js:75:3 › LOD tiers hold and surfaces do not leak › ⛔ THE THREE-WAY CYCLE DOES NOT LEAK A CONTEXT OR A CANVAS (38.1s)
  ok  646 [tablet-webkit] › e2e\32-lod-and-resource-stress.spec.js:108:3 › LOD tiers hold and surfaces do not leak › every surface still renders after the cycle — no silent blank (18.7s)
  ok  647 [tablet-webkit] › e2e\33-cdu-is-cooling.spec.js:48:3 › a CDU is cooling, not power › ⛔ THE VOCABULARY CLASSIFIES CDU AS ITS OWN CHANNEL (2.6s)
  ok  648 [tablet-webkit] › e2e\33-cdu-is-cooling.spec.js:71:3 › a CDU is cooling, not power › a CDU tallies as COOLING, where it used to fall through to OTHER (2.7s)
  ok  649 [tablet-webkit] › e2e\33-cdu-is-cooling.spec.js:85:3 › a CDU is cooling, not power › the CDU carries NO status light — its identity is form, not telemetry (2.4s)
  ok  650 [tablet-webkit] › e2e\33-cdu-is-cooling.spec.js:99:3 › a CDU is cooling, not power › nothing was faked in the data to achieve the reclassification (2.9s)
  ok  651 [tablet-webkit] › e2e\34-plumbing-needs-a-source.spec.js:62:3 › coolant plumbing needs a source › ⛔ AN AIR-COOLED RACK GETS NO COOLANT PLUMBING (2.8s)
  ok  652 [tablet-webkit] › e2e\34-plumbing-needs-a-source.spec.js:82:3 › coolant plumbing needs a source › a rack that DECLARES a CDU still gets its plumbing (2.8s)
  ok  653 [tablet-webkit] › e2e\34-plumbing-needs-a-source.spec.js:96:3 › coolant plumbing needs a source › structure stays unconditional — bus bars, cable arms and the rear door (2.8s)
  ok  654 [tablet-webkit] › e2e\35-forge-parity.spec.js:77:3 › Forge parity › ⛔ THE AISLE DRAWS REAL RACK GEOMETRY, NOT A PHOTOGRAPH (11.8s)
  ok  655 [tablet-webkit] › e2e\35-forge-parity.spec.js:142:3 › Forge parity › the focused rack matches Build — count, RU positions, families, CDU (10.0s)
  ok  656 [tablet-webkit] › e2e\35-forge-parity.spec.js:172:3 › Forge parity › STRESS: Build → Forge → 10+ racks → Build → Forge accumulates nothing (28.8s)
  ok  657 [tablet-webkit] › e2e\36-forge-rack-centric.spec.js:85:3 › Forge is rack-centric › ⛔ LOCKED IS THE DEFAULT — a drag does not move the camera (28.4s)
  ok  658 [tablet-webkit] › e2e\36-forge-rack-centric.spec.js:123:3 › Forge is rack-centric › WALK AISLE is an explicit mode, and it frees the camera (16.1s)
  ok  659 [tablet-webkit] › e2e\36-forge-rack-centric.spec.js:148:3 › Forge is rack-centric › leaving WALK snaps back to the canonical rack framing (19.6s)
  ok  660 [tablet-webkit] › e2e\36-forge-rack-centric.spec.js:193:3 › Forge is rack-centric › ⛔ camera-lock is NOT exposed as a setting (2.9s)
  ok  661 [tablet-webkit] › e2e\37-locked-rack-pose.spec.js:108:3 › Locked rack mode is a canonical front elevation › ⛔ the locked pose is square to the rack — zero yaw, zero pitch, zero roll (13.7s)
  ok  662 [tablet-webkit] › e2e\37-locked-rack-pose.spec.js:125:3 › Locked rack mode is a canonical front elevation › the frame is an inspection view, centred on the USABLE rect and not the raw canvas (13.9s)
  ok  663 [tablet-webkit] › e2e\37-locked-rack-pose.spec.js:141:3 › Locked rack mode is a canonical front elevation › ⭐ every rack lands on the SAME pose relative to itself, and the walk returns exactly (1.3m)
  ok  664 [tablet-webkit] › e2e\37-locked-rack-pose.spec.js:179:3 › Locked rack mode is a canonical front elevation › leaving WALK AISLE returns to a pose identical to selecting that rack normally (34.8s)
  ok  665 [tablet-webkit] › e2e\38-context-engine.spec.js:29:3 › Context engine › ⛔ the honesty guard is always first and is never dropped (2.5s)
  ok  666 [tablet-webkit] › e2e\38-context-engine.spec.js:44:3 › Context engine › ⛔ the token budget holds, and truncation happens at line boundaries (2.5s)
  ok  667 [tablet-webkit] › e2e\38-context-engine.spec.js:61:3 › Context engine › ⛔ CHANGE has no path, and READ is asserted at the choke point (2.3s)
  ok  668 [tablet-webkit] › e2e\38-context-engine.spec.js:76:3 › Context engine › unknown fields are ABSENT, not blank-stubbed (2.4s)
  ok  669 [tablet-webkit] › e2e\38-context-engine.spec.js:93:3 › Context engine › ⛔ placeholder step text never reaches the model (2.7s)
  ok  670 [tablet-webkit] › e2e\38-context-engine.spec.js:110:3 › Context engine › the JobState field registry carries a source for every field, and sources never ship to the model (2.4s)
  ok  671 [tablet-webkit] › e2e\38-context-engine.spec.js:129:3 › Context engine › ⛔ no AI call site still bypasses the choke point (3.1s)
  ok  672 [tablet-webkit] › e2e\39-sw-update-path.spec.js:24:3 › SW update path — structure › ⛔ install must NOT skipWaiting, and a message handler must exist to promote on demand (2.4s)
  ok  673 [tablet-webkit] › e2e\39-sw-update-path.spec.js:45:3 › SW update path — structure › ⛔ exactly one controllerchange reaction, and exactly one activation door (2.6s)
  ok  674 [tablet-webkit] › e2e\39-sw-update-path.spec.js:62:3 › SW update path — structure › navigations and version.json must not be answerable from a stale cache (2.7s)
  ok  675 [tablet-webkit] › e2e\39-sw-update-path.spec.js:81:3 › SW update path — behaviour › ⛔ the badge is honest: it cannot claim an update with no worker waiting (2.6s)
  ok  676 [tablet-webkit] › e2e\39-sw-update-path.spec.js:102:3 › SW update path — behaviour › the diagnostic reports the lifecycle position rather than requiring a console (2.4s)
  ok  677 [tablet-webkit] › e2e\39-sw-update-path.spec.js:111:3 › SW update path — behaviour › an activation attempt with nothing to promote FAILS LOUDLY and restores the control (4.2s)
  ok  678 [tablet-webkit] › e2e\39-sw-update-path.spec.js:131:3 › SW update path — behaviour › ⛔ operational data is never touched by an update attempt (4.2s)
  ok  679 [tablet-webkit] › e2e\40-shift-door.spec.js:41:3 › SHIFT door › ⛔ the shift control is REACHABLE on Command, not merely present (4.5s)
  ok  680 [tablet-webkit] › e2e\40-shift-door.spec.js:58:3 › SHIFT door › one tap opens the shift sheet, and every control in it clears the gloved floor (4.0s)
  ok  681 [tablet-webkit] › e2e\40-shift-door.spec.js:82:3 › SHIFT door › the row states shift honestly when unset, and invents nothing (4.2s)
  ok  682 [tablet-webkit] › e2e\40-shift-door.spec.js:95:3 › SHIFT door › ⛔ the door did not push the deck past the viewport (3.7s)
  ok  683 [tablet-webkit] › e2e\41-continue-not-silent.spec.js:57:3 › Build CONTINUE › the reported state renders, and CONTINUE is a live, hit-testable control (7.4s)
  ok  684 [tablet-webkit] › e2e\41-continue-not-silent.spec.js:87:3 › Build CONTINUE › one tap enters the rack workflow and the render lands somewhere VISIBLE (8.3s)
  ok  685 [tablet-webkit] › e2e\41-continue-not-silent.spec.js:114:3 › Build CONTINUE › ⛔ with no host, CONTINUE reports the failure instead of swallowing it (8.0s)
  ok  686 [tablet-webkit] › e2e\42-paste-classifier.spec.js:30:3 › paste classifier › identifies each real format from shape alone (3.1s)
  ok  687 [tablet-webkit] › e2e\42-paste-classifier.spec.js:44:3 › paste classifier › ⭐ real pastes are not refused for being messy (3.2s)
  ok  688 [tablet-webkit] › e2e\42-paste-classifier.spec.js:84:3 › paste classifier › ⛔ ambiguous and unrecognisable input returns unknown, never a guess (4.8s)
  ok  689 [tablet-webkit] › e2e\42-paste-classifier.spec.js:174:3 › paste classifier › ⛔ CSV-vs-CSV does not collide — the real ambiguity in this set (3.2s)
  ok  690 [tablet-webkit] › e2e\42-paste-classifier.spec.js:184:3 › paste classifier › every verdict except unknown has a routing target (3.3s)
  ok  691 [tablet-webkit] › e2e\42-paste-classifier.spec.js:208:3 › paste classifier › bounded input cannot change a verdict (3.2s)
  ok  692 [tablet-webkit] › e2e\43-paste-door.spec.js:23:3 › paste door › ⛔ the PASTE row is reachable on Work (5.5s)
  ok  693 [tablet-webkit] › e2e\43-paste-door.spec.js:47:3 › paste door › ⛔ tapping the row actually opens the sheet (6.2s)
  ok  694 [tablet-webkit] › e2e\43-paste-door.spec.js:64:3 › paste door › the sheet opens with an empty, honest zero state (5.2s)
  ok  695 [tablet-webkit] › e2e\43-paste-door.spec.js:85:3 › paste door › a recognised paste names the format and offers exactly one route (5.8s)
  ok  696 [tablet-webkit] › e2e\43-paste-door.spec.js:105:3 › paste door › ⛔ an unrecognised paste says so and offers the doors (5.7s)
  ok  697 [tablet-webkit] › e2e\43-paste-door.spec.js:133:3 › paste door › ⛔ every offered route is a real door, and unknown routes nowhere (5.0s)
  ok  698 [tablet-webkit] › e2e\43-paste-door.spec.js:157:3 › paste door › ⛔ a tap cannot silently do nothing before routing is wired (5.6s)
  ok  699 [tablet-webkit] › e2e\43-paste-door.spec.js:189:3 › paste routing › routing lands in the target tool WITH the text (6.7s)
  ok  700 [tablet-webkit] › e2e\43-paste-door.spec.js:208:3 › paste routing › ⛔ a route that cannot complete says so instead of losing the paste (5.0s)
  ok  701 [tablet-webkit] › e2e\43-paste-door.spec.js:226:3 › paste routing › ⛔ EDP declines without a deployment, and the sheet keeps the text (5.7s)
  ok  702 [tablet-webkit] › e2e\43-paste-door.spec.js:257:3 › paste routing › ⛔ overwriting a box that already had text is stated, not silent (7.6s)
  ok  703 [tablet-webkit] › e2e\43-paste-door.spec.js:281:3 › paste routing › ⛔ routing an unknown verdict is refused, not guessed (5.3s)
  ok  704 [tablet-webkit] › e2e\44-tool-reachability.spec.js:54:3 › ops tool reachability › ⛔ all nine tools are reachable, and none has two doors (5.4s)
  x   705 [tablet-webkit] › e2e\44-tool-reachability.spec.js:69:3 › ops tool reachability › the tool row meets the gloved floor (5.9s)
(node:39532) Warning: The 'NO_COLOR' env is ignored due to the 'FORCE_COLOR' env being set.
(Use `node --trace-warnings ...` to show where the warning was created)
  ok  706 [tablet-webkit] › e2e\44-tool-reachability.spec.js:79:3 › ops tool reachability › ⛔ the retired banner stack is gone, not merely hidden (4.9s)
(node:23684) Warning: The 'NO_COLOR' env is ignored due to the 'FORCE_COLOR' env being set.
(Use `node --trace-warnings ...` to show where the warning was created)
  ok  707 [laptop-chromium] › e2e\00-boot.spec.js:7:3 › cold boot › enters past the splash into the redesign shell (3.9s)
  ok  708 [laptop-chromium] › e2e\00-boot.spec.js:18:3 › cold boot › boots with no uncaught exception and no console error (2.1s)
  ok  709 [laptop-chromium] › e2e\00-boot.spec.js:25:3 › cold boot › serves the same version the working tree carries (2.2s)
  ok  710 [laptop-chromium] › e2e\00-boot.spec.js:31:3 › cold boot › the shell does not overflow horizontally (2.0s)
  ok  711 [laptop-chromium] › e2e\01-nav.spec.js:79:3 › bottom nav — structure › the nav pins the pre-M4 shape: three slots plus EXIT (R-02 replaces this at M4) (2.2s)
  -   712 [laptop-chromium] › e2e\01-nav.spec.js:102:3 › bottom nav — structure › every nav control meets the 44px gloved-hand minimum
  ok  713 [laptop-chromium] › e2e\01-nav.spec.js:121:3 › bottom nav — routing › each slot activates its own page and deactivates the other two (3.3s)
  ok  714 [laptop-chromium] › e2e\01-nav.spec.js:135:3 › bottom nav — routing › .botitem.active mirrors the visible page (4.9s)
  -   715 [laptop-chromium] › e2e\01-nav.spec.js:149:3 › bottom nav — routing › #bn-core still tracks the active slot, but the rail is retired and paints nothing
  ok  716 [laptop-chromium] › e2e\01-nav.spec.js:172:3 › bottom nav — routing › body.mode-ref is set on Tools only — it is the sole mode-* class the app owns (2.8s)
  ok  717 [laptop-chromium] › e2e\01-nav.spec.js:189:3 › bottom nav — routing › cycling all three slots raises no console error and no uncaught exception (4.5s)
  ok  718 [laptop-chromium] › e2e\01-nav.spec.js:241:3 › bottom nav — routing › none of the three pages overflows the viewport horizontally (3.0s)
  x   719 [laptop-chromium] › e2e\01-nav.spec.js:269:3 › browser back › back after nav taps returns to the previous destination (2.8s)
  -   720 [laptop-chromium] › e2e\01-nav.spec.js:289:3 › house selection › a bare URL boots the redesign house with the 3-slot nav visible
  ok  721 [laptop-chromium] › e2e\01-nav.spec.js:299:3 › house selection › ?legacy=1 boots the legacy house — no body.rd, no redesign nav (2.0s)
  ok  722 [laptop-chromium] › e2e\01-nav.spec.js:316:3 › house selection › ?legacy=1 survives a reload without the query string (3.3s)
  -   723 [laptop-chromium] › e2e\01-nav.spec.js:335:3 › #rd-exit is hold-only › a plain tap on EXIT does not navigate and does not freeze
  -   724 [laptop-chromium] › e2e\01-nav.spec.js:357:3 › #rd-exit is hold-only › holding EXIT past RD_HOLD_MS freezes to the sleep curtain
[02-build-forge] WEBGL BRANCH = GPU-PRESENT | context=WebGL2RenderingContext | renderer=ANGLE (Google, Vulkan 1.3.0 (SwiftShader Device (Subzero) (0x0000C0DE)), SwiftShader driver)
  ok  725 [laptop-chromium] › e2e\02-build-forge.spec.js:253:3 › Build workspace + Forge aisle › WebGL capability is MEASURED in this browser, not assumed (2.2s)
  ok  726 [laptop-chromium] › e2e\02-build-forge.spec.js:285:3 › Build workspace + Forge aisle › the Build slot mounts #bw-shell with the real workspace, not the legacy grid (6.3s)
  ok  727 [laptop-chromium] › e2e\02-build-forge.spec.js:302:3 › Build workspace + Forge aisle › #bw-mount exists and MEASURES non-zero — the display:contents / wiped-host guard (5.4s)
  ok  728 [laptop-chromium] › e2e\02-build-forge.spec.js:339:3 › Build workspace + Forge aisle › ten Build entries leave exactly one #bw-mount and do not multiply canvases (50.2s)
  ok  729 [laptop-chromium] › e2e\02-build-forge.spec.js:389:3 › Build workspace + Forge aisle › RackEngine never holds more than one interactive attachment (21.1s)
  ok  730 [laptop-chromium] › e2e\02-build-forge.spec.js:430:3 › Build workspace + Forge aisle › the aisle opens over Build and closing it returns to Build with #bw-mount intact (11.8s)
  ok  731 [laptop-chromium] › e2e\02-build-forge.spec.js:481:3 › Build workspace + Forge aisle › no uncaught exception across the Build -> aisle -> Build round trip (13.5s)
  ok  732 [laptop-chromium] › e2e\02-build-forge.spec.js:519:3 › Build workspace + Forge aisle › the aisle states its zero-state instead of failing silently with no Master (7.1s)
  ok  733 [laptop-chromium] › e2e\02-build-forge.spec.js:539:3 › Build workspace + Forge aisle › opening the aisle does not tell the technician the app crashed (7.3s)
[02-build-forge] BUILD PREVIEW OUTCOME = canvas
  ok  734 [laptop-chromium] › e2e\02-build-forge.spec.js:576:3 › Build workspace + Forge aisle › the Build rack preview always reaches a STATED terminal state — never a silent blank (6.2s)
  ok  735 [laptop-chromium] › e2e\02-build-forge.spec.js:620:3 › Build workspace + Forge aisle › with a usable renderer, the Build mount holds exactly ONE live WebGL canvas (6.8s)
  ok  736 [laptop-chromium] › e2e\02-build-forge.spec.js:670:3 › Build workspace + Forge aisle › with a usable renderer, opening the aisle TRANSFERS the single attachment and Build does not steal it back (21.0s)
[02] item-4 round-trip trace: [{"round":1,"openCanvases":5,"openLive":1,"closedCanvases":5,"closedLive":1},{"round":2,"openCanvases":5,"openLive":1,"closedCanvases":5,"closedLive":1},{"round":3,"openCanvases":5,"openLive":1,"closedCanvases":5,"closedLive":1},{"round":4,"openCanvases":5,"openLive":1,"closedCanvases":5,"closedLive":1},{"round":5,"openCanvases":5,"openLive":1,"closedCanvases":5,"closedLive":1},{"round":6,"openCanvases":5,"openLive":1,"closedCanvases":5,"closedLive":1},{"round":7,"openCanvases":5,"openLive":1,"closedCanvases":5,"closedLive":1},{"round":8,"openCanvases":5,"openLive":1,"closedCanvases":5,"closedLive":1},{"round":9,"openCanvases":5,"openLive":1,"closedCanvases":5,"closedLive":1},{"round":10,"openCanvases":5,"openLive":1,"closedCanvases":5,"closedLive":1}]
  ok  737 [laptop-chromium] › e2e\02-build-forge.spec.js:738:3 › Build workspace + Forge aisle › THE ROUND TRIP HOLDS x10 — the attachment comes home every time and nothing accumulates (56.0s)
  ok  738 [laptop-chromium] › e2e\02-build-forge.spec.js:831:3 › Build workspace + Forge aisle › closing the aisle RETURNS the rack to Build — the context goes back to its lender (9.3s)
  ok  739 [laptop-chromium] › e2e\03-tools.spec.js:182:3 › Tools page grid (#pg-ref) › the bottom-nav Tools slot lands on the card grid, not a drilled-in panel (3.1s)
  ok  740 [laptop-chromium] › e2e\03-tools.spec.js:199:3 › Tools page grid (#pg-ref) › every card is a named, gloved-hand tap target (2.5s)
  -   741 [laptop-chromium] › e2e\03-tools.spec.js:225:3 › Tools page grid (#pg-ref) › the grid clears the fixed bottom nav at the end of its scroll
  ok  742 [laptop-chromium] › e2e\03-tools.spec.js:276:3 › Tools page grid (#pg-ref) › the Tools grid does not overflow horizontally (2.5s)
  ok  743 [laptop-chromium] › e2e\03-tools.spec.js:282:3 › Tools page grid (#pg-ref) › the filter narrows the grid, states a zero-match, and recovers (3.5s)
  ok  744 [laptop-chromium] › e2e\03-tools.spec.js:310:5 › Tools page doors › OPTICS opens a VISIBLE surface and can be backed out of (4.0s)
  ok  745 [laptop-chromium] › e2e\03-tools.spec.js:310:5 › Tools page doors › PLATFORMS opens a VISIBLE surface and can be backed out of (4.1s)
  ok  746 [laptop-chromium] › e2e\03-tools.spec.js:310:5 › Tools page doors › CLI / IB opens a VISIBLE surface and can be backed out of (4.0s)
  ok  747 [laptop-chromium] › e2e\03-tools.spec.js:310:5 › Tools page doors › PARTS opens a VISIBLE surface and can be backed out of (4.0s)
  ok  748 [laptop-chromium] › e2e\03-tools.spec.js:310:5 › Tools page doors › KNOW opens a VISIBLE surface and can be backed out of (4.1s)
  ok  749 [laptop-chromium] › e2e\03-tools.spec.js:310:5 › Tools page doors › COMPASS opens a VISIBLE surface and can be backed out of (3.9s)
  ok  750 [laptop-chromium] › e2e\03-tools.spec.js:342:3 › Tools page doors › GHOST ECHO opens its sheet visibly and closes back to the grid (3.5s)
  ok  751 [laptop-chromium] › e2e\03-tools.spec.js:374:3 › ops tool doors (rd_openOpsTool) › the registry, the wall and the renderers agree (2.1s)
  ok  752 [laptop-chromium] › e2e\03-tools.spec.js:404:5 › ops tool doors (rd_openOpsTool) › bom mounts into a VISIBLE host and backs out to Build (2.8s)
  ok  753 [laptop-chromium] › e2e\03-tools.spec.js:404:5 › ops tool doors (rd_openOpsTool) › manifest mounts into a VISIBLE host and backs out to Build (2.8s)
  ok  754 [laptop-chromium] › e2e\03-tools.spec.js:404:5 › ops tool doors (rd_openOpsTool) › portmap mounts into a VISIBLE host and backs out to Build (2.8s)
  ok  755 [laptop-chromium] › e2e\03-tools.spec.js:404:5 › ops tool doors (rd_openOpsTool) › rackmap mounts into a VISIBLE host and backs out to Build (2.8s)
  ok  756 [laptop-chromium] › e2e\03-tools.spec.js:404:5 › ops tool doors (rd_openOpsTool) › sops mounts into a VISIBLE host and backs out to Build (2.8s)
  ok  757 [laptop-chromium] › e2e\03-tools.spec.js:404:5 › ops tool doors (rd_openOpsTool) › burndown mounts into a VISIBLE host and backs out to Build (2.8s)
  ok  758 [laptop-chromium] › e2e\03-tools.spec.js:404:5 › ops tool doors (rd_openOpsTool) › audits mounts into a VISIBLE host and backs out to Build (2.7s)
  ok  759 [laptop-chromium] › e2e\03-tools.spec.js:404:5 › ops tool doors (rd_openOpsTool) › blast mounts into a VISIBLE host and backs out to Build (2.6s)
  ok  760 [laptop-chromium] › e2e\03-tools.spec.js:404:5 › ops tool doors (rd_openOpsTool) › optics mounts into a VISIBLE host and backs out to Build (2.6s)
  ok  761 [laptop-chromium] › e2e\03-tools.spec.js:404:5 › ops tool doors (rd_openOpsTool) › isolate mounts into a VISIBLE host and backs out to Build (2.6s)
  ok  762 [laptop-chromium] › e2e\03-tools.spec.js:452:3 › ops tool doors (rd_openOpsTool) › an unknown tab fails loudly instead of silently (2.4s)
  x   763 [laptop-chromium] › e2e\03-tools.spec.js:470:3 › ops tool reachability › the OPS wall keeps its nine tools one tap from the Build landing (2.3s)
  x   764 [laptop-chromium] › e2e\03-tools.spec.js:524:3 › known dead doors › DEAD DOOR 1 — a SOP card tap opens the SOP detail where the tech is looking (2.6s)
  x   765 [laptop-chromium] › e2e\03-tools.spec.js:546:3 › known dead doors › DEAD DOOR 2 — the SOP detail Back and DELETE controls are reachable (2.7s)
  x   766 [laptop-chromium] › e2e\03-tools.spec.js:566:3 › known dead doors › DEAD DOOR 3 — deleteSOP leaves the tech with a way back (2.8s)
  x   767 [laptop-chromium] › e2e\03-tools.spec.js:621:3 › known dead doors › DEAD DOOR 4 — the deployment-list Rack Map button opens a visible rack map (3.1s)
  ok  768 [laptop-chromium] › e2e\04-storage.spec.js:157:3 › the guarded storage doors › safeGet, safeStore and safeRemove exist as the canonical doors (2.5s)
  ok  769 [laptop-chromium] › e2e\04-storage.spec.js:177:3 › the guarded storage doors › an absent key returns the fallback silently — absence is normal, not an event (2.5s)
  ok  770 [laptop-chromium] › e2e\04-storage.spec.js:192:3 › the guarded storage doors › safeGet returns the fallback and warns when storage itself is unreadable (2.6s)
  ok  771 [laptop-chromium] › e2e\04-storage.spec.js:209:3 › the guarded storage doors › safeRemove reports failure instead of throwing at a caller that assumed deletion (2.3s)
  ok  772 [laptop-chromium] › e2e\04-storage.spec.js:225:3 › the guarded storage doors › a write over quota returns false, raises a toast and flags the app (2.3s)
  ok  773 [laptop-chromium] › e2e\04-storage.spec.js:245:3 › the guarded storage doors › the app's own store factory reads and writes through the guarded doors (2.4s)
  ok  774 [laptop-chromium] › e2e\04-storage.spec.js:280:3 › corrupt data quarantine › a damaged blob is quarantined verbatim and the original bytes are preserved (2.4s)
  ok  775 [laptop-chromium] › e2e\04-storage.spec.js:312:3 › corrupt data quarantine › a corrupt quarantine store does not recurse — it resets and still rescues the new blob (2.2s)
  ok  776 [laptop-chromium] › e2e\04-storage.spec.js:329:3 › corrupt data quarantine › booting on top of a corrupt user-data key raises no storage exception (2.2s)
  ok  777 [laptop-chromium] › e2e\04-storage.spec.js:347:3 › corrupt data quarantine › the quarantine is itself in the backup registry — the only copy travels (2.3s)
  x   778 [laptop-chromium] › e2e\04-storage.spec.js:368:8 › corrupt data quarantine › reading a damaged key repeatedly does not re-write the quarantine every time (2.4s)
  ok  779 [laptop-chromium] › e2e\04-storage.spec.js:389:3 › backup coverage is DERIVED, not a hand-list › coverage is measured against live storage — a key nobody classified is reported (2.3s)
  ok  780 [laptop-chromium] › e2e\04-storage.spec.js:406:3 › backup coverage is DERIVED, not a hand-list › classified keys and prefix-swept dynamic keys are not reported as gaps (3.1s)
  ok  781 [laptop-chromium] › e2e\04-storage.spec.js:423:3 › backup coverage is DERIVED, not a hand-list › every registry row names a key and a reason, and the three registries are disjoint (2.5s)
  ok  782 [laptop-chromium] › e2e\04-storage.spec.js:443:3 › backup coverage is DERIVED, not a hand-list › an unclassified key is recorded IN the exported bundle, never dropped in silence (3.5s)
  ok  783 [laptop-chromium] › e2e\04-storage.spec.js:461:3 › export → clear → restore round trip › a full backup restores every key it captured after localStorage is wiped (3.6s)
  -   784 [laptop-chromium] › e2e\04-storage.spec.js:553:3 › export → clear → restore round trip › the iOS share-sheet export branch cannot be reached from this harness
  ok  785 [laptop-chromium] › e2e\04-storage.spec.js:561:3 › export → clear → restore round trip › a newer-schema bundle is refused before any destructive write (2.5s)
  ok  786 [laptop-chromium] › e2e\04-storage.spec.js:605:3 › durability across a reload › data written through the app survives a reload and reads back identically (3.8s)
  ok  787 [laptop-chromium] › e2e\04-storage.spec.js:668:3 › unguarded write paths › a quota failure while saving the Master reaches the operator (2.2s)
  ok  788 [laptop-chromium] › e2e\04-storage.spec.js:698:3 › unguarded write paths › a quota failure while writing the shift-end marker reaches the operator (2.2s)
  ok  789 [laptop-chromium] › e2e\05-offline.spec.js:259:3 › offline contract › every script the app loads at runtime is in the SW precache list (173ms)
  ok  790 [laptop-chromium] › e2e\05-offline.spec.js:279:3 › offline contract › no runtime script is loaded from a third-party origin (139ms)
  ok  791 [laptop-chromium] › e2e\05-offline.spec.js:290:3 › offline contract › every PRECACHE_URL actually serves — a 404 entry installs silently broken (586ms)
  x   792 [laptop-chromium] › e2e\05-offline.spec.js:307:3 › offline contract › the three cache stamps agree — a drifted CACHE_VERSION never evicts (366ms)
(node:15336) Warning: The 'NO_COLOR' env is ignored due to the 'FORCE_COLOR' env being set.
(Use `node --trace-warnings ...` to show where the warning was created)
  -   793 [laptop-chromium] › e2e\05-offline.spec.js:324:3 › offline contract › the app registers a service worker on first load
  ok  794 [laptop-chromium] › e2e\05-offline.spec.js:348:3 › offline contract › sw.js precaches its whole manifest once registered (3.2s)
  ok  795 [laptop-chromium] › e2e\05-offline.spec.js:382:3 › offline contract › the offline shell and every vendor bundle are physically in the SW cache (3.3s)
  ok  796 [laptop-chromium] › e2e\05-offline.spec.js:424:3 › offline contract › with the network cut, the service worker actually serves the shell and vendors (3.5s)
  ok  797 [laptop-chromium] › e2e\05-offline.spec.js:452:3 › offline contract › after one online load, an offline reload still boots to a usable shell (6.1s)
[05-offline] 3 harness-class console error(s) filtered on the offline boot (Chromium navigator.vibrate policy at dct-ios.html:18390; cross-origin AI proxy probe at :50945/:18248). cross-origin request failures seen: 0. Both reported as findings, neither allowlisted.
  ok  798 [laptop-chromium] › e2e\05-offline.spec.js:477:3 › offline contract › an offline boot raises no uncaught exception and no same-origin request failure (5.3s)
  ok  799 [laptop-chromium] › e2e\05-offline.spec.js:565:3 › offline contract › losing the network is reported on the running app, not swallowed (2.9s)
  -   800 [laptop-chromium] › e2e\05-offline.spec.js:628:3 › offline contract › a cold offline boot reports offline at first paint
  ok  801 [laptop-chromium] › e2e\05-offline.spec.js:681:3 › offline contract › the app REPORTS offline at first paint when the platform says so — signal forced, network still cut (6.1s)
  ok  802 [laptop-chromium] › e2e\05-offline.spec.js:708:3 › offline contract › work saved while offline survives an offline reload and the return to network (10.1s)
  x   803 [laptop-chromium] › e2e\05-offline.spec.js:764:3 › offline contract › offline PDF import uses the precached vendor bytes (4.3s)
  ok  804 [laptop-chromium] › e2e\06-composition.spec.js:212:3 › zero horizontal overflow › Command composes inside the viewport at this tier and at every declared breakpoint (8.5s)
  ok  805 [laptop-chromium] › e2e\06-composition.spec.js:225:3 › zero horizontal overflow › Build composes inside the viewport at this tier and at every declared breakpoint (7.8s)
  ok  806 [laptop-chromium] › e2e\06-composition.spec.js:239:3 › zero horizontal overflow › Tools composes inside the viewport at this tier and at every declared breakpoint (7.6s)
  ok  807 [laptop-chromium] › e2e\06-composition.spec.js:259:3 › tier boundaries › 1024px flips phone composition to desktop chrome, and the second tier is 1500px (not 1520px) (3.7s)
  ok  808 [laptop-chromium] › e2e\06-composition.spec.js:319:3 › tier boundaries › the composition follows the VIEWPORT, not a flag that was read once at boot (4.3s)
  ok  809 [laptop-chromium] › e2e\06-composition.spec.js:365:3 › tier boundaries › the rip-cord pins the phone composition at a desktop width (2.1s)
[06] tap-floor offenders @1366px (census Command=31 Build=15 Tools=21):
  Build · button.ops-banner-btn · 697x23px · "Expand OPS panel"
  Tools · input#srch.search-input · 1315x38px · ""
  x   810 [laptop-chromium] › e2e\06-composition.spec.js:403:3 › touch-target floor › every visible interactive control clears 44px on Command, Build and Tools (3.1s)
[06] .reh-3d-seg RULE probe: 41.2x22px (font 11px, padding 4px 12px) vs the 44px floor
  x   811 [laptop-chromium] › e2e\06-composition.spec.js:457:3 › touch-target floor › the .reh-3d-seg rack-mode pill RULE yields a 44px target (rule probe, not a live control) (2.5s)
  -   812 [laptop-chromium] › e2e\06-composition.spec.js:496:3 › touch-target floor › the bottom nav — the always-on-screen control — clears 44px in both axes
[06] #rd-botnav .blabel contrast:
  15.09:1  10px/700  rgb(97, 239, 255) on rgb(2, 2, 3)  "Home"
  2.75:1  10px/700  rgb(74, 86, 95) on rgb(2, 2, 3)  "Build"
  2.75:1  10px/700  rgb(74, 86, 95) on rgb(2, 2, 3)  "Tools"
  6.33:1  10px/700  rgb(255, 77, 77) on rgb(2, 2, 3)  "Exit"
  x   813 [laptop-chromium] › e2e\06-composition.spec.js:539:3 › contrast floor › #rd-botnav .blabel meets WCAG AA at 9px (2.3s)
  ok  814 [laptop-chromium] › e2e\06-composition.spec.js:585:3 › reduced motion › reduced motion does not break composition on any page or collapse the fixed nav (3.6s)
  ok  815 [laptop-chromium] › e2e\06-composition.spec.js:635:3 › reduced motion › reduced motion keeps the same tier boundaries (2.5s)
  ok  816 [laptop-chromium] › e2e\08-forge-layout.spec.js:340:3 › Forge bottom control stack › both utility buttons clear 44x44 in EVERY chip state, including the empty zero state (6.7s)
  ok  817 [laptop-chromium] › e2e\08-forge-layout.spec.js:401:3 › Forge bottom control stack › every control in the row consumes the tap token as its OWN height, not a sibling's (5.8s)
  ok  818 [laptop-chromium] › e2e\08-forge-layout.spec.js:446:3 › Forge bottom control stack › the pill strip, the utility buttons and the status row never intersect (7.5s)
  ok  819 [laptop-chromium] › e2e\08-forge-layout.spec.js:490:3 › Forge bottom control stack › the caption stays readable and inside the viewport at every chip state (5.6s)
  ok  820 [laptop-chromium] › e2e\08-forge-layout.spec.js:521:3 › Forge bottom control stack › the pill strip declares its clip on both axes and holds the glow's own room inside it (4.9s)
[08-forge-layout] [laptop-chromium] clearance under perturbation — at rest: stack 110 (row 58 + row2 26), gap 10 | status row at --fs-micro 22px: stack 133.8 (row 65 + row2 42.8), gap 10 | status row at --fs-micro 34px: stack 166.59 (row 81 + row2 59.59), gap 10 | tall row2 + --forge-tap 76px: stack 175.59 (row 90 + row2 59.59), gap 10 | tall row2 only: stack 166.59 (row 81 + row2 59.59), gap 10 | back at rest: stack 110 (row 58 + row2 26), gap 10
  ok  821 [laptop-chromium] › e2e\08-forge-layout.spec.js:581:3 › Forge bottom control stack › the caption's clearance is DERIVED: move the stack and the gap holds (8.7s)
  ok  822 [laptop-chromium] › e2e\08-forge-layout.spec.js:733:3 › Forge bottom control stack › the toast clears the control row at every status-row height (8.7s)
  ok  823 [laptop-chromium] › e2e\08-forge-layout.spec.js:763:3 › Forge bottom control stack › the toast still beats the OPEN detail panel, so UNDO survives (5.6s)
  ok  824 [laptop-chromium] › e2e\08-forge-layout.spec.js:791:3 › Forge bottom control stack › the caption yields to the toast rather than stacking with it, and returns (6.5s)
  ok  825 [laptop-chromium] › e2e\08-forge-layout.spec.js:823:3 › Forge bottom control stack › the three status pills are read-outs, not controls (5.7s)
  ok  826 [laptop-chromium] › e2e\08-forge-layout.spec.js:907:3 › Forge bottom control stack › the zero state says its message ONCE and shows no empty id pill (4.0s)
  ok  827 [laptop-chromium] › e2e\08-forge-layout.spec.js:957:3 › Forge bottom control stack › the walk instruction leaves the row when there is no aisle to walk (5.4s)
  ok  828 [laptop-chromium] › e2e\08-forge-layout.spec.js:1012:3 › Forge bottom control stack › opening and closing the aisle raises no uncaught exception and never overflows horizontally (8.6s)
  -   829 [laptop-chromium] › e2e\08-forge-layout.spec.js:1052:3 › Forge bottom control stack › the bottom strip clears the iPhone home indicator
  ok  830 [laptop-chromium] › e2e\08-forge-layout.spec.js:1094:3 › Forge bottom control stack › the scene utilities live above the scene, not in the rack row (5.1s)
  ok  831 [laptop-chromium] › e2e\08-forge-layout.spec.js:1152:3 › Forge bottom control stack › every overlay covers the scene utilities — they are not a floating hit target (8.4s)
  ok  832 [laptop-chromium] › e2e\08-forge-layout.spec.js:1296:3 › Forge bottom control stack › the carousel owns row 1 alone, and no chip hides under a control (5.6s)
  ok  833 [laptop-chromium] › e2e\08-forge-layout.spec.js:1379:3 › Forge bottom control stack › the three context pills hold ONE baseline inside the viewport (4.8s)
  ok  834 [laptop-chromium] › e2e\09-master-binding.spec.js:104:3 › Master → Forge binding › the DATA MODEL carries every rack, with the counts the Master actually holds (8.7s)
  ok  835 [laptop-chromium] › e2e\09-master-binding.spec.js:125:3 › Master → Forge binding › Forge populates FIVE foreground racks, not every rack in the Master (10.0s)
  ok  836 [laptop-chromium] › e2e\09-master-binding.spec.js:138:3 › Master → Forge binding › every rack in the window reports the Master truth — 0/0 ONLY when genuinely empty (19.9s)
  ok  837 [laptop-chromium] › e2e\09-master-binding.spec.js:172:3 › Master → Forge binding › walking the aisle resolves the NEXT rack from the Master, not a stale card (13.6s)
  ok  838 [laptop-chromium] › e2e\09-master-binding.spec.js:203:3 › Master → Forge binding › reading the aisle never mutates the stored Master (18.6s)
  ok  839 [laptop-chromium] › e2e\10-site-profile-root.spec.js:41:3 › ACTIVE_SITE_PROFILE — the contract › PHANTOM_SITE exists and reports validity as a LIST OF REASONS, not a boolean (2.6s)
  ok  840 [laptop-chromium] › e2e\10-site-profile-root.spec.js:56:3 › ACTIVE_SITE_PROFILE — the contract › validity NAMES every missing requirement on a blank device (2.6s)
  ok  841 [laptop-chromium] › e2e\10-site-profile-root.spec.js:67:3 › ACTIVE_SITE_PROFILE — the contract › validity is COMPUTED, never a stored boolean (2.5s)
  ok  842 [laptop-chromium] › e2e\10-site-profile-root.spec.js:84:3 › ACTIVE_SITE_PROFILE — migration is the thing that protects the operator › migration seeds siteLead from the one name on record, and keeps that person as the actor (2.4s)
  ok  843 [laptop-chromium] › e2e\10-site-profile-root.spec.js:112:3 › ACTIVE_SITE_PROFILE — migration is the thing that protects the operator › the actor is credited independently of authority — work is never auto-credited to the Site Lead (2.2s)
  ok  844 [laptop-chromium] › e2e\10-site-profile-root.spec.js:128:3 › ACTIVE_SITE_PROFILE — migration is the thing that protects the operator › migration NEVER overwrites a value a human set (2.3s)
  ok  845 [laptop-chromium] › e2e\10-site-profile-root.spec.js:144:3 › ACTIVE_SITE_PROFILE — migration is the thing that protects the operator › migration is IDEMPOTENT — the second run writes nothing (2.2s)
  ok  846 [laptop-chromium] › e2e\10-site-profile-root.spec.js:161:3 › ACTIVE_SITE_PROFILE — migration is the thing that protects the operator › an UNCONFIRMED profile is left COMPLETELY untouched — it belongs in Site Setup (2.2s)
  ok  847 [laptop-chromium] › e2e\10-site-profile-root.spec.js:178:3 › ONE ANSWER TO "WHO IS WORKING" (v1.14.418, P0 of PHASE-ENGINE) › currentOperator is STRICT — an empty actor never inherits the Site Lead (2.2s)
  ok  848 [laptop-chromium] › e2e\10-site-profile-root.spec.js:196:3 › ONE ANSWER TO "WHO IS WORKING" (v1.14.418, P0 of PHASE-ENGINE) › identity_getUser() resolves through the PROFILE, not the legacy key (2.0s)
  ok  849 [laptop-chromium] › e2e\10-site-profile-root.spec.js:210:3 › ONE ANSWER TO "WHO IS WORKING" (v1.14.418, P0 of PHASE-ENGINE) › identity_setUser() writes the PROFILE — the legacy key stops being a write target (2.3s)
  ok  850 [laptop-chromium] › e2e\10-site-profile-root.spec.js:228:3 › ONE ANSWER TO "WHO IS WORKING" (v1.14.418, P0 of PHASE-ENGINE) › a legacy-only device is MIGRATED, so its operator keeps their attribution (2.4s)
  ok  851 [laptop-chromium] › e2e\10-site-profile-root.spec.js:245:3 › ONE ANSWER TO "WHO IS WORKING" (v1.14.418, P0 of PHASE-ENGINE) › a DIVERGENCE between the two stores is recorded, not silently resolved (2.2s)
  ok  852 [laptop-chromium] › e2e\10-site-profile-root.spec.js:265:3 › ONE ANSWER TO "WHO IS WORKING" (v1.14.418, P0 of PHASE-ENGINE) › THE POINT: the audit log credits the actor from the PROFILE (2.4s)
  ok  853 [laptop-chromium] › e2e\10-site-profile-root.spec.js:291:3 › ACTIVE_SITE_PROFILE — the Master binding › binding reports no-master / no-binding / match as DISTINCT states (2.5s)
  ok  854 [laptop-chromium] › e2e\10-site-profile-root.spec.js:315:3 › ACTIVE_SITE_PROFILE — the Master binding › a profile bound to a DIFFERENT Master reports mismatch — the §10 identity check (2.2s)
  ok  855 [laptop-chromium] › e2e\10-site-profile-root.spec.js:333:3 › ACTIVE_SITE_PROFILE — the Master binding › bindMaster is read-modify-write — it cannot wipe a field it has no input for (2.4s)
  ok  856 [laptop-chromium] › e2e\10-site-profile-root.spec.js:352:3 › ACTIVE_SITE_PROFILE — the Master binding › S0 GATES NOTHING — the app still boots to its normal surface (2.5s)
  ok  857 [laptop-chromium] › e2e\11-event-log.spec.js:43:3 › the Event Log — folding without breaking the chain › THE REGRESSION THAT MATTERS: a v1 entry still verifies after P1 (2.4s)
  ok  858 [laptop-chromium] › e2e\11-event-log.spec.js:57:3 › the Event Log — folding without breaking the chain › a new entry is v2 and carries the spec §6.3 fields (2.3s)
  ok  859 [laptop-chromium] › e2e\11-event-log.spec.js:83:3 › the Event Log — folding without breaking the chain › the 25 existing 5-arg callers still work — meta is optional (2.3s)
  ok  860 [laptop-chromium] › e2e\11-event-log.spec.js:97:3 › the Event Log — folding without breaking the chain › a MIXED chain — v1 then v2 — verifies end to end (2.3s)
  ok  861 [laptop-chromium] › e2e\11-event-log.spec.js:112:3 › the Event Log — folding without breaking the chain › tampering with a v2-ONLY field is DETECTED — the new fields are really covered (2.2s)
  ok  862 [laptop-chromium] › e2e\11-event-log.spec.js:131:3 › the Event Log — folding without breaking the chain › §4.3 — the Event Log SURVIVES a Master swap, with masterId preserving the truth-context (2.2s)
  ok  863 [laptop-chromium] › e2e\11-event-log.spec.js:164:3 › the Event Log — folding without breaking the chain › the truncation marker is still unhashed, so eviction does not read as tampering (2.2s)
  ok  864 [laptop-chromium] › e2e\12-blockers.spec.js:35:3 › the Blocker record — adopting what is already there › THE ONE THAT MATTERS: a pre-existing blocker is adopted, note intact (2.4s)
  ok  865 [laptop-chromium] › e2e\12-blockers.spec.js:59:3 › the Blocker record — adopting what is already there › migration is IDEMPOTENT — a second boot adopts nothing (2.4s)
  ok  866 [laptop-chromium] › e2e\12-blockers.spec.js:72:3 › the Blocker record — adopting what is already there › a blocker with NO note still gets a record, and says so honestly (2.3s)
  ok  867 [laptop-chromium] › e2e\12-blockers.spec.js:87:3 › the Blocker record — opening and clearing › opening through the real door creates a record BEFORE the phase is blocked (2.3s)
  ok  868 [laptop-chromium] › e2e\12-blockers.spec.js:110:3 › the Blocker record — opening and clearing › an open blocker writes a BLOCKER_OPENED event carrying the rack (2.3s)
  ok  869 [laptop-chromium] › e2e\12-blockers.spec.js:125:3 › the Blocker record — opening and clearing › clearing records WHO cleared it and WHEN, and stops it being open (2.3s)
  ok  870 [laptop-chromium] › e2e\12-blockers.spec.js:145:3 › the Blocker record — opening and clearing › clearing an unknown or already-cleared blocker returns null rather than lying (2.4s)
  ok  871 [laptop-chromium] › e2e\12-blockers.spec.js:157:3 › the Blocker record — opening and clearing › the new store is CLASSIFIED for backup — an unregistered key dies at export (2.4s)
  ok  872 [laptop-chromium] › e2e\13-phase-model.spec.js:41:3 › the phase model — built on the phases that already exist › steps hang beneath the EXISTING five phases, not a new vocabulary (2.3s)
  ok  873 [laptop-chromium] › e2e\13-phase-model.spec.js:55:3 › the phase model — built on the phases that already exist › all four platform templates exist, per owner ruling (2.3s)
  ok  874 [laptop-chromium] › e2e\13-phase-model.spec.js:65:3 › the phase model — built on the phases that already exist › PROVENANCE: the model says SITE_TEMPLATE and never claims the Master specified it (2.3s)
  ok  875 [laptop-chromium] › e2e\13-phase-model.spec.js:74:3 › the phase model — built on the phases that already exist › the seeded step text is HONESTLY a placeholder, not invented procedure (2.3s)
  ok  876 [laptop-chromium] › e2e\13-phase-model.spec.js:90:3 › the step state machine (spec §6.2) › states are the four named ones — no booleans (2.2s)
  ok  877 [laptop-chromium] › e2e\13-phase-model.spec.js:96:3 › the step state machine (spec §6.2) › a normal transition moves the step and says where it came from (2.5s)
  ok  878 [laptop-chromium] › e2e\13-phase-model.spec.js:106:3 › the step state machine (spec §6.2) › THE INVARIANT: BLOCKED without a Blocker record is REJECTED, not written (2.4s)
  ok  879 [laptop-chromium] › e2e\13-phase-model.spec.js:121:3 › the step state machine (spec §6.2) › BLOCKED with a real record is accepted and links to it (2.3s)
  ok  880 [laptop-chromium] › e2e\13-phase-model.spec.js:134:3 › the step state machine (spec §6.2) › clearing a block returns the step to IN_PROGRESS and CLOSES the record (2.4s)
  ok  881 [laptop-chromium] › e2e\13-phase-model.spec.js:150:3 › the step state machine (spec §6.2) › COMPLETE credits the ACTOR from the profile (2.5s)
  ok  882 [laptop-chromium] › e2e\13-phase-model.spec.js:159:3 › the step state machine (spec §6.2) › an unknown state is rejected rather than stored (2.4s)
  ok  883 [laptop-chromium] › e2e\13-phase-model.spec.js:167:3 › the step state machine (spec §6.2) › every transition writes a STEP_STATE_CHANGE event carrying rack and step (2.5s)
  ok  884 [laptop-chromium] › e2e\13-phase-model.spec.js:182:3 › the step state machine (spec §6.2) › the model store is CLASSIFIED for backup (2.3s)
  ok  885 [laptop-chromium] › e2e\14-master-staging.spec.js:30:3 › validation summary — counts only, never a verdict about the floor › counts racks, hosts and cables from the candidate (2.3s)
  ok  886 [laptop-chromium] › e2e\14-master-staging.spec.js:38:3 › validation summary — counts only, never a verdict about the floor › ZERO HOSTS warns and stays activatable — a cabled unprovisioned row is legitimate (2.2s)
  ok  887 [laptop-chromium] › e2e\14-master-staging.spec.js:50:3 › validation summary — counts only, never a verdict about the floor › a Master with no readable racks is NOT ok (2.3s)
  ok  888 [laptop-chromium] › e2e\14-master-staging.spec.js:57:3 › validation summary — counts only, never a verdict about the floor › an empty required sheet is surfaced in the summary (2.3s)
  ok  889 [laptop-chromium] › e2e\14-master-staging.spec.js:67:3 › staging — a candidate never participates in the UI › staging does NOT make a candidate active (2.2s)
  ok  890 [laptop-chromium] › e2e\14-master-staging.spec.js:84:3 › staging — a candidate never participates in the UI › THE HARD GUARANTEE: discarding leaves the current site completely unchanged (2.3s)
  ok  891 [laptop-chromium] › e2e\14-master-staging.spec.js:98:3 › staging — a candidate never participates in the UI › activateStaged is the ONLY way a candidate becomes active, and it binds the profile (2.3s)
  ok  892 [laptop-chromium] › e2e\14-master-staging.spec.js:122:3 › staging — a candidate never participates in the UI › activating with nothing staged does not invent a Master (2.3s)
  ok  893 [laptop-chromium] › e2e\14-master-staging.spec.js:131:3 › the restore path — RECOVERY ONLY, never a door into a running app › restore hands control back to the boot state machine instead of asking the operator to (2.2s)
  ok  894 [laptop-chromium] › e2e\14-master-staging.spec.js:148:3 › the restore path — RECOVERY ONLY, never a door into a running app › a boot after a restored snapshot ends with memory and storage AGREEING (2.9s)
  ok  895 [laptop-chromium] › e2e\14-master-staging.spec.js:184:3 › the identity split reaches the assistant context › the context block names authority and actor DISTINCTLY (2.3s)
  ok  896 [laptop-chromium] › e2e\15-dual-source-master.spec.js:47:3 › the Master has TWO sources of component identity › SITE-HOSTS still parses — the canonical source is untouched (2.4s)
  ok  897 [laptop-chromium] › e2e\15-dual-source-master.spec.js:57:3 › the Master has TWO sources of component identity › THE DEFECT: a CUTSHEET-only cabinet resolves its real inventory (2.4s)
  ok  898 [laptop-chromium] › e2e\15-dual-source-master.spec.js:67:3 › the Master has TWO sources of component identity › the nine GPU-B300 nodes land at their explicit RUs (2.3s)
  ok  899 [laptop-chromium] › e2e\15-dual-source-master.spec.js:80:3 › the Master has TWO sources of component identity › NOTHING IS DOUBLE-COUNTED — SITE-HOSTS wins where both sources describe a U (2.5s)
  ok  900 [laptop-chromium] › e2e\15-dual-source-master.spec.js:95:3 › the Master has TWO sources of component identity › source coverage is reported SEPARATELY, never as one "0 hosts" summary (2.4s)
  ok  901 [laptop-chromium] › e2e\15-dual-source-master.spec.js:106:3 › the Master has TWO sources of component identity › BUILD AND FORGE READ THE SAME INVENTORY — through one elevation door (2.4s)
  ok  902 [laptop-chromium] › e2e\15-dual-source-master.spec.js:123:3 › the Master has TWO sources of component identity › SAVE AND RELOAD PRESERVE THE SAME RESULT (3.0s)
  ok  903 [laptop-chromium] › e2e\16-normalization-migration.spec.js:104:3 › a stored Master rebuilds itself when the normalizer moves on › THE FAILED DEVICE VERIFY: a v1 payload restores as 0 components, then migrates to 19 (4.3s)
  ok  904 [laptop-chromium] › e2e\16-normalization-migration.spec.js:120:3 › a stored Master rebuilds itself when the normalizer moves on › the rebuilt inventory is the RIGHT inventory, not just the right count (4.1s)
  ok  905 [laptop-chromium] › e2e\16-normalization-migration.spec.js:134:3 › a stored Master rebuilds itself when the normalizer moves on › SITE-HOSTS racks are NOT padded and NOT double-counted by the migration (4.3s)
  ok  906 [laptop-chromium] › e2e\16-normalization-migration.spec.js:146:3 › a stored Master rebuilds itself when the normalizer moves on › THE UPGRADE IS PERSISTED — it is not re-derived in memory every boot (4.2s)
  ok  907 [laptop-chromium] › e2e\16-normalization-migration.spec.js:155:3 › a stored Master rebuilds itself when the normalizer moves on › THE ROUND TRIP KEEPS IDENTITY AND CABLES — re-saving a restored Master loses nothing (4.2s)
  ok  908 [laptop-chromium] › e2e\16-normalization-migration.spec.js:168:3 › a stored Master rebuilds itself when the normalizer moves on › IDEMPOTENT: a second boot re-reads, it does not re-apply (5.8s)
  ok  909 [laptop-chromium] › e2e\16-normalization-migration.spec.js:183:3 › a stored Master rebuilds itself when the normalizer moves on › a Master with no cables retained says so instead of silently doing nothing (4.1s)
  ok  910 [laptop-chromium] › e2e\17-reimport-idempotence.spec.js:77:3 › re-importing the same Master is a no-op that loses nothing › THE COUNTS ARE IDENTICAL — the parse is idempotent over the same bytes (2.6s)
  ok  911 [laptop-chromium] › e2e\17-reimport-idempotence.spec.js:95:3 › re-importing the same Master is a no-op that loses nothing › MERGE, NEVER OVERWRITE — hand-entered data survives a Master replace (Law 11) (2.6s)
  ok  912 [laptop-chromium] › e2e\17-reimport-idempotence.spec.js:113:3 › re-importing the same Master is a no-op that loses nothing › A FRESH IMPORT STAMPS normVersion — the boot migration finds nothing to do (4.1s)
  ok  913 [laptop-chromium] › e2e\18-tap-window-and-crash-banner.spec.js:75:3 › the 340ms tap window and the crash banner › AT REST the scene-utils buttons are real, tappable controls (3.8s)
  ok  914 [laptop-chromium] › e2e\18-tap-window-and-crash-banner.spec.js:88:3 › the 340ms tap window and the crash banner › THE TAP WINDOW: with an overlay open, the buttons are NOT tappable — for every overlay (7.6s)
  ok  915 [laptop-chromium] › e2e\18-tap-window-and-crash-banner.spec.js:132:3 › the 340ms tap window and the crash banner › the guard is GEOMETRY-INDEPENDENT — it holds even with the overlay parked off-screen (4.0s)
  ok  916 [laptop-chromium] › e2e\18-tap-window-and-crash-banner.spec.js:154:3 › the 340ms tap window and the crash banner › ITEM 14 — a normal session raises NO crash banner (9.8s)
  ok  917 [laptop-chromium] › e2e\18-tap-window-and-crash-banner.spec.js:189:3 › the 340ms tap window and the crash banner › ITEM 14, legacy half — ?legacy=1 walks clean with no uncaught errors (4.7s)
[19] 2 sheet(s) · 211 declared · 135 referenced · 3 inline · 5 set by JS · 0 unreadable · 3 DEAD
  x   918 [laptop-chromium] › e2e\19-design-tokens-and-picker.spec.js:24:3 › the design-system substrate and the loadout picker › EVERY design token referenced in CSS is actually declared somewhere (2.9s)
(node:32080) Warning: The 'NO_COLOR' env is ignored due to the 'FORCE_COLOR' env being set.
(Use `node --trace-warnings ...` to show where the warning was created)
[19] #forge3d-sheet tokens present: --fbg, --cyan, --vio, --teal, --gold, --ink, --dim, --forge-tap, --forge-glow, --forge-gutter, --forge-row-h, --forge-pad-x, --forge-gap
  ok  919 [laptop-chromium] › e2e\19-design-tokens-and-picker.spec.js:125:3 › the design-system substrate and the loadout picker › the FORGE token block specifically survives parsing — the .237 swallowed-rule guard (2.8s)
[19] loadout count 5/5 SELECTED -> 4/5 SELECTED
  ok  920 [laptop-chromium] › e2e\19-design-tokens-and-picker.spec.js:152:3 › the design-system substrate and the loadout picker › THE LOADOUT PICKER OPENS AND PICKS (.411) (9.9s)
  ok  921 [laptop-chromium] › e2e\20-vocabulary.spec.js:35:3 › the one colour vocabulary › typeOf maps every raw code to its display key (2.4s)
  ok  922 [laptop-chromium] › e2e\20-vocabulary.spec.js:41:3 › the one colour vocabulary › typeOf is IDEMPOTENT — normalising twice never erases a device class (2.5s)
  ok  923 [laptop-chromium] › e2e\20-vocabulary.spec.js:53:3 › the one colour vocabulary › an unmapped code is UNKNOWN, never BLANK (2.5s)
[20] accent-coloured 8/11 · bay values: {"gpu":"#28e0ff","sw":"#8a4bff","pwr":"#ffcb45","patch":"#1fffd0","stor":"#ff7bd0","cpu":"#7fd0ff","server":"#7fd0ff","cdu":"#30d158","fw":"#8a4bff","media":"#7d93a4","other":"#ff2bd6"}
  ok  924 [laptop-chromium] › e2e\20-vocabulary.spec.js:67:3 › the one colour vocabulary › THE POINT: the flat elevation now paints 8 of 11 codes, and the RIGHT colours (2.6s)
  ok  925 [laptop-chromium] › e2e\20-vocabulary.spec.js:119:3 › the one colour vocabulary › ⛔ RULE 17 — ?legacy=1 still emits the RAW code, so that house is unchanged (2.3s)
  ok  926 [laptop-chromium] › e2e\20-vocabulary.spec.js:142:3 › the one colour vocabulary › the redesign house DOES emit normalised keys — the other half of the same guard (2.5s)
  ok  927 [laptop-chromium] › e2e\21-first-run-gate.spec.js:36:3 › the first-run gate › THE GATE IS WIRED INTO BOOT — it is not a surface waiting for a door (2.4s)
  ok  928 [laptop-chromium] › e2e\21-first-run-gate.spec.js:44:3 › the first-run gate › SITE LEAD exists on the gate and DEFAULTS to the operator name (3.0s)
  ok  929 [laptop-chromium] › e2e\21-first-run-gate.spec.js:63:3 › the first-run gate › SITE LEAD is independent of the operator — authority is not the actor (3.0s)
  ok  930 [laptop-chromium] › e2e\21-first-run-gate.spec.js:77:3 › the first-run gate › THE MASTER STEP exists and uses the ONE door (§4.2, no second write path) (2.4s)
  ok  931 [laptop-chromium] › e2e\21-first-run-gate.spec.js:90:3 › the first-run gate › the Master line is HONEST when nothing is loaded (2.5s)
  ok  932 [laptop-chromium] › e2e\21-first-run-gate.spec.js:99:3 › the first-run gate › the Master line REPORTS what is loaded, from the Master itself (2.5s)
  ok  933 [laptop-chromium] › e2e\21-first-run-gate.spec.js:117:3 › the first-run gate › ⛔ RULE 17 — the legacy branch has no Site Lead field, and confirm still works there (2.6s)
  ok  934 [laptop-chromium] › e2e\21-first-run-gate.spec.js:139:3 › the first-run gate › the v1.6.70 backfill is UNCHANGED — existing devices are never re-prompted (2.5s)
  ok  935 [laptop-chromium] › e2e\21-first-run-gate.spec.js:153:3 › the first-run gate › the reverted flow left nothing behind (2.4s)
  ok  936 [laptop-chromium] › e2e\22-data-contract.spec.js:38:3 › the data contract — callers pass a rackId › I8 — _resolve takes an ID and returns the contract shape (2.4s)
  ok  937 [laptop-chromium] › e2e\22-data-contract.spec.js:54:3 › the data contract — callers pass a rackId › I9 — no RAW code survives the resolver, checked against the vocabulary itself (2.5s)
  ok  938 [laptop-chromium] › e2e\22-data-contract.spec.js:64:3 › the data contract — callers pass a rackId › normalising twice is a no-op — the resolver and the .429 writer can both run (2.5s)
  ok  939 [laptop-chromium] › e2e\22-data-contract.spec.js:72:3 › the data contract — callers pass a rackId › R-06 — an EMPTY rack and an UNKNOWN rack are different answers (2.5s)
  ok  940 [laptop-chromium] › e2e\22-data-contract.spec.js:87:3 › the data contract — callers pass a rackId › ⛔ .elevation is NEVER undefined — on any path (2.4s)
  ok  941 [laptop-chromium] › e2e\22-data-contract.spec.js:99:3 › the data contract — callers pass a rackId › THE RESHAPE DIVERGENCE IS GONE — master_renderHit asks for an id like everyone else (2.4s)
  ok  942 [laptop-chromium] › e2e\22-data-contract.spec.js:106:3 › the data contract — callers pass a rackId › the resolver WRAPS the canonical shaper rather than re-implementing it (2.4s)
  ok  943 [laptop-chromium] › e2e\22-data-contract.spec.js:116:3 › the data contract — callers pass a rackId › the routed call sites still render — the Command hero resolves by id (2.4s)
  ok  944 [laptop-chromium] › e2e\23-reclaim-barrier.spec.js:32:3 › the reclaim barrier › with no barrier armed, an acquisition proceeds IMMEDIATELY (2.5s)
  ok  945 [laptop-chromium] › e2e\23-reclaim-barrier.spec.js:47:3 › the reclaim barrier › once armed, an acquisition is DEFERRED and then runs on its own (2.7s)
  ok  946 [laptop-chromium] › e2e\23-reclaim-barrier.spec.js:69:3 › the reclaim barrier › ⛔ ONLY ONE PENDING ACQUISITION — rapid navigation collapses to the LAST request (2.5s)
  ok  947 [laptop-chromium] › e2e\23-reclaim-barrier.spec.js:95:3 › the reclaim barrier › the barrier takes TWO frames, not one — a single rAF can land in the same frame (2.4s)
  ok  948 [laptop-chromium] › e2e\23-reclaim-barrier.spec.js:115:3 › the reclaim barrier › releaseOthers REPORTS how many it released — the arm condition depends on it (2.4s)
  ok  949 [laptop-chromium] › e2e\23-reclaim-barrier.spec.js:133:3 › the reclaim barrier › BOTH renderers release BEFORE they acquire — the ordering, asserted from source (2.5s)
  ok  950 [laptop-chromium] › e2e\23-reclaim-barrier.spec.js:150:3 › the reclaim barrier › the barrier cannot deadlock a deferred acquisition (2.5s)
  ok  951 [laptop-chromium] › e2e\24-flat-path-and-attach.spec.js:42:3 › the flat path, demotion, and the door › 3a — a rack renders FLAT with no GL context at all (I7) (2.5s)
  ok  952 [laptop-chromium] › e2e\24-flat-path-and-attach.spec.js:60:3 › the flat path, demotion, and the door › 3b — attach creates a FLAT attachment and the census says which rack and which mode (2.5s)
  ok  953 [laptop-chromium] › e2e\24-flat-path-and-attach.spec.js:78:3 › the flat path, demotion, and the door › I2 — attach is IDEMPOTENT per host: same rackId returns the same attachment, no rebuild (2.5s)
  ok  954 [laptop-chromium] › e2e\24-flat-path-and-attach.spec.js:100:3 › the flat path, demotion, and the door › I2 — update() on a FLAT attachment re-renders and allocates NOTHING (2.6s)
  ok  955 [laptop-chromium] › e2e\24-flat-path-and-attach.spec.js:117:3 › the flat path, demotion, and the door › §5 — DEMOTION IS NOT DISPOSAL: the surface keeps rendering and stays in the census (2.5s)
  ok  956 [laptop-chromium] › e2e\24-flat-path-and-attach.spec.js:146:3 › the flat path, demotion, and the door › §5 — promote goes through the BARRIER, never around it (2.6s)
  ok  957 [laptop-chromium] › e2e\24-flat-path-and-attach.spec.js:162:3 › the flat path, demotion, and the door › ⛔ promote with no reacquire REFUSES VISIBLY rather than pretending (2.6s)
  ok  958 [laptop-chromium] › e2e\24-flat-path-and-attach.spec.js:177:3 › the flat path, demotion, and the door › ⛔ THE REFUSALS — what 3a/3b deliberately do NOT do (2.5s)
  ok  959 [laptop-chromium] › e2e\25-continue-work.spec.js:57:3 › one mode, one Build › THE FIX: Home continue-work and the BUILD tab land on the SAME surface (9.2s)
  ok  960 [laptop-chromium] › e2e\25-continue-work.spec.js:79:3 › one mode, one Build › the primary CTA on Home is wired to continue-work, not the deploy list (2.4s)
  ok  961 [laptop-chromium] › e2e\25-continue-work.spec.js:90:3 › one mode, one Build › ⛔ MANAGE-DEPLOYMENTS doors are UNTOUCHED — intent decides the door (2.4s)
  ok  962 [laptop-chromium] › e2e\25-continue-work.spec.js:102:3 › one mode, one Build › the deploy list is still REACHABLE and still works (6.1s)
  ok  963 [laptop-chromium] › e2e\25-continue-work.spec.js:112:3 › one mode, one Build › continue-work fails LOUDLY if the mode cannot open (2.4s)
  ok  964 [laptop-chromium] › e2e\26-rack-detail-surface.spec.js:54:3 › a rack detail brings its own surface › ⛔ FROM HOME: the phase dock never floats over the Command page (5.2s)
  ok  965 [laptop-chromium] › e2e\26-rack-detail-surface.spec.js:78:3 › a rack detail brings its own surface › FROM THE DEPLOY PANEL: the coherent path is unchanged (7.1s)
  ok  966 [laptop-chromium] › e2e\26-rack-detail-surface.spec.js:91:3 › a rack detail brings its own surface › the guard ensures the PAGE, not just the panel — and only when needed (2.4s)
  ok  967 [laptop-chromium] › e2e\26-rack-detail-surface.spec.js:100:3 › a rack detail brings its own surface › both deploy detail doors share the guard — fixing it fixed every caller (2.4s)
  ok  968 [laptop-chromium] › e2e\27-rack-capabilities-in-build.spec.js:45:3 › the rack capabilities live in Build › ASSIGN, QR and LOG NOTE are reachable from the operational centre (5.9s)
  ok  969 [laptop-chromium] › e2e\27-rack-capabilities-in-build.spec.js:59:3 › the rack capabilities live in Build › ⛔ THEY ARE THE SAME DOORS, not copies — and all three are reachable (2.5s)
  ok  970 [laptop-chromium] › e2e\27-rack-capabilities-in-build.spec.js:74:3 › the rack capabilities live in Build › Contract 14 — with no rack resolved the buttons are ABSENT, not dead (3.9s)
  ok  971 [laptop-chromium] › e2e\27-rack-capabilities-in-build.spec.js:86:3 › the rack capabilities live in Build › ADDITIVE — the rack detail still works and still has its own buttons (4.2s)
  ok  972 [laptop-chromium] › e2e\27-rack-capabilities-in-build.spec.js:101:3 › the rack capabilities live in Build › the new buttons fail LOUDLY if a door goes missing (2.4s)
  ok  973 [laptop-chromium] › e2e\27-rack-capabilities-in-build.spec.js:135:3 › the rack capabilities live in Build › ⛔ ASSIGN from Build lands back on BUILD, not on the rack detail (8.2s)
  ok  974 [laptop-chromium] › e2e\27-rack-capabilities-in-build.spec.js:146:3 › the rack capabilities live in Build › the rack detail keeps its own landing — the default surface is unchanged (7.2s)
  ok  975 [laptop-chromium] › e2e\27-rack-capabilities-in-build.spec.js:165:3 › the rack capabilities live in Build › Contract 14 — an unknown surface says so and still lands somewhere (3.7s)
  ok  976 [laptop-chromium] › e2e\28-phase-card-builder.spec.js:62:3 › the phase card builder › it is reachable at page scope — the IIFE-scope trap that has bitten this file (2.4s)
  ok  977 [laptop-chromium] › e2e\28-phase-card-builder.spec.js:72:3 › the phase card builder › every branch of the loop still emits — the lift did not drop a status (2.4s)
  ok  978 [laptop-chromium] › e2e\28-phase-card-builder.spec.js:86:3 › the phase card builder › the ungated START branch still emits — the one the first seed cannot reach (2.3s)
  ok  979 [laptop-chromium] › e2e\28-phase-card-builder.spec.js:99:3 › the phase card builder › ⛔ NO ACTION STILL HARDCODES THE RACK DETAIL (2.4s)
  ok  980 [laptop-chromium] › e2e\28-phase-card-builder.spec.js:110:3 › the phase card builder › the cards carry the CALLER'S surface through every hop (2.4s)
  ok  981 [laptop-chromium] › e2e\28-phase-card-builder.spec.js:127:3 › the phase card builder › the stale badge carries the surface three hops to FLAG FOR RE-VERIFY (2.4s)
  ok  982 [laptop-chromium] › e2e\28-phase-card-builder.spec.js:150:3 › the phase card builder › the async legs store the surface — a closure would not survive the modal (2.2s)
  ok  983 [laptop-chromium] › e2e\28-phase-card-builder.spec.js:167:3 › the phase card builder › COMPLETE actually lands on the surface it was tapped from (7.5s)
  ok  984 [laptop-chromium] › e2e\28-phase-card-builder.spec.js:192:3 › the phase card builder › the rack detail is unchanged — the lift is behaviour-preserving (4.2s)
  ok  985 [laptop-chromium] › e2e\29-context-follows-surface.spec.js:72:3 › the one WebGL context follows the visible surface › ⛔ THE RACK DETAIL DRAWS — it held an empty 60vh box before .441 (10.6s)
  ok  986 [laptop-chromium] › e2e\29-context-follows-surface.spec.js:92:3 › the one WebGL context follows the visible surface › the context comes BACK to Build on return (13.3s)
  ok  987 [laptop-chromium] › e2e\29-context-follows-surface.spec.js:109:3 › the one WebGL context follows the visible surface › Contract A6 — exactly one live context, on every surface (14.3s)
  ok  988 [laptop-chromium] › e2e\29-context-follows-surface.spec.js:128:3 › the one WebGL context follows the visible surface › the deferral is stated, never silent (8.8s)
  -   989 [laptop-chromium] › e2e\30-rack-above-the-fold.spec.js:79:3 › the rack is on screen in Field Mode › ⛔ THE RACK IS VISIBLE WITHOUT SCROLLING
  -   990 [laptop-chromium] › e2e\30-rack-above-the-fold.spec.js:91:3 › the rack is on screen in Field Mode › the controls moved BELOW the rack — and every one of them still ships
  -   991 [laptop-chromium] › e2e\30-rack-above-the-fold.spec.js:105:3 › the rack is on screen in Field Mode › OPEN AISLE and the rack identity stay above the fold
  -   992 [laptop-chromium] › e2e\30-rack-above-the-fold.spec.js:124:3 › the rack is on screen in Field Mode › Rule 1 — nothing pushes the viewport past 100vw
  ok  993 [laptop-chromium] › e2e\31-renderer-data-honesty.spec.js:83:3 › the renderer does not invent state › ⛔ NO RANDOMNESS DECIDES WHAT A DEVICE FAMILY DRAWS (2.4s)
  ok  994 [laptop-chromium] › e2e\31-renderer-data-honesty.spec.js:104:3 › the renderer does not invent state › a re-render neither duplicates nor loses rack geometry (14.9s)
  ok  995 [laptop-chromium] › e2e\31-renderer-data-honesty.spec.js:154:3 › the renderer does not invent state › no LED blinks — a blink is an activity claim (2.4s)
  ok  996 [laptop-chromium] › e2e\31-renderer-data-honesty.spec.js:163:3 › the renderer does not invent state › state colours are not used decoratively on device LEDs (2.5s)
  ok  997 [laptop-chromium] › e2e\32-lod-and-resource-stress.spec.js:62:3 › LOD tiers hold and surfaces do not leak › the LOD ladder is intact — selected, neighbours, pads, background (2.4s)
  ok  998 [laptop-chromium] › e2e\32-lod-and-resource-stress.spec.js:75:3 › LOD tiers hold and surfaces do not leak › ⛔ THE THREE-WAY CYCLE DOES NOT LEAK A CONTEXT OR A CANVAS (43.0s)
  ok  999 [laptop-chromium] › e2e\32-lod-and-resource-stress.spec.js:108:3 › LOD tiers hold and surfaces do not leak › every surface still renders after the cycle — no silent blank (21.3s)
  ok 1000 [laptop-chromium] › e2e\33-cdu-is-cooling.spec.js:48:3 › a CDU is cooling, not power › ⛔ THE VOCABULARY CLASSIFIES CDU AS ITS OWN CHANNEL (2.5s)
  ok 1001 [laptop-chromium] › e2e\33-cdu-is-cooling.spec.js:71:3 › a CDU is cooling, not power › a CDU tallies as COOLING, where it used to fall through to OTHER (2.3s)
  ok 1002 [laptop-chromium] › e2e\33-cdu-is-cooling.spec.js:85:3 › a CDU is cooling, not power › the CDU carries NO status light — its identity is form, not telemetry (2.4s)
  ok 1003 [laptop-chromium] › e2e\33-cdu-is-cooling.spec.js:99:3 › a CDU is cooling, not power › nothing was faked in the data to achieve the reclassification (2.5s)
  ok 1004 [laptop-chromium] › e2e\34-plumbing-needs-a-source.spec.js:62:3 › coolant plumbing needs a source › ⛔ AN AIR-COOLED RACK GETS NO COOLANT PLUMBING (2.5s)
  ok 1005 [laptop-chromium] › e2e\34-plumbing-needs-a-source.spec.js:82:3 › coolant plumbing needs a source › a rack that DECLARES a CDU still gets its plumbing (2.4s)
  ok 1006 [laptop-chromium] › e2e\34-plumbing-needs-a-source.spec.js:96:3 › coolant plumbing needs a source › structure stays unconditional — bus bars, cable arms and the rear door (2.7s)
  ok 1007 [laptop-chromium] › e2e\35-forge-parity.spec.js:77:3 › Forge parity › ⛔ THE AISLE DRAWS REAL RACK GEOMETRY, NOT A PHOTOGRAPH (14.0s)
  ok 1008 [laptop-chromium] › e2e\35-forge-parity.spec.js:142:3 › Forge parity › the focused rack matches Build — count, RU positions, families, CDU (10.4s)
  ok 1009 [laptop-chromium] › e2e\35-forge-parity.spec.js:172:3 › Forge parity › STRESS: Build → Forge → 10+ racks → Build → Forge accumulates nothing (30.8s)
  ok 1010 [laptop-chromium] › e2e\36-forge-rack-centric.spec.js:85:3 › Forge is rack-centric › ⛔ LOCKED IS THE DEFAULT — a drag does not move the camera (39.1s)
  ok 1011 [laptop-chromium] › e2e\36-forge-rack-centric.spec.js:123:3 › Forge is rack-centric › WALK AISLE is an explicit mode, and it frees the camera (25.1s)
  ok 1012 [laptop-chromium] › e2e\36-forge-rack-centric.spec.js:148:3 › Forge is rack-centric › leaving WALK snaps back to the canonical rack framing (29.3s)
  ok 1013 [laptop-chromium] › e2e\36-forge-rack-centric.spec.js:193:3 › Forge is rack-centric › ⛔ camera-lock is NOT exposed as a setting (2.7s)
  ok 1014 [laptop-chromium] › e2e\37-locked-rack-pose.spec.js:108:3 › Locked rack mode is a canonical front elevation › ⛔ the locked pose is square to the rack — zero yaw, zero pitch, zero roll (17.1s)
  ok 1015 [laptop-chromium] › e2e\37-locked-rack-pose.spec.js:125:3 › Locked rack mode is a canonical front elevation › the frame is an inspection view, centred on the USABLE rect and not the raw canvas (16.8s)
  ok 1016 [laptop-chromium] › e2e\37-locked-rack-pose.spec.js:141:3 › Locked rack mode is a canonical front elevation › ⭐ every rack lands on the SAME pose relative to itself, and the walk returns exactly (1.9m)
  ok 1017 [laptop-chromium] › e2e\37-locked-rack-pose.spec.js:179:3 › Locked rack mode is a canonical front elevation › leaving WALK AISLE returns to a pose identical to selecting that rack normally (55.4s)
  ok 1018 [laptop-chromium] › e2e\38-context-engine.spec.js:29:3 › Context engine › ⛔ the honesty guard is always first and is never dropped (3.8s)
  ok 1019 [laptop-chromium] › e2e\38-context-engine.spec.js:44:3 › Context engine › ⛔ the token budget holds, and truncation happens at line boundaries (3.8s)
  ok 1020 [laptop-chromium] › e2e\38-context-engine.spec.js:61:3 › Context engine › ⛔ CHANGE has no path, and READ is asserted at the choke point (2.6s)
  ok 1021 [laptop-chromium] › e2e\38-context-engine.spec.js:76:3 › Context engine › unknown fields are ABSENT, not blank-stubbed (3.3s)
  ok 1022 [laptop-chromium] › e2e\38-context-engine.spec.js:93:3 › Context engine › ⛔ placeholder step text never reaches the model (3.9s)
  ok 1023 [laptop-chromium] › e2e\38-context-engine.spec.js:110:3 › Context engine › the JobState field registry carries a source for every field, and sources never ship to the model (3.8s)
  ok 1024 [laptop-chromium] › e2e\38-context-engine.spec.js:129:3 › Context engine › ⛔ no AI call site still bypasses the choke point (2.9s)
  ok 1025 [laptop-chromium] › e2e\39-sw-update-path.spec.js:24:3 › SW update path — structure › ⛔ install must NOT skipWaiting, and a message handler must exist to promote on demand (3.3s)
  ok 1026 [laptop-chromium] › e2e\39-sw-update-path.spec.js:45:3 › SW update path — structure › ⛔ exactly one controllerchange reaction, and exactly one activation door (4.7s)
  ok 1027 [laptop-chromium] › e2e\39-sw-update-path.spec.js:62:3 › SW update path — structure › navigations and version.json must not be answerable from a stale cache (2.7s)
  ok 1028 [laptop-chromium] › e2e\39-sw-update-path.spec.js:81:3 › SW update path — behaviour › ⛔ the badge is honest: it cannot claim an update with no worker waiting (4.0s)
  ok 1029 [laptop-chromium] › e2e\39-sw-update-path.spec.js:102:3 › SW update path — behaviour › the diagnostic reports the lifecycle position rather than requiring a console (2.5s)
  ok 1030 [laptop-chromium] › e2e\39-sw-update-path.spec.js:111:3 › SW update path — behaviour › an activation attempt with nothing to promote FAILS LOUDLY and restores the control (5.3s)
  ok 1031 [laptop-chromium] › e2e\39-sw-update-path.spec.js:131:3 › SW update path — behaviour › ⛔ operational data is never touched by an update attempt (4.4s)
  x  1032 [laptop-chromium] › e2e\40-shift-door.spec.js:41:3 › SHIFT door › ⛔ the shift control is REACHABLE on Command, not merely present (6.5s)
(node:7052) Warning: The 'NO_COLOR' env is ignored due to the 'FORCE_COLOR' env being set.
(Use `node --trace-warnings ...` to show where the warning was created)
  ok 1033 [laptop-chromium] › e2e\40-shift-door.spec.js:58:3 › SHIFT door › one tap opens the shift sheet, and every control in it clears the gloved floor (4.6s)
  ok 1034 [laptop-chromium] › e2e\40-shift-door.spec.js:82:3 › SHIFT door › the row states shift honestly when unset, and invents nothing (6.8s)
  ok 1035 [laptop-chromium] › e2e\40-shift-door.spec.js:95:3 › SHIFT door › ⛔ the door did not push the deck past the viewport (7.1s)
  ok 1036 [laptop-chromium] › e2e\41-continue-not-silent.spec.js:57:3 › Build CONTINUE › the reported state renders, and CONTINUE is a live, hit-testable control (9.7s)
  ok 1037 [laptop-chromium] › e2e\41-continue-not-silent.spec.js:87:3 › Build CONTINUE › one tap enters the rack workflow and the render lands somewhere VISIBLE (10.7s)
  ok 1038 [laptop-chromium] › e2e\41-continue-not-silent.spec.js:114:3 › Build CONTINUE › ⛔ with no host, CONTINUE reports the failure instead of swallowing it (11.6s)
  ok 1039 [laptop-chromium] › e2e\42-paste-classifier.spec.js:30:3 › paste classifier › identifies each real format from shape alone (4.4s)
  ok 1040 [laptop-chromium] › e2e\42-paste-classifier.spec.js:44:3 › paste classifier › ⭐ real pastes are not refused for being messy (4.6s)
  ok 1041 [laptop-chromium] › e2e\42-paste-classifier.spec.js:84:3 › paste classifier › ⛔ ambiguous and unrecognisable input returns unknown, never a guess (6.5s)
  ok 1042 [laptop-chromium] › e2e\42-paste-classifier.spec.js:174:3 › paste classifier › ⛔ CSV-vs-CSV does not collide — the real ambiguity in this set (4.5s)
  ok 1043 [laptop-chromium] › e2e\42-paste-classifier.spec.js:184:3 › paste classifier › every verdict except unknown has a routing target (4.2s)
  ok 1044 [laptop-chromium] › e2e\42-paste-classifier.spec.js:208:3 › paste classifier › bounded input cannot change a verdict (4.1s)
  ok 1045 [laptop-chromium] › e2e\43-paste-door.spec.js:23:3 › paste door › ⛔ the PASTE row is reachable on Work (6.0s)
  ok 1046 [laptop-chromium] › e2e\43-paste-door.spec.js:47:3 › paste door › ⛔ tapping the row actually opens the sheet (6.5s)
  ok 1047 [laptop-chromium] › e2e\43-paste-door.spec.js:64:3 › paste door › the sheet opens with an empty, honest zero state (7.1s)
  ok 1048 [laptop-chromium] › e2e\43-paste-door.spec.js:85:3 › paste door › a recognised paste names the format and offers exactly one route (6.3s)
  ok 1049 [laptop-chromium] › e2e\43-paste-door.spec.js:105:3 › paste door › ⛔ an unrecognised paste says so and offers the doors (5.4s)
  ok 1050 [laptop-chromium] › e2e\43-paste-door.spec.js:133:3 › paste door › ⛔ every offered route is a real door, and unknown routes nowhere (5.1s)
  ok 1051 [laptop-chromium] › e2e\43-paste-door.spec.js:157:3 › paste door › ⛔ a tap cannot silently do nothing before routing is wired (5.7s)
  ok 1052 [laptop-chromium] › e2e\43-paste-door.spec.js:189:3 › paste routing › routing lands in the target tool WITH the text (6.8s)
  ok 1053 [laptop-chromium] › e2e\43-paste-door.spec.js:208:3 › paste routing › ⛔ a route that cannot complete says so instead of losing the paste (5.0s)
  ok 1054 [laptop-chromium] › e2e\43-paste-door.spec.js:226:3 › paste routing › ⛔ EDP declines without a deployment, and the sheet keeps the text (5.6s)
  ok 1055 [laptop-chromium] › e2e\43-paste-door.spec.js:257:3 › paste routing › ⛔ overwriting a box that already had text is stated, not silent (7.6s)
  ok 1056 [laptop-chromium] › e2e\43-paste-door.spec.js:281:3 › paste routing › ⛔ routing an unknown verdict is refused, not guessed (5.3s)
  ok 1057 [laptop-chromium] › e2e\44-tool-reachability.spec.js:54:3 › ops tool reachability › ⛔ all nine tools are reachable, and none has two doors (5.1s)
  x  1058 [laptop-chromium] › e2e\44-tool-reachability.spec.js:69:3 › ops tool reachability › the tool row meets the gloved floor (6.1s)
(node:3104) Warning: The 'NO_COLOR' env is ignored due to the 'FORCE_COLOR' env being set.
(Use `node --trace-warnings ...` to show where the warning was created)
  ok 1059 [laptop-chromium] › e2e\44-tool-reachability.spec.js:79:3 › ops tool reachability › ⛔ the retired banner stack is gone, not merely hidden (5.0s)
(node:6256) Warning: The 'NO_COLOR' env is ignored due to the 'FORCE_COLOR' env being set.
(Use `node --trace-warnings ...` to show where the warning was created)
  ok 1060 [desktop-chromium] › e2e\00-boot.spec.js:7:3 › cold boot › enters past the splash into the redesign shell (3.0s)
  ok 1061 [desktop-chromium] › e2e\00-boot.spec.js:18:3 › cold boot › boots with no uncaught exception and no console error (2.7s)
  ok 1062 [desktop-chromium] › e2e\00-boot.spec.js:25:3 › cold boot › serves the same version the working tree carries (2.6s)
  ok 1063 [desktop-chromium] › e2e\00-boot.spec.js:31:3 › cold boot › the shell does not overflow horizontally (2.8s)
  ok 1064 [desktop-chromium] › e2e\01-nav.spec.js:79:3 › bottom nav — structure › the nav pins the pre-M4 shape: three slots plus EXIT (R-02 replaces this at M4) (2.7s)
  -  1065 [desktop-chromium] › e2e\01-nav.spec.js:102:3 › bottom nav — structure › every nav control meets the 44px gloved-hand minimum
  ok 1066 [desktop-chromium] › e2e\01-nav.spec.js:121:3 › bottom nav — routing › each slot activates its own page and deactivates the other two (4.3s)
  ok 1067 [desktop-chromium] › e2e\01-nav.spec.js:135:3 › bottom nav — routing › .botitem.active mirrors the visible page (4.1s)
  -  1068 [desktop-chromium] › e2e\01-nav.spec.js:149:3 › bottom nav — routing › #bn-core still tracks the active slot, but the rail is retired and paints nothing
  ok 1069 [desktop-chromium] › e2e\01-nav.spec.js:172:3 › bottom nav — routing › body.mode-ref is set on Tools only — it is the sole mode-* class the app owns (3.9s)
  ok 1070 [desktop-chromium] › e2e\01-nav.spec.js:189:3 › bottom nav — routing › cycling all three slots raises no console error and no uncaught exception (5.5s)
  ok 1071 [desktop-chromium] › e2e\01-nav.spec.js:241:3 › bottom nav — routing › none of the three pages overflows the viewport horizontally (3.9s)
  x  1072 [desktop-chromium] › e2e\01-nav.spec.js:269:3 › browser back › back after nav taps returns to the previous destination (3.8s)
  -  1073 [desktop-chromium] › e2e\01-nav.spec.js:289:3 › house selection › a bare URL boots the redesign house with the 3-slot nav visible
  ok 1074 [desktop-chromium] › e2e\01-nav.spec.js:299:3 › house selection › ?legacy=1 boots the legacy house — no body.rd, no redesign nav (2.8s)
  ok 1075 [desktop-chromium] › e2e\01-nav.spec.js:316:3 › house selection › ?legacy=1 survives a reload without the query string (4.2s)
  -  1076 [desktop-chromium] › e2e\01-nav.spec.js:335:3 › #rd-exit is hold-only › a plain tap on EXIT does not navigate and does not freeze
  -  1077 [desktop-chromium] › e2e\01-nav.spec.js:357:3 › #rd-exit is hold-only › holding EXIT past RD_HOLD_MS freezes to the sleep curtain
[02-build-forge] WEBGL BRANCH = GPU-PRESENT | context=WebGL2RenderingContext | renderer=ANGLE (Google, Vulkan 1.3.0 (SwiftShader Device (Subzero) (0x0000C0DE)), SwiftShader driver)
  ok 1078 [desktop-chromium] › e2e\02-build-forge.spec.js:253:3 › Build workspace + Forge aisle › WebGL capability is MEASURED in this browser, not assumed (2.8s)
  ok 1079 [desktop-chromium] › e2e\02-build-forge.spec.js:285:3 › Build workspace + Forge aisle › the Build slot mounts #bw-shell with the real workspace, not the legacy grid (8.1s)
  ok 1080 [desktop-chromium] › e2e\02-build-forge.spec.js:302:3 › Build workspace + Forge aisle › #bw-mount exists and MEASURES non-zero — the display:contents / wiped-host guard (7.2s)
  ok 1081 [desktop-chromium] › e2e\02-build-forge.spec.js:339:3 › Build workspace + Forge aisle › ten Build entries leave exactly one #bw-mount and do not multiply canvases (1.0m)
  ok 1082 [desktop-chromium] › e2e\02-build-forge.spec.js:389:3 › Build workspace + Forge aisle › RackEngine never holds more than one interactive attachment (24.4s)
  ok 1083 [desktop-chromium] › e2e\02-build-forge.spec.js:430:3 › Build workspace + Forge aisle › the aisle opens over Build and closing it returns to Build with #bw-mount intact (14.0s)
  ok 1084 [desktop-chromium] › e2e\02-build-forge.spec.js:481:3 › Build workspace + Forge aisle › no uncaught exception across the Build -> aisle -> Build round trip (17.3s)
  ok 1085 [desktop-chromium] › e2e\02-build-forge.spec.js:519:3 › Build workspace + Forge aisle › the aisle states its zero-state instead of failing silently with no Master (8.6s)
  ok 1086 [desktop-chromium] › e2e\02-build-forge.spec.js:539:3 › Build workspace + Forge aisle › opening the aisle does not tell the technician the app crashed (9.1s)
[02-build-forge] BUILD PREVIEW OUTCOME = canvas
  ok 1087 [desktop-chromium] › e2e\02-build-forge.spec.js:576:3 › Build workspace + Forge aisle › the Build rack preview always reaches a STATED terminal state — never a silent blank (6.6s)
  ok 1088 [desktop-chromium] › e2e\02-build-forge.spec.js:620:3 › Build workspace + Forge aisle › with a usable renderer, the Build mount holds exactly ONE live WebGL canvas (7.8s)
  ok 1089 [desktop-chromium] › e2e\02-build-forge.spec.js:670:3 › Build workspace + Forge aisle › with a usable renderer, opening the aisle TRANSFERS the single attachment and Build does not steal it back (22.9s)
[02] item-4 round-trip trace: [{"round":1,"openCanvases":5,"openLive":1,"closedCanvases":5,"closedLive":1},{"round":2,"openCanvases":5,"openLive":1,"closedCanvases":5,"closedLive":1},{"round":3,"openCanvases":5,"openLive":1,"closedCanvases":5,"closedLive":1},{"round":4,"openCanvases":5,"openLive":1,"closedCanvases":5,"closedLive":1},{"round":5,"openCanvases":5,"openLive":1,"closedCanvases":5,"closedLive":1},{"round":6,"openCanvases":5,"openLive":1,"closedCanvases":5,"closedLive":1},{"round":7,"openCanvases":5,"openLive":1,"closedCanvases":5,"closedLive":1},{"round":8,"openCanvases":5,"openLive":1,"closedCanvases":5,"closedLive":1},{"round":9,"openCanvases":5,"openLive":1,"closedCanvases":5,"closedLive":1},{"round":10,"openCanvases":5,"openLive":1,"closedCanvases":5,"closedLive":1}]
  ok 1090 [desktop-chromium] › e2e\02-build-forge.spec.js:738:3 › Build workspace + Forge aisle › THE ROUND TRIP HOLDS x10 — the attachment comes home every time and nothing accumulates (1.4m)
  ok 1091 [desktop-chromium] › e2e\02-build-forge.spec.js:831:3 › Build workspace + Forge aisle › closing the aisle RETURNS the rack to Build — the context goes back to its lender (18.0s)
  ok 1092 [desktop-chromium] › e2e\03-tools.spec.js:182:3 › Tools page grid (#pg-ref) › the bottom-nav Tools slot lands on the card grid, not a drilled-in panel (7.1s)
  ok 1093 [desktop-chromium] › e2e\03-tools.spec.js:199:3 › Tools page grid (#pg-ref) › every card is a named, gloved-hand tap target (4.5s)
  -  1094 [desktop-chromium] › e2e\03-tools.spec.js:225:3 › Tools page grid (#pg-ref) › the grid clears the fixed bottom nav at the end of its scroll
  ok 1095 [desktop-chromium] › e2e\03-tools.spec.js:276:3 › Tools page grid (#pg-ref) › the Tools grid does not overflow horizontally (3.8s)
  ok 1096 [desktop-chromium] › e2e\03-tools.spec.js:282:3 › Tools page grid (#pg-ref) › the filter narrows the grid, states a zero-match, and recovers (5.9s)
  ok 1097 [desktop-chromium] › e2e\03-tools.spec.js:310:5 › Tools page doors › OPTICS opens a VISIBLE surface and can be backed out of (7.8s)
  ok 1098 [desktop-chromium] › e2e\03-tools.spec.js:310:5 › Tools page doors › PLATFORMS opens a VISIBLE surface and can be backed out of (6.4s)
  ok 1099 [desktop-chromium] › e2e\03-tools.spec.js:310:5 › Tools page doors › CLI / IB opens a VISIBLE surface and can be backed out of (6.3s)
  ok 1100 [desktop-chromium] › e2e\03-tools.spec.js:310:5 › Tools page doors › PARTS opens a VISIBLE surface and can be backed out of (6.6s)
  ok 1101 [desktop-chromium] › e2e\03-tools.spec.js:310:5 › Tools page doors › KNOW opens a VISIBLE surface and can be backed out of (5.7s)
  ok 1102 [desktop-chromium] › e2e\03-tools.spec.js:310:5 › Tools page doors › COMPASS opens a VISIBLE surface and can be backed out of (6.2s)
  ok 1103 [desktop-chromium] › e2e\03-tools.spec.js:342:3 › Tools page doors › GHOST ECHO opens its sheet visibly and closes back to the grid (5.7s)
  ok 1104 [desktop-chromium] › e2e\03-tools.spec.js:374:3 › ops tool doors (rd_openOpsTool) › the registry, the wall and the renderers agree (4.1s)
  ok 1105 [desktop-chromium] › e2e\03-tools.spec.js:404:5 › ops tool doors (rd_openOpsTool) › bom mounts into a VISIBLE host and backs out to Build (4.1s)
  ok 1106 [desktop-chromium] › e2e\03-tools.spec.js:404:5 › ops tool doors (rd_openOpsTool) › manifest mounts into a VISIBLE host and backs out to Build (6.7s)
  ok 1107 [desktop-chromium] › e2e\03-tools.spec.js:404:5 › ops tool doors (rd_openOpsTool) › portmap mounts into a VISIBLE host and backs out to Build (4.4s)
  ok 1108 [desktop-chromium] › e2e\03-tools.spec.js:404:5 › ops tool doors (rd_openOpsTool) › rackmap mounts into a VISIBLE host and backs out to Build (5.9s)
  ok 1109 [desktop-chromium] › e2e\03-tools.spec.js:404:5 › ops tool doors (rd_openOpsTool) › sops mounts into a VISIBLE host and backs out to Build (4.9s)
  ok 1110 [desktop-chromium] › e2e\03-tools.spec.js:404:5 › ops tool doors (rd_openOpsTool) › burndown mounts into a VISIBLE host and backs out to Build (3.6s)
  ok 1111 [desktop-chromium] › e2e\03-tools.spec.js:404:5 › ops tool doors (rd_openOpsTool) › audits mounts into a VISIBLE host and backs out to Build (6.6s)
  ok 1112 [desktop-chromium] › e2e\03-tools.spec.js:404:5 › ops tool doors (rd_openOpsTool) › blast mounts into a VISIBLE host and backs out to Build (3.5s)
  ok 1113 [desktop-chromium] › e2e\03-tools.spec.js:404:5 › ops tool doors (rd_openOpsTool) › optics mounts into a VISIBLE host and backs out to Build (5.5s)
  ok 1114 [desktop-chromium] › e2e\03-tools.spec.js:404:5 › ops tool doors (rd_openOpsTool) › isolate mounts into a VISIBLE host and backs out to Build (4.3s)
  ok 1115 [desktop-chromium] › e2e\03-tools.spec.js:452:3 › ops tool doors (rd_openOpsTool) › an unknown tab fails loudly instead of silently (3.2s)
  x  1116 [desktop-chromium] › e2e\03-tools.spec.js:470:3 › ops tool reachability › the OPS wall keeps its nine tools one tap from the Build landing (7.1s)
  x  1117 [desktop-chromium] › e2e\03-tools.spec.js:524:3 › known dead doors › DEAD DOOR 1 — a SOP card tap opens the SOP detail where the tech is looking (7.4s)
  x  1118 [desktop-chromium] › e2e\03-tools.spec.js:546:3 › known dead doors › DEAD DOOR 2 — the SOP detail Back and DELETE controls are reachable (3.6s)
  x  1119 [desktop-chromium] › e2e\03-tools.spec.js:566:3 › known dead doors › DEAD DOOR 3 — deleteSOP leaves the tech with a way back (7.0s)
  x  1120 [desktop-chromium] › e2e\03-tools.spec.js:621:3 › known dead doors › DEAD DOOR 4 — the deployment-list Rack Map button opens a visible rack map (5.7s)
  ok 1121 [desktop-chromium] › e2e\04-storage.spec.js:157:3 › the guarded storage doors › safeGet, safeStore and safeRemove exist as the canonical doors (3.2s)
  ok 1122 [desktop-chromium] › e2e\04-storage.spec.js:177:3 › the guarded storage doors › an absent key returns the fallback silently — absence is normal, not an event (7.2s)
  ok 1123 [desktop-chromium] › e2e\04-storage.spec.js:192:3 › the guarded storage doors › safeGet returns the fallback and warns when storage itself is unreadable (7.6s)
  ok 1124 [desktop-chromium] › e2e\04-storage.spec.js:209:3 › the guarded storage doors › safeRemove reports failure instead of throwing at a caller that assumed deletion (3.0s)
  ok 1125 [desktop-chromium] › e2e\04-storage.spec.js:225:3 › the guarded storage doors › a write over quota returns false, raises a toast and flags the app (2.9s)
  ok 1126 [desktop-chromium] › e2e\04-storage.spec.js:245:3 › the guarded storage doors › the app's own store factory reads and writes through the guarded doors (3.1s)
  ok 1127 [desktop-chromium] › e2e\04-storage.spec.js:280:3 › corrupt data quarantine › a damaged blob is quarantined verbatim and the original bytes are preserved (2.9s)
  ok 1128 [desktop-chromium] › e2e\04-storage.spec.js:312:3 › corrupt data quarantine › a corrupt quarantine store does not recurse — it resets and still rescues the new blob (3.0s)
  ok 1129 [desktop-chromium] › e2e\04-storage.spec.js:329:3 › corrupt data quarantine › booting on top of a corrupt user-data key raises no storage exception (2.8s)
  ok 1130 [desktop-chromium] › e2e\04-storage.spec.js:347:3 › corrupt data quarantine › the quarantine is itself in the backup registry — the only copy travels (2.8s)
  x  1131 [desktop-chromium] › e2e\04-storage.spec.js:368:8 › corrupt data quarantine › reading a damaged key repeatedly does not re-write the quarantine every time (3.2s)
  ok 1132 [desktop-chromium] › e2e\04-storage.spec.js:389:3 › backup coverage is DERIVED, not a hand-list › coverage is measured against live storage — a key nobody classified is reported (2.9s)
  ok 1133 [desktop-chromium] › e2e\04-storage.spec.js:406:3 › backup coverage is DERIVED, not a hand-list › classified keys and prefix-swept dynamic keys are not reported as gaps (2.8s)
  ok 1134 [desktop-chromium] › e2e\04-storage.spec.js:423:3 › backup coverage is DERIVED, not a hand-list › every registry row names a key and a reason, and the three registries are disjoint (2.9s)
  ok 1135 [desktop-chromium] › e2e\04-storage.spec.js:443:3 › backup coverage is DERIVED, not a hand-list › an unclassified key is recorded IN the exported bundle, never dropped in silence (3.4s)
  x  1136 [desktop-chromium] › e2e\04-storage.spec.js:461:3 › export → clear → restore round trip › a full backup restores every key it captured after localStorage is wiped (6.1s)
(node:11576) Warning: The 'NO_COLOR' env is ignored due to the 'FORCE_COLOR' env being set.
(Use `node --trace-warnings ...` to show where the warning was created)
  -  1137 [desktop-chromium] › e2e\04-storage.spec.js:553:3 › export → clear → restore round trip › the iOS share-sheet export branch cannot be reached from this harness
  ok 1138 [desktop-chromium] › e2e\04-storage.spec.js:561:3 › export → clear → restore round trip › a newer-schema bundle is refused before any destructive write (3.6s)
  ok 1139 [desktop-chromium] › e2e\04-storage.spec.js:605:3 › durability across a reload › data written through the app survives a reload and reads back identically (5.2s)
  ok 1140 [desktop-chromium] › e2e\04-storage.spec.js:668:3 › unguarded write paths › a quota failure while saving the Master reaches the operator (2.9s)
  ok 1141 [desktop-chromium] › e2e\04-storage.spec.js:698:3 › unguarded write paths › a quota failure while writing the shift-end marker reaches the operator (2.8s)
  ok 1142 [desktop-chromium] › e2e\05-offline.spec.js:259:3 › offline contract › every script the app loads at runtime is in the SW precache list (223ms)
  ok 1143 [desktop-chromium] › e2e\05-offline.spec.js:279:3 › offline contract › no runtime script is loaded from a third-party origin (227ms)
  ok 1144 [desktop-chromium] › e2e\05-offline.spec.js:290:3 › offline contract › every PRECACHE_URL actually serves — a 404 entry installs silently broken (741ms)
  ok 1145 [desktop-chromium] › e2e\05-offline.spec.js:307:3 › offline contract › the three cache stamps agree — a drifted CACHE_VERSION never evicts (228ms)
  -  1146 [desktop-chromium] › e2e\05-offline.spec.js:324:3 › offline contract › the app registers a service worker on first load
  ok 1147 [desktop-chromium] › e2e\05-offline.spec.js:348:3 › offline contract › sw.js precaches its whole manifest once registered (3.8s)
  ok 1148 [desktop-chromium] › e2e\05-offline.spec.js:382:3 › offline contract › the offline shell and every vendor bundle are physically in the SW cache (3.9s)
  ok 1149 [desktop-chromium] › e2e\05-offline.spec.js:424:3 › offline contract › with the network cut, the service worker actually serves the shell and vendors (4.2s)
  ok 1150 [desktop-chromium] › e2e\05-offline.spec.js:452:3 › offline contract › after one online load, an offline reload still boots to a usable shell (7.3s)
[05-offline] 3 harness-class console error(s) filtered on the offline boot (Chromium navigator.vibrate policy at dct-ios.html:18390; cross-origin AI proxy probe at :50945/:18248). cross-origin request failures seen: 0. Both reported as findings, neither allowlisted.
  ok 1151 [desktop-chromium] › e2e\05-offline.spec.js:477:3 › offline contract › an offline boot raises no uncaught exception and no same-origin request failure (6.4s)
  ok 1152 [desktop-chromium] › e2e\05-offline.spec.js:565:3 › offline contract › losing the network is reported on the running app, not swallowed (3.4s)
  -  1153 [desktop-chromium] › e2e\05-offline.spec.js:628:3 › offline contract › a cold offline boot reports offline at first paint
  ok 1154 [desktop-chromium] › e2e\05-offline.spec.js:681:3 › offline contract › the app REPORTS offline at first paint when the platform says so — signal forced, network still cut (6.7s)
  ok 1155 [desktop-chromium] › e2e\05-offline.spec.js:708:3 › offline contract › work saved while offline survives an offline reload and the return to network (10.5s)
  x  1156 [desktop-chromium] › e2e\05-offline.spec.js:764:3 › offline contract › offline PDF import uses the precached vendor bytes (4.7s)
  ok 1157 [desktop-chromium] › e2e\06-composition.spec.js:212:3 › zero horizontal overflow › Command composes inside the viewport at this tier and at every declared breakpoint (10.2s)
  ok 1158 [desktop-chromium] › e2e\06-composition.spec.js:225:3 › zero horizontal overflow › Build composes inside the viewport at this tier and at every declared breakpoint (10.5s)
  ok 1159 [desktop-chromium] › e2e\06-composition.spec.js:239:3 › zero horizontal overflow › Tools composes inside the viewport at this tier and at every declared breakpoint (10.2s)
  ok 1160 [desktop-chromium] › e2e\06-composition.spec.js:259:3 › tier boundaries › 1024px flips phone composition to desktop chrome, and the second tier is 1500px (not 1520px) (4.9s)
  ok 1161 [desktop-chromium] › e2e\06-composition.spec.js:319:3 › tier boundaries › the composition follows the VIEWPORT, not a flag that was read once at boot (5.1s)
  ok 1162 [desktop-chromium] › e2e\06-composition.spec.js:365:3 › tier boundaries › the rip-cord pins the phone composition at a desktop width (2.6s)
[06] tap-floor offenders @1440px (census Command=31 Build=15 Tools=21):
  Build · button.ops-banner-btn · 771x23px · "Expand OPS panel"
  Tools · input#srch.search-input · 1389x38px · ""
  x  1163 [desktop-chromium] › e2e\06-composition.spec.js:403:3 › touch-target floor › every visible interactive control clears 44px on Command, Build and Tools (4.0s)
[06] .reh-3d-seg RULE probe: 41.2x22px (font 11px, padding 4px 12px) vs the 44px floor
  x  1164 [desktop-chromium] › e2e\06-composition.spec.js:457:3 › touch-target floor › the .reh-3d-seg rack-mode pill RULE yields a 44px target (rule probe, not a live control) (3.2s)
  -  1165 [desktop-chromium] › e2e\06-composition.spec.js:496:3 › touch-target floor › the bottom nav — the always-on-screen control — clears 44px in both axes
[06] #rd-botnav .blabel contrast:
  15.09:1  10px/700  rgb(97, 239, 255) on rgb(2, 2, 3)  "Home"
  2.75:1  10px/700  rgb(74, 86, 95) on rgb(2, 2, 3)  "Build"
  2.75:1  10px/700  rgb(74, 86, 95) on rgb(2, 2, 3)  "Tools"
  6.33:1  10px/700  rgb(255, 77, 77) on rgb(2, 2, 3)  "Exit"
  x  1166 [desktop-chromium] › e2e\06-composition.spec.js:539:3 › contrast floor › #rd-botnav .blabel meets WCAG AA at 9px (3.0s)
  ok 1167 [desktop-chromium] › e2e\06-composition.spec.js:585:3 › reduced motion › reduced motion does not break composition on any page or collapse the fixed nav (4.9s)
  ok 1168 [desktop-chromium] › e2e\06-composition.spec.js:635:3 › reduced motion › reduced motion keeps the same tier boundaries (3.5s)
  ok 1169 [desktop-chromium] › e2e\08-forge-layout.spec.js:340:3 › Forge bottom control stack › both utility buttons clear 44x44 in EVERY chip state, including the empty zero state (9.2s)
  ok 1170 [desktop-chromium] › e2e\08-forge-layout.spec.js:401:3 › Forge bottom control stack › every control in the row consumes the tap token as its OWN height, not a sibling's (8.7s)
  ok 1171 [desktop-chromium] › e2e\08-forge-layout.spec.js:446:3 › Forge bottom control stack › the pill strip, the utility buttons and the status row never intersect (10.3s)
  ok 1172 [desktop-chromium] › e2e\08-forge-layout.spec.js:490:3 › Forge bottom control stack › the caption stays readable and inside the viewport at every chip state (7.8s)
  ok 1173 [desktop-chromium] › e2e\08-forge-layout.spec.js:521:3 › Forge bottom control stack › the pill strip declares its clip on both axes and holds the glow's own room inside it (7.0s)
[08-forge-layout] [desktop-chromium] clearance under perturbation — at rest: stack 110 (row 58 + row2 26), gap 10 | status row at --fs-micro 22px: stack 133.8 (row 65 + row2 42.8), gap 10 | status row at --fs-micro 34px: stack 166.59 (row 81 + row2 59.59), gap 10 | tall row2 + --forge-tap 76px: stack 175.59 (row 90 + row2 59.59), gap 10 | tall row2 only: stack 166.59 (row 81 + row2 59.59), gap 10 | back at rest: stack 110 (row 58 + row2 26), gap 10
  ok 1174 [desktop-chromium] › e2e\08-forge-layout.spec.js:581:3 › Forge bottom control stack › the caption's clearance is DERIVED: move the stack and the gap holds (13.9s)
  ok 1175 [desktop-chromium] › e2e\08-forge-layout.spec.js:733:3 › Forge bottom control stack › the toast clears the control row at every status-row height (14.4s)
  ok 1176 [desktop-chromium] › e2e\08-forge-layout.spec.js:763:3 › Forge bottom control stack › the toast still beats the OPEN detail panel, so UNDO survives (8.5s)
  ok 1177 [desktop-chromium] › e2e\08-forge-layout.spec.js:791:3 › Forge bottom control stack › the caption yields to the toast rather than stacking with it, and returns (10.3s)
  ok 1178 [desktop-chromium] › e2e\08-forge-layout.spec.js:823:3 › Forge bottom control stack › the three status pills are read-outs, not controls (7.5s)
  ok 1179 [desktop-chromium] › e2e\08-forge-layout.spec.js:907:3 › Forge bottom control stack › the zero state says its message ONCE and shows no empty id pill (5.4s)
  ok 1180 [desktop-chromium] › e2e\08-forge-layout.spec.js:957:3 › Forge bottom control stack › the walk instruction leaves the row when there is no aisle to walk (6.8s)
  ok 1181 [desktop-chromium] › e2e\08-forge-layout.spec.js:1012:3 › Forge bottom control stack › opening and closing the aisle raises no uncaught exception and never overflows horizontally (10.5s)
  -  1182 [desktop-chromium] › e2e\08-forge-layout.spec.js:1052:3 › Forge bottom control stack › the bottom strip clears the iPhone home indicator
  ok 1183 [desktop-chromium] › e2e\08-forge-layout.spec.js:1094:3 › Forge bottom control stack › the scene utilities live above the scene, not in the rack row (10.0s)
  ok 1184 [desktop-chromium] › e2e\08-forge-layout.spec.js:1152:3 › Forge bottom control stack › every overlay covers the scene utilities — they are not a floating hit target (14.5s)
  ok 1185 [desktop-chromium] › e2e\08-forge-layout.spec.js:1296:3 › Forge bottom control stack › the carousel owns row 1 alone, and no chip hides under a control (7.7s)
  ok 1186 [desktop-chromium] › e2e\08-forge-layout.spec.js:1379:3 › Forge bottom control stack › the three context pills hold ONE baseline inside the viewport (6.7s)
  ok 1187 [desktop-chromium] › e2e\09-master-binding.spec.js:104:3 › Master → Forge binding › the DATA MODEL carries every rack, with the counts the Master actually holds (11.6s)
  ok 1188 [desktop-chromium] › e2e\09-master-binding.spec.js:125:3 › Master → Forge binding › Forge populates FIVE foreground racks, not every rack in the Master (10.9s)
  ok 1189 [desktop-chromium] › e2e\09-master-binding.spec.js:138:3 › Master → Forge binding › every rack in the window reports the Master truth — 0/0 ONLY when genuinely empty (22.7s)
  ok 1190 [desktop-chromium] › e2e\09-master-binding.spec.js:172:3 › Master → Forge binding › walking the aisle resolves the NEXT rack from the Master, not a stale card (15.3s)
  ok 1191 [desktop-chromium] › e2e\09-master-binding.spec.js:203:3 › Master → Forge binding › reading the aisle never mutates the stored Master (21.5s)
  ok 1192 [desktop-chromium] › e2e\10-site-profile-root.spec.js:41:3 › ACTIVE_SITE_PROFILE — the contract › PHANTOM_SITE exists and reports validity as a LIST OF REASONS, not a boolean (2.7s)
  ok 1193 [desktop-chromium] › e2e\10-site-profile-root.spec.js:56:3 › ACTIVE_SITE_PROFILE — the contract › validity NAMES every missing requirement on a blank device (2.8s)
  ok 1194 [desktop-chromium] › e2e\10-site-profile-root.spec.js:67:3 › ACTIVE_SITE_PROFILE — the contract › validity is COMPUTED, never a stored boolean (2.9s)
  ok 1195 [desktop-chromium] › e2e\10-site-profile-root.spec.js:84:3 › ACTIVE_SITE_PROFILE — migration is the thing that protects the operator › migration seeds siteLead from the one name on record, and keeps that person as the actor (2.9s)
  ok 1196 [desktop-chromium] › e2e\10-site-profile-root.spec.js:112:3 › ACTIVE_SITE_PROFILE — migration is the thing that protects the operator › the actor is credited independently of authority — work is never auto-credited to the Site Lead (2.9s)
  ok 1197 [desktop-chromium] › e2e\10-site-profile-root.spec.js:128:3 › ACTIVE_SITE_PROFILE — migration is the thing that protects the operator › migration NEVER overwrites a value a human set (2.8s)
  ok 1198 [desktop-chromium] › e2e\10-site-profile-root.spec.js:144:3 › ACTIVE_SITE_PROFILE — migration is the thing that protects the operator › migration is IDEMPOTENT — the second run writes nothing (2.8s)
  ok 1199 [desktop-chromium] › e2e\10-site-profile-root.spec.js:161:3 › ACTIVE_SITE_PROFILE — migration is the thing that protects the operator › an UNCONFIRMED profile is left COMPLETELY untouched — it belongs in Site Setup (2.8s)
  ok 1200 [desktop-chromium] › e2e\10-site-profile-root.spec.js:178:3 › ONE ANSWER TO "WHO IS WORKING" (v1.14.418, P0 of PHASE-ENGINE) › currentOperator is STRICT — an empty actor never inherits the Site Lead (2.7s)
  ok 1201 [desktop-chromium] › e2e\10-site-profile-root.spec.js:196:3 › ONE ANSWER TO "WHO IS WORKING" (v1.14.418, P0 of PHASE-ENGINE) › identity_getUser() resolves through the PROFILE, not the legacy key (2.8s)
  ok 1202 [desktop-chromium] › e2e\10-site-profile-root.spec.js:210:3 › ONE ANSWER TO "WHO IS WORKING" (v1.14.418, P0 of PHASE-ENGINE) › identity_setUser() writes the PROFILE — the legacy key stops being a write target (2.8s)
  ok 1203 [desktop-chromium] › e2e\10-site-profile-root.spec.js:228:3 › ONE ANSWER TO "WHO IS WORKING" (v1.14.418, P0 of PHASE-ENGINE) › a legacy-only device is MIGRATED, so its operator keeps their attribution (2.7s)
  ok 1204 [desktop-chromium] › e2e\10-site-profile-root.spec.js:245:3 › ONE ANSWER TO "WHO IS WORKING" (v1.14.418, P0 of PHASE-ENGINE) › a DIVERGENCE between the two stores is recorded, not silently resolved (2.7s)
  ok 1205 [desktop-chromium] › e2e\10-site-profile-root.spec.js:265:3 › ONE ANSWER TO "WHO IS WORKING" (v1.14.418, P0 of PHASE-ENGINE) › THE POINT: the audit log credits the actor from the PROFILE (2.7s)
  ok 1206 [desktop-chromium] › e2e\10-site-profile-root.spec.js:291:3 › ACTIVE_SITE_PROFILE — the Master binding › binding reports no-master / no-binding / match as DISTINCT states (2.9s)
  ok 1207 [desktop-chromium] › e2e\10-site-profile-root.spec.js:315:3 › ACTIVE_SITE_PROFILE — the Master binding › a profile bound to a DIFFERENT Master reports mismatch — the §10 identity check (3.4s)
  ok 1208 [desktop-chromium] › e2e\10-site-profile-root.spec.js:333:3 › ACTIVE_SITE_PROFILE — the Master binding › bindMaster is read-modify-write — it cannot wipe a field it has no input for (2.8s)
  ok 1209 [desktop-chromium] › e2e\10-site-profile-root.spec.js:352:3 › ACTIVE_SITE_PROFILE — the Master binding › S0 GATES NOTHING — the app still boots to its normal surface (3.1s)
  ok 1210 [desktop-chromium] › e2e\11-event-log.spec.js:43:3 › the Event Log — folding without breaking the chain › THE REGRESSION THAT MATTERS: a v1 entry still verifies after P1 (2.8s)
  ok 1211 [desktop-chromium] › e2e\11-event-log.spec.js:57:3 › the Event Log — folding without breaking the chain › a new entry is v2 and carries the spec §6.3 fields (2.9s)
  ok 1212 [desktop-chromium] › e2e\11-event-log.spec.js:83:3 › the Event Log — folding without breaking the chain › the 25 existing 5-arg callers still work — meta is optional (2.6s)
  ok 1213 [desktop-chromium] › e2e\11-event-log.spec.js:97:3 › the Event Log — folding without breaking the chain › a MIXED chain — v1 then v2 — verifies end to end (4.3s)
  ok 1214 [desktop-chromium] › e2e\11-event-log.spec.js:112:3 › the Event Log — folding without breaking the chain › tampering with a v2-ONLY field is DETECTED — the new fields are really covered (2.7s)
  ok 1215 [desktop-chromium] › e2e\11-event-log.spec.js:131:3 › the Event Log — folding without breaking the chain › §4.3 — the Event Log SURVIVES a Master swap, with masterId preserving the truth-context (2.7s)
  ok 1216 [desktop-chromium] › e2e\11-event-log.spec.js:164:3 › the Event Log — folding without breaking the chain › the truncation marker is still unhashed, so eviction does not read as tampering (2.7s)
  ok 1217 [desktop-chromium] › e2e\12-blockers.spec.js:35:3 › the Blocker record — adopting what is already there › THE ONE THAT MATTERS: a pre-existing blocker is adopted, note intact (3.4s)
  ok 1218 [desktop-chromium] › e2e\12-blockers.spec.js:59:3 › the Blocker record — adopting what is already there › migration is IDEMPOTENT — a second boot adopts nothing (3.2s)
  ok 1219 [desktop-chromium] › e2e\12-blockers.spec.js:72:3 › the Blocker record — adopting what is already there › a blocker with NO note still gets a record, and says so honestly (2.8s)
  ok 1220 [desktop-chromium] › e2e\12-blockers.spec.js:87:3 › the Blocker record — opening and clearing › opening through the real door creates a record BEFORE the phase is blocked (2.7s)
  ok 1221 [desktop-chromium] › e2e\12-blockers.spec.js:110:3 › the Blocker record — opening and clearing › an open blocker writes a BLOCKER_OPENED event carrying the rack (2.8s)
  ok 1222 [desktop-chromium] › e2e\12-blockers.spec.js:125:3 › the Blocker record — opening and clearing › clearing records WHO cleared it and WHEN, and stops it being open (3.8s)
  ok 1223 [desktop-chromium] › e2e\12-blockers.spec.js:145:3 › the Blocker record — opening and clearing › clearing an unknown or already-cleared blocker returns null rather than lying (2.9s)
  ok 1224 [desktop-chromium] › e2e\12-blockers.spec.js:157:3 › the Blocker record — opening and clearing › the new store is CLASSIFIED for backup — an unregistered key dies at export (2.8s)
  ok 1225 [desktop-chromium] › e2e\13-phase-model.spec.js:41:3 › the phase model — built on the phases that already exist › steps hang beneath the EXISTING five phases, not a new vocabulary (2.7s)
  ok 1226 [desktop-chromium] › e2e\13-phase-model.spec.js:55:3 › the phase model — built on the phases that already exist › all four platform templates exist, per owner ruling (3.0s)
  ok 1227 [desktop-chromium] › e2e\13-phase-model.spec.js:65:3 › the phase model — built on the phases that already exist › PROVENANCE: the model says SITE_TEMPLATE and never claims the Master specified it (2.8s)
  ok 1228 [desktop-chromium] › e2e\13-phase-model.spec.js:74:3 › the phase model — built on the phases that already exist › the seeded step text is HONESTLY a placeholder, not invented procedure (2.9s)
  ok 1229 [desktop-chromium] › e2e\13-phase-model.spec.js:90:3 › the step state machine (spec §6.2) › states are the four named ones — no booleans (3.8s)
  ok 1230 [desktop-chromium] › e2e\13-phase-model.spec.js:96:3 › the step state machine (spec §6.2) › a normal transition moves the step and says where it came from (3.3s)
  ok 1231 [desktop-chromium] › e2e\13-phase-model.spec.js:106:3 › the step state machine (spec §6.2) › THE INVARIANT: BLOCKED without a Blocker record is REJECTED, not written (2.9s)
  ok 1232 [desktop-chromium] › e2e\13-phase-model.spec.js:121:3 › the step state machine (spec §6.2) › BLOCKED with a real record is accepted and links to it (2.8s)
  ok 1233 [desktop-chromium] › e2e\13-phase-model.spec.js:134:3 › the step state machine (spec §6.2) › clearing a block returns the step to IN_PROGRESS and CLOSES the record (2.9s)
  ok 1234 [desktop-chromium] › e2e\13-phase-model.spec.js:150:3 › the step state machine (spec §6.2) › COMPLETE credits the ACTOR from the profile (2.8s)
  ok 1235 [desktop-chromium] › e2e\13-phase-model.spec.js:159:3 › the step state machine (spec §6.2) › an unknown state is rejected rather than stored (2.9s)
  ok 1236 [desktop-chromium] › e2e\13-phase-model.spec.js:167:3 › the step state machine (spec §6.2) › every transition writes a STEP_STATE_CHANGE event carrying rack and step (2.8s)
  ok 1237 [desktop-chromium] › e2e\13-phase-model.spec.js:182:3 › the step state machine (spec §6.2) › the model store is CLASSIFIED for backup (2.7s)
  ok 1238 [desktop-chromium] › e2e\14-master-staging.spec.js:30:3 › validation summary — counts only, never a verdict about the floor › counts racks, hosts and cables from the candidate (2.9s)
  ok 1239 [desktop-chromium] › e2e\14-master-staging.spec.js:38:3 › validation summary — counts only, never a verdict about the floor › ZERO HOSTS warns and stays activatable — a cabled unprovisioned row is legitimate (2.8s)
  ok 1240 [desktop-chromium] › e2e\14-master-staging.spec.js:50:3 › validation summary — counts only, never a verdict about the floor › a Master with no readable racks is NOT ok (2.8s)
  ok 1241 [desktop-chromium] › e2e\14-master-staging.spec.js:57:3 › validation summary — counts only, never a verdict about the floor › an empty required sheet is surfaced in the summary (2.8s)
  ok 1242 [desktop-chromium] › e2e\14-master-staging.spec.js:67:3 › staging — a candidate never participates in the UI › staging does NOT make a candidate active (3.6s)
  ok 1243 [desktop-chromium] › e2e\14-master-staging.spec.js:84:3 › staging — a candidate never participates in the UI › THE HARD GUARANTEE: discarding leaves the current site completely unchanged (3.4s)
  ok 1244 [desktop-chromium] › e2e\14-master-staging.spec.js:98:3 › staging — a candidate never participates in the UI › activateStaged is the ONLY way a candidate becomes active, and it binds the profile (2.8s)
  ok 1245 [desktop-chromium] › e2e\14-master-staging.spec.js:122:3 › staging — a candidate never participates in the UI › activating with nothing staged does not invent a Master (2.9s)
  ok 1246 [desktop-chromium] › e2e\14-master-staging.spec.js:131:3 › the restore path — RECOVERY ONLY, never a door into a running app › restore hands control back to the boot state machine instead of asking the operator to (3.2s)
  ok 1247 [desktop-chromium] › e2e\14-master-staging.spec.js:148:3 › the restore path — RECOVERY ONLY, never a door into a running app › a boot after a restored snapshot ends with memory and storage AGREEING (5.4s)
  ok 1248 [desktop-chromium] › e2e\14-master-staging.spec.js:184:3 › the identity split reaches the assistant context › the context block names authority and actor DISTINCTLY (2.8s)
  ok 1249 [desktop-chromium] › e2e\15-dual-source-master.spec.js:47:3 › the Master has TWO sources of component identity › SITE-HOSTS still parses — the canonical source is untouched (3.4s)
  ok 1250 [desktop-chromium] › e2e\15-dual-source-master.spec.js:57:3 › the Master has TWO sources of component identity › THE DEFECT: a CUTSHEET-only cabinet resolves its real inventory (3.9s)
  ok 1251 [desktop-chromium] › e2e\15-dual-source-master.spec.js:67:3 › the Master has TWO sources of component identity › the nine GPU-B300 nodes land at their explicit RUs (2.7s)
  ok 1252 [desktop-chromium] › e2e\15-dual-source-master.spec.js:80:3 › the Master has TWO sources of component identity › NOTHING IS DOUBLE-COUNTED — SITE-HOSTS wins where both sources describe a U (4.3s)
  ok 1253 [desktop-chromium] › e2e\15-dual-source-master.spec.js:95:3 › the Master has TWO sources of component identity › source coverage is reported SEPARATELY, never as one "0 hosts" summary (2.8s)
  ok 1254 [desktop-chromium] › e2e\15-dual-source-master.spec.js:106:3 › the Master has TWO sources of component identity › BUILD AND FORGE READ THE SAME INVENTORY — through one elevation door (4.5s)
  ok 1255 [desktop-chromium] › e2e\15-dual-source-master.spec.js:123:3 › the Master has TWO sources of component identity › SAVE AND RELOAD PRESERVE THE SAME RESULT (3.8s)
  ok 1256 [desktop-chromium] › e2e\16-normalization-migration.spec.js:104:3 › a stored Master rebuilds itself when the normalizer moves on › THE FAILED DEVICE VERIFY: a v1 payload restores as 0 components, then migrates to 19 (5.7s)
  ok 1257 [desktop-chromium] › e2e\16-normalization-migration.spec.js:120:3 › a stored Master rebuilds itself when the normalizer moves on › the rebuilt inventory is the RIGHT inventory, not just the right count (6.1s)
  ok 1258 [desktop-chromium] › e2e\16-normalization-migration.spec.js:134:3 › a stored Master rebuilds itself when the normalizer moves on › SITE-HOSTS racks are NOT padded and NOT double-counted by the migration (4.9s)
  ok 1259 [desktop-chromium] › e2e\16-normalization-migration.spec.js:146:3 › a stored Master rebuilds itself when the normalizer moves on › THE UPGRADE IS PERSISTED — it is not re-derived in memory every boot (5.1s)
  ok 1260 [desktop-chromium] › e2e\16-normalization-migration.spec.js:155:3 › a stored Master rebuilds itself when the normalizer moves on › THE ROUND TRIP KEEPS IDENTITY AND CABLES — re-saving a restored Master loses nothing (6.1s)
  ok 1261 [desktop-chromium] › e2e\16-normalization-migration.spec.js:168:3 › a stored Master rebuilds itself when the normalizer moves on › IDEMPOTENT: a second boot re-reads, it does not re-apply (8.0s)
  ok 1262 [desktop-chromium] › e2e\16-normalization-migration.spec.js:183:3 › a stored Master rebuilds itself when the normalizer moves on › a Master with no cables retained says so instead of silently doing nothing (4.7s)
  ok 1263 [desktop-chromium] › e2e\17-reimport-idempotence.spec.js:77:3 › re-importing the same Master is a no-op that loses nothing › THE COUNTS ARE IDENTICAL — the parse is idempotent over the same bytes (3.0s)
  ok 1264 [desktop-chromium] › e2e\17-reimport-idempotence.spec.js:95:3 › re-importing the same Master is a no-op that loses nothing › MERGE, NEVER OVERWRITE — hand-entered data survives a Master replace (Law 11) (4.1s)
  ok 1265 [desktop-chromium] › e2e\17-reimport-idempotence.spec.js:113:3 › re-importing the same Master is a no-op that loses nothing › A FRESH IMPORT STAMPS normVersion — the boot migration finds nothing to do (6.1s)
  ok 1266 [desktop-chromium] › e2e\18-tap-window-and-crash-banner.spec.js:75:3 › the 340ms tap window and the crash banner › AT REST the scene-utils buttons are real, tappable controls (4.8s)
  ok 1267 [desktop-chromium] › e2e\18-tap-window-and-crash-banner.spec.js:88:3 › the 340ms tap window and the crash banner › THE TAP WINDOW: with an overlay open, the buttons are NOT tappable — for every overlay (11.7s)
  ok 1268 [desktop-chromium] › e2e\18-tap-window-and-crash-banner.spec.js:132:3 › the 340ms tap window and the crash banner › the guard is GEOMETRY-INDEPENDENT — it holds even with the overlay parked off-screen (6.4s)
  ok 1269 [desktop-chromium] › e2e\18-tap-window-and-crash-banner.spec.js:154:3 › the 340ms tap window and the crash banner › ITEM 14 — a normal session raises NO crash banner (12.5s)
  ok 1270 [desktop-chromium] › e2e\18-tap-window-and-crash-banner.spec.js:189:3 › the 340ms tap window and the crash banner › ITEM 14, legacy half — ?legacy=1 walks clean with no uncaught errors (5.3s)
[19] 2 sheet(s) · 211 declared · 135 referenced · 3 inline · 5 set by JS · 0 unreadable · 3 DEAD
  x  1271 [desktop-chromium] › e2e\19-design-tokens-and-picker.spec.js:24:3 › the design-system substrate and the loadout picker › EVERY design token referenced in CSS is actually declared somewhere (4.0s)
(node:36016) Warning: The 'NO_COLOR' env is ignored due to the 'FORCE_COLOR' env being set.
(Use `node --trace-warnings ...` to show where the warning was created)
[19] #forge3d-sheet tokens present: --fbg, --cyan, --vio, --teal, --gold, --ink, --dim, --forge-tap, --forge-glow, --forge-gutter, --forge-row-h, --forge-pad-x, --forge-gap
  ok 1272 [desktop-chromium] › e2e\19-design-tokens-and-picker.spec.js:125:3 › the design-system substrate and the loadout picker › the FORGE token block specifically survives parsing — the .237 swallowed-rule guard (2.8s)
[19] loadout count 5/5 SELECTED -> 4/5 SELECTED
  ok 1273 [desktop-chromium] › e2e\19-design-tokens-and-picker.spec.js:152:3 › the design-system substrate and the loadout picker › THE LOADOUT PICKER OPENS AND PICKS (.411) (13.2s)
  ok 1274 [desktop-chromium] › e2e\20-vocabulary.spec.js:35:3 › the one colour vocabulary › typeOf maps every raw code to its display key (2.7s)
  ok 1275 [desktop-chromium] › e2e\20-vocabulary.spec.js:41:3 › the one colour vocabulary › typeOf is IDEMPOTENT — normalising twice never erases a device class (3.1s)
  ok 1276 [desktop-chromium] › e2e\20-vocabulary.spec.js:53:3 › the one colour vocabulary › an unmapped code is UNKNOWN, never BLANK (2.7s)
[20] accent-coloured 8/11 · bay values: {"gpu":"#28e0ff","sw":"#8a4bff","pwr":"#ffcb45","patch":"#1fffd0","stor":"#ff7bd0","cpu":"#7fd0ff","server":"#7fd0ff","cdu":"#30d158","fw":"#8a4bff","media":"#7d93a4","other":"#ff2bd6"}
  ok 1277 [desktop-chromium] › e2e\20-vocabulary.spec.js:67:3 › the one colour vocabulary › THE POINT: the flat elevation now paints 8 of 11 codes, and the RIGHT colours (2.8s)
  ok 1278 [desktop-chromium] › e2e\20-vocabulary.spec.js:119:3 › the one colour vocabulary › ⛔ RULE 17 — ?legacy=1 still emits the RAW code, so that house is unchanged (2.5s)
  ok 1279 [desktop-chromium] › e2e\20-vocabulary.spec.js:142:3 › the one colour vocabulary › the redesign house DOES emit normalised keys — the other half of the same guard (2.8s)
  ok 1280 [desktop-chromium] › e2e\21-first-run-gate.spec.js:36:3 › the first-run gate › THE GATE IS WIRED INTO BOOT — it is not a surface waiting for a door (2.7s)
  ok 1281 [desktop-chromium] › e2e\21-first-run-gate.spec.js:44:3 › the first-run gate › SITE LEAD exists on the gate and DEFAULTS to the operator name (5.6s)
  ok 1282 [desktop-chromium] › e2e\21-first-run-gate.spec.js:63:3 › the first-run gate › SITE LEAD is independent of the operator — authority is not the actor (7.8s)
  ok 1283 [desktop-chromium] › e2e\21-first-run-gate.spec.js:77:3 › the first-run gate › THE MASTER STEP exists and uses the ONE door (§4.2, no second write path) (2.8s)
  ok 1284 [desktop-chromium] › e2e\21-first-run-gate.spec.js:90:3 › the first-run gate › the Master line is HONEST when nothing is loaded (7.3s)
  ok 1285 [desktop-chromium] › e2e\21-first-run-gate.spec.js:99:3 › the first-run gate › the Master line REPORTS what is loaded, from the Master itself (3.1s)
  ok 1286 [desktop-chromium] › e2e\21-first-run-gate.spec.js:117:3 › the first-run gate › ⛔ RULE 17 — the legacy branch has no Site Lead field, and confirm still works there (6.7s)
  ok 1287 [desktop-chromium] › e2e\21-first-run-gate.spec.js:139:3 › the first-run gate › the v1.6.70 backfill is UNCHANGED — existing devices are never re-prompted (7.4s)
  ok 1288 [desktop-chromium] › e2e\21-first-run-gate.spec.js:153:3 › the first-run gate › the reverted flow left nothing behind (2.7s)
  ok 1289 [desktop-chromium] › e2e\22-data-contract.spec.js:38:3 › the data contract — callers pass a rackId › I8 — _resolve takes an ID and returns the contract shape (3.0s)
  ok 1290 [desktop-chromium] › e2e\22-data-contract.spec.js:54:3 › the data contract — callers pass a rackId › I9 — no RAW code survives the resolver, checked against the vocabulary itself (8.5s)
  ok 1291 [desktop-chromium] › e2e\22-data-contract.spec.js:64:3 › the data contract — callers pass a rackId › normalising twice is a no-op — the resolver and the .429 writer can both run (2.8s)
  ok 1292 [desktop-chromium] › e2e\22-data-contract.spec.js:72:3 › the data contract — callers pass a rackId › R-06 — an EMPTY rack and an UNKNOWN rack are different answers (5.4s)
  ok 1293 [desktop-chromium] › e2e\22-data-contract.spec.js:87:3 › the data contract — callers pass a rackId › ⛔ .elevation is NEVER undefined — on any path (11.2s)
  ok 1294 [desktop-chromium] › e2e\22-data-contract.spec.js:99:3 › the data contract — callers pass a rackId › THE RESHAPE DIVERGENCE IS GONE — master_renderHit asks for an id like everyone else (3.1s)
  ok 1295 [desktop-chromium] › e2e\22-data-contract.spec.js:106:3 › the data contract — callers pass a rackId › the resolver WRAPS the canonical shaper rather than re-implementing it (7.0s)
  ok 1296 [desktop-chromium] › e2e\22-data-contract.spec.js:116:3 › the data contract — callers pass a rackId › the routed call sites still render — the Command hero resolves by id (8.5s)
  ok 1297 [desktop-chromium] › e2e\23-reclaim-barrier.spec.js:32:3 › the reclaim barrier › with no barrier armed, an acquisition proceeds IMMEDIATELY (4.4s)
  ok 1298 [desktop-chromium] › e2e\23-reclaim-barrier.spec.js:47:3 › the reclaim barrier › once armed, an acquisition is DEFERRED and then runs on its own (6.8s)
  ok 1299 [desktop-chromium] › e2e\23-reclaim-barrier.spec.js:69:3 › the reclaim barrier › ⛔ ONLY ONE PENDING ACQUISITION — rapid navigation collapses to the LAST request (9.0s)
  ok 1300 [desktop-chromium] › e2e\23-reclaim-barrier.spec.js:95:3 › the reclaim barrier › the barrier takes TWO frames, not one — a single rAF can land in the same frame (7.3s)
  ok 1301 [desktop-chromium] › e2e\23-reclaim-barrier.spec.js:115:3 › the reclaim barrier › releaseOthers REPORTS how many it released — the arm condition depends on it (3.0s)
  ok 1302 [desktop-chromium] › e2e\23-reclaim-barrier.spec.js:133:3 › the reclaim barrier › BOTH renderers release BEFORE they acquire — the ordering, asserted from source (5.2s)
  ok 1303 [desktop-chromium] › e2e\23-reclaim-barrier.spec.js:150:3 › the reclaim barrier › the barrier cannot deadlock a deferred acquisition (7.9s)
  ok 1304 [desktop-chromium] › e2e\24-flat-path-and-attach.spec.js:42:3 › the flat path, demotion, and the door › 3a — a rack renders FLAT with no GL context at all (I7) (8.2s)
  ok 1305 [desktop-chromium] › e2e\24-flat-path-and-attach.spec.js:60:3 › the flat path, demotion, and the door › 3b — attach creates a FLAT attachment and the census says which rack and which mode (6.7s)
  ok 1306 [desktop-chromium] › e2e\24-flat-path-and-attach.spec.js:78:3 › the flat path, demotion, and the door › I2 — attach is IDEMPOTENT per host: same rackId returns the same attachment, no rebuild (2.9s)
  ok 1307 [desktop-chromium] › e2e\24-flat-path-and-attach.spec.js:100:3 › the flat path, demotion, and the door › I2 — update() on a FLAT attachment re-renders and allocates NOTHING (3.3s)
  ok 1308 [desktop-chromium] › e2e\24-flat-path-and-attach.spec.js:117:3 › the flat path, demotion, and the door › §5 — DEMOTION IS NOT DISPOSAL: the surface keeps rendering and stays in the census (9.2s)
  ok 1309 [desktop-chromium] › e2e\24-flat-path-and-attach.spec.js:146:3 › the flat path, demotion, and the door › §5 — promote goes through the BARRIER, never around it (5.8s)
  ok 1310 [desktop-chromium] › e2e\24-flat-path-and-attach.spec.js:162:3 › the flat path, demotion, and the door › ⛔ promote with no reacquire REFUSES VISIBLY rather than pretending (4.5s)
  ok 1311 [desktop-chromium] › e2e\24-flat-path-and-attach.spec.js:177:3 › the flat path, demotion, and the door › ⛔ THE REFUSALS — what 3a/3b deliberately do NOT do (9.6s)
  ok 1312 [desktop-chromium] › e2e\25-continue-work.spec.js:57:3 › one mode, one Build › THE FIX: Home continue-work and the BUILD tab land on the SAME surface (15.0s)
  ok 1313 [desktop-chromium] › e2e\25-continue-work.spec.js:79:3 › one mode, one Build › the primary CTA on Home is wired to continue-work, not the deploy list (7.4s)
  ok 1314 [desktop-chromium] › e2e\25-continue-work.spec.js:90:3 › one mode, one Build › ⛔ MANAGE-DEPLOYMENTS doors are UNTOUCHED — intent decides the door (7.9s)
  ok 1315 [desktop-chromium] › e2e\25-continue-work.spec.js:102:3 › one mode, one Build › the deploy list is still REACHABLE and still works (14.7s)
  ok 1316 [desktop-chromium] › e2e\25-continue-work.spec.js:112:3 › one mode, one Build › continue-work fails LOUDLY if the mode cannot open (8.4s)
  ok 1317 [desktop-chromium] › e2e\26-rack-detail-surface.spec.js:54:3 › a rack detail brings its own surface › ⛔ FROM HOME: the phase dock never floats over the Command page (12.3s)
  ok 1318 [desktop-chromium] › e2e\26-rack-detail-surface.spec.js:78:3 › a rack detail brings its own surface › FROM THE DEPLOY PANEL: the coherent path is unchanged (13.6s)
  ok 1319 [desktop-chromium] › e2e\26-rack-detail-surface.spec.js:91:3 › a rack detail brings its own surface › the guard ensures the PAGE, not just the panel — and only when needed (9.5s)
  ok 1320 [desktop-chromium] › e2e\26-rack-detail-surface.spec.js:100:3 › a rack detail brings its own surface › both deploy detail doors share the guard — fixing it fixed every caller (5.2s)
  ok 1321 [desktop-chromium] › e2e\27-rack-capabilities-in-build.spec.js:45:3 › the rack capabilities live in Build › ASSIGN, QR and LOG NOTE are reachable from the operational centre (10.4s)
  ok 1322 [desktop-chromium] › e2e\27-rack-capabilities-in-build.spec.js:59:3 › the rack capabilities live in Build › ⛔ THEY ARE THE SAME DOORS, not copies — and all three are reachable (7.2s)
  ok 1323 [desktop-chromium] › e2e\27-rack-capabilities-in-build.spec.js:74:3 › the rack capabilities live in Build › Contract 14 — with no rack resolved the buttons are ABSENT, not dead (9.5s)
  ok 1324 [desktop-chromium] › e2e\27-rack-capabilities-in-build.spec.js:86:3 › the rack capabilities live in Build › ADDITIVE — the rack detail still works and still has its own buttons (10.5s)
  ok 1325 [desktop-chromium] › e2e\27-rack-capabilities-in-build.spec.js:101:3 › the rack capabilities live in Build › the new buttons fail LOUDLY if a door goes missing (5.8s)
  ok 1326 [desktop-chromium] › e2e\27-rack-capabilities-in-build.spec.js:135:3 › the rack capabilities live in Build › ⛔ ASSIGN from Build lands back on BUILD, not on the rack detail (9.3s)
  ok 1327 [desktop-chromium] › e2e\27-rack-capabilities-in-build.spec.js:146:3 › the rack capabilities live in Build › the rack detail keeps its own landing — the default surface is unchanged (8.1s)
  ok 1328 [desktop-chromium] › e2e\27-rack-capabilities-in-build.spec.js:165:3 › the rack capabilities live in Build › Contract 14 — an unknown surface says so and still lands somewhere (4.5s)
  ok 1329 [desktop-chromium] › e2e\28-phase-card-builder.spec.js:62:3 › the phase card builder › it is reachable at page scope — the IIFE-scope trap that has bitten this file (2.9s)
  ok 1330 [desktop-chromium] › e2e\28-phase-card-builder.spec.js:72:3 › the phase card builder › every branch of the loop still emits — the lift did not drop a status (2.8s)
  ok 1331 [desktop-chromium] › e2e\28-phase-card-builder.spec.js:86:3 › the phase card builder › the ungated START branch still emits — the one the first seed cannot reach (2.8s)
  ok 1332 [desktop-chromium] › e2e\28-phase-card-builder.spec.js:99:3 › the phase card builder › ⛔ NO ACTION STILL HARDCODES THE RACK DETAIL (3.0s)
  ok 1333 [desktop-chromium] › e2e\28-phase-card-builder.spec.js:110:3 › the phase card builder › the cards carry the CALLER'S surface through every hop (3.1s)
  ok 1334 [desktop-chromium] › e2e\28-phase-card-builder.spec.js:127:3 › the phase card builder › the stale badge carries the surface three hops to FLAG FOR RE-VERIFY (3.1s)
  ok 1335 [desktop-chromium] › e2e\28-phase-card-builder.spec.js:150:3 › the phase card builder › the async legs store the surface — a closure would not survive the modal (2.7s)
  ok 1336 [desktop-chromium] › e2e\28-phase-card-builder.spec.js:167:3 › the phase card builder › COMPLETE actually lands on the surface it was tapped from (8.6s)
  ok 1337 [desktop-chromium] › e2e\28-phase-card-builder.spec.js:192:3 › the phase card builder › the rack detail is unchanged — the lift is behaviour-preserving (4.4s)
  ok 1338 [desktop-chromium] › e2e\29-context-follows-surface.spec.js:72:3 › the one WebGL context follows the visible surface › ⛔ THE RACK DETAIL DRAWS — it held an empty 60vh box before .441 (10.8s)
  ok 1339 [desktop-chromium] › e2e\29-context-follows-surface.spec.js:92:3 › the one WebGL context follows the visible surface › the context comes BACK to Build on return (18.3s)
  ok 1340 [desktop-chromium] › e2e\29-context-follows-surface.spec.js:109:3 › the one WebGL context follows the visible surface › Contract A6 — exactly one live context, on every surface (18.2s)
  ok 1341 [desktop-chromium] › e2e\29-context-follows-surface.spec.js:128:3 › the one WebGL context follows the visible surface › the deferral is stated, never silent (9.7s)
  -  1342 [desktop-chromium] › e2e\30-rack-above-the-fold.spec.js:79:3 › the rack is on screen in Field Mode › ⛔ THE RACK IS VISIBLE WITHOUT SCROLLING
  -  1343 [desktop-chromium] › e2e\30-rack-above-the-fold.spec.js:91:3 › the rack is on screen in Field Mode › the controls moved BELOW the rack — and every one of them still ships
  -  1344 [desktop-chromium] › e2e\30-rack-above-the-fold.spec.js:105:3 › the rack is on screen in Field Mode › OPEN AISLE and the rack identity stay above the fold
  -  1345 [desktop-chromium] › e2e\30-rack-above-the-fold.spec.js:124:3 › the rack is on screen in Field Mode › Rule 1 — nothing pushes the viewport past 100vw
  ok 1346 [desktop-chromium] › e2e\31-renderer-data-honesty.spec.js:83:3 › the renderer does not invent state › ⛔ NO RANDOMNESS DECIDES WHAT A DEVICE FAMILY DRAWS (2.8s)
  ok 1347 [desktop-chromium] › e2e\31-renderer-data-honesty.spec.js:104:3 › the renderer does not invent state › a re-render neither duplicates nor loses rack geometry (20.4s)
  ok 1348 [desktop-chromium] › e2e\31-renderer-data-honesty.spec.js:154:3 › the renderer does not invent state › no LED blinks — a blink is an activity claim (2.8s)
  ok 1349 [desktop-chromium] › e2e\31-renderer-data-honesty.spec.js:163:3 › the renderer does not invent state › state colours are not used decoratively on device LEDs (2.7s)
  ok 1350 [desktop-chromium] › e2e\32-lod-and-resource-stress.spec.js:62:3 › LOD tiers hold and surfaces do not leak › the LOD ladder is intact — selected, neighbours, pads, background (2.8s)
  ok 1351 [desktop-chromium] › e2e\32-lod-and-resource-stress.spec.js:75:3 › LOD tiers hold and surfaces do not leak › ⛔ THE THREE-WAY CYCLE DOES NOT LEAK A CONTEXT OR A CANVAS (47.4s)
  ok 1352 [desktop-chromium] › e2e\32-lod-and-resource-stress.spec.js:108:3 › LOD tiers hold and surfaces do not leak › every surface still renders after the cycle — no silent blank (23.3s)
  ok 1353 [desktop-chromium] › e2e\33-cdu-is-cooling.spec.js:48:3 › a CDU is cooling, not power › ⛔ THE VOCABULARY CLASSIFIES CDU AS ITS OWN CHANNEL (2.6s)
  ok 1354 [desktop-chromium] › e2e\33-cdu-is-cooling.spec.js:71:3 › a CDU is cooling, not power › a CDU tallies as COOLING, where it used to fall through to OTHER (3.0s)
  ok 1355 [desktop-chromium] › e2e\33-cdu-is-cooling.spec.js:85:3 › a CDU is cooling, not power › the CDU carries NO status light — its identity is form, not telemetry (2.7s)
  ok 1356 [desktop-chromium] › e2e\33-cdu-is-cooling.spec.js:99:3 › a CDU is cooling, not power › nothing was faked in the data to achieve the reclassification (2.8s)
  ok 1357 [desktop-chromium] › e2e\34-plumbing-needs-a-source.spec.js:62:3 › coolant plumbing needs a source › ⛔ AN AIR-COOLED RACK GETS NO COOLANT PLUMBING (2.9s)
  ok 1358 [desktop-chromium] › e2e\34-plumbing-needs-a-source.spec.js:82:3 › coolant plumbing needs a source › a rack that DECLARES a CDU still gets its plumbing (3.0s)
  ok 1359 [desktop-chromium] › e2e\34-plumbing-needs-a-source.spec.js:96:3 › coolant plumbing needs a source › structure stays unconditional — bus bars, cable arms and the rear door (2.8s)
  ok 1360 [desktop-chromium] › e2e\35-forge-parity.spec.js:77:3 › Forge parity › ⛔ THE AISLE DRAWS REAL RACK GEOMETRY, NOT A PHOTOGRAPH (14.2s)
  ok 1361 [desktop-chromium] › e2e\35-forge-parity.spec.js:142:3 › Forge parity › the focused rack matches Build — count, RU positions, families, CDU (10.9s)
  ok 1362 [desktop-chromium] › e2e\35-forge-parity.spec.js:172:3 › Forge parity › STRESS: Build → Forge → 10+ racks → Build → Forge accumulates nothing (33.3s)
  ok 1363 [desktop-chromium] › e2e\36-forge-rack-centric.spec.js:85:3 › Forge is rack-centric › ⛔ LOCKED IS THE DEFAULT — a drag does not move the camera (45.1s)
  ok 1364 [desktop-chromium] › e2e\36-forge-rack-centric.spec.js:123:3 › Forge is rack-centric › WALK AISLE is an explicit mode, and it frees the camera (30.3s)
  ok 1365 [desktop-chromium] › e2e\36-forge-rack-centric.spec.js:148:3 › Forge is rack-centric › leaving WALK snaps back to the canonical rack framing (38.8s)
  ok 1366 [desktop-chromium] › e2e\36-forge-rack-centric.spec.js:193:3 › Forge is rack-centric › ⛔ camera-lock is NOT exposed as a setting (2.9s)
  ok 1367 [desktop-chromium] › e2e\37-locked-rack-pose.spec.js:108:3 › Locked rack mode is a canonical front elevation › ⛔ the locked pose is square to the rack — zero yaw, zero pitch, zero roll (20.8s)
  ok 1368 [desktop-chromium] › e2e\37-locked-rack-pose.spec.js:125:3 › Locked rack mode is a canonical front elevation › the frame is an inspection view, centred on the USABLE rect and not the raw canvas (19.8s)
  ok 1369 [desktop-chromium] › e2e\37-locked-rack-pose.spec.js:141:3 › Locked rack mode is a canonical front elevation › ⭐ every rack lands on the SAME pose relative to itself, and the walk returns exactly (2.0m)
  ok 1370 [desktop-chromium] › e2e\37-locked-rack-pose.spec.js:179:3 › Locked rack mode is a canonical front elevation › leaving WALK AISLE returns to a pose identical to selecting that rack normally (1.1m)
  ok 1371 [desktop-chromium] › e2e\38-context-engine.spec.js:29:3 › Context engine › ⛔ the honesty guard is always first and is never dropped (5.0s)
  ok 1372 [desktop-chromium] › e2e\38-context-engine.spec.js:44:3 › Context engine › ⛔ the token budget holds, and truncation happens at line boundaries (6.6s)
  ok 1373 [desktop-chromium] › e2e\38-context-engine.spec.js:61:3 › Context engine › ⛔ CHANGE has no path, and READ is asserted at the choke point (4.9s)
  ok 1374 [desktop-chromium] › e2e\38-context-engine.spec.js:76:3 › Context engine › unknown fields are ABSENT, not blank-stubbed (3.7s)
  ok 1375 [desktop-chromium] › e2e\38-context-engine.spec.js:93:3 › Context engine › ⛔ placeholder step text never reaches the model (4.1s)
  ok 1376 [desktop-chromium] › e2e\38-context-engine.spec.js:110:3 › Context engine › the JobState field registry carries a source for every field, and sources never ship to the model (5.3s)
  ok 1377 [desktop-chromium] › e2e\38-context-engine.spec.js:129:3 › Context engine › ⛔ no AI call site still bypasses the choke point (4.8s)
  ok 1378 [desktop-chromium] › e2e\39-sw-update-path.spec.js:24:3 › SW update path — structure › ⛔ install must NOT skipWaiting, and a message handler must exist to promote on demand (4.4s)
  ok 1379 [desktop-chromium] › e2e\39-sw-update-path.spec.js:45:3 › SW update path — structure › ⛔ exactly one controllerchange reaction, and exactly one activation door (5.0s)
  ok 1380 [desktop-chromium] › e2e\39-sw-update-path.spec.js:62:3 › SW update path — structure › navigations and version.json must not be answerable from a stale cache (5.2s)
  ok 1381 [desktop-chromium] › e2e\39-sw-update-path.spec.js:81:3 › SW update path — behaviour › ⛔ the badge is honest: it cannot claim an update with no worker waiting (4.0s)
  ok 1382 [desktop-chromium] › e2e\39-sw-update-path.spec.js:102:3 › SW update path — behaviour › the diagnostic reports the lifecycle position rather than requiring a console (4.6s)
  ok 1383 [desktop-chromium] › e2e\39-sw-update-path.spec.js:111:3 › SW update path — behaviour › an activation attempt with nothing to promote FAILS LOUDLY and restores the control (7.0s)
  ok 1384 [desktop-chromium] › e2e\39-sw-update-path.spec.js:131:3 › SW update path — behaviour › ⛔ operational data is never touched by an update attempt (6.3s)
  x  1385 [desktop-chromium] › e2e\40-shift-door.spec.js:41:3 › SHIFT door › ⛔ the shift control is REACHABLE on Command, not merely present (10.8s)
(node:3200) Warning: The 'NO_COLOR' env is ignored due to the 'FORCE_COLOR' env being set.
(Use `node --trace-warnings ...` to show where the warning was created)
  ok 1386 [desktop-chromium] › e2e\40-shift-door.spec.js:58:3 › SHIFT door › one tap opens the shift sheet, and every control in it clears the gloved floor (4.7s)
  ok 1387 [desktop-chromium] › e2e\40-shift-door.spec.js:82:3 › SHIFT door › the row states shift honestly when unset, and invents nothing (6.4s)
  ok 1388 [desktop-chromium] › e2e\40-shift-door.spec.js:95:3 › SHIFT door › ⛔ the door did not push the deck past the viewport (4.1s)
  ok 1389 [desktop-chromium] › e2e\41-continue-not-silent.spec.js:57:3 › Build CONTINUE › the reported state renders, and CONTINUE is a live, hit-testable control (9.1s)
  ok 1390 [desktop-chromium] › e2e\41-continue-not-silent.spec.js:87:3 › Build CONTINUE › one tap enters the rack workflow and the render lands somewhere VISIBLE (9.7s)
  ok 1391 [desktop-chromium] › e2e\41-continue-not-silent.spec.js:114:3 › Build CONTINUE › ⛔ with no host, CONTINUE reports the failure instead of swallowing it (8.8s)
  ok 1392 [desktop-chromium] › e2e\42-paste-classifier.spec.js:30:3 › paste classifier › identifies each real format from shape alone (3.1s)
  ok 1393 [desktop-chromium] › e2e\42-paste-classifier.spec.js:44:3 › paste classifier › ⭐ real pastes are not refused for being messy (3.4s)
  ok 1394 [desktop-chromium] › e2e\42-paste-classifier.spec.js:84:3 › paste classifier › ⛔ ambiguous and unrecognisable input returns unknown, never a guess (4.6s)
  ok 1395 [desktop-chromium] › e2e\42-paste-classifier.spec.js:174:3 › paste classifier › ⛔ CSV-vs-CSV does not collide — the real ambiguity in this set (2.9s)
  ok 1396 [desktop-chromium] › e2e\42-paste-classifier.spec.js:184:3 › paste classifier › every verdict except unknown has a routing target (3.0s)
  ok 1397 [desktop-chromium] › e2e\42-paste-classifier.spec.js:208:3 › paste classifier › bounded input cannot change a verdict (3.0s)
  ok 1398 [desktop-chromium] › e2e\43-paste-door.spec.js:23:3 › paste door › ⛔ the PASTE row is reachable on Work (5.1s)
  ok 1399 [desktop-chromium] › e2e\43-paste-door.spec.js:47:3 › paste door › ⛔ tapping the row actually opens the sheet (5.6s)
  ok 1400 [desktop-chromium] › e2e\43-paste-door.spec.js:64:3 › paste door › the sheet opens with an empty, honest zero state (5.3s)
  ok 1401 [desktop-chromium] › e2e\43-paste-door.spec.js:85:3 › paste door › a recognised paste names the format and offers exactly one route (5.6s)
  ok 1402 [desktop-chromium] › e2e\43-paste-door.spec.js:105:3 › paste door › ⛔ an unrecognised paste says so and offers the doors (5.5s)
  ok 1403 [desktop-chromium] › e2e\43-paste-door.spec.js:133:3 › paste door › ⛔ every offered route is a real door, and unknown routes nowhere (5.3s)
  ok 1404 [desktop-chromium] › e2e\43-paste-door.spec.js:157:3 › paste door › ⛔ a tap cannot silently do nothing before routing is wired (5.9s)
  ok 1405 [desktop-chromium] › e2e\43-paste-door.spec.js:189:3 › paste routing › routing lands in the target tool WITH the text (6.8s)
  ok 1406 [desktop-chromium] › e2e\43-paste-door.spec.js:208:3 › paste routing › ⛔ a route that cannot complete says so instead of losing the paste (5.0s)
  ok 1407 [desktop-chromium] › e2e\43-paste-door.spec.js:226:3 › paste routing › ⛔ EDP declines without a deployment, and the sheet keeps the text (5.5s)
  ok 1408 [desktop-chromium] › e2e\43-paste-door.spec.js:257:3 › paste routing › ⛔ overwriting a box that already had text is stated, not silent (7.7s)
  ok 1409 [desktop-chromium] › e2e\43-paste-door.spec.js:281:3 › paste routing › ⛔ routing an unknown verdict is refused, not guessed (5.5s)
  ok 1410 [desktop-chromium] › e2e\44-tool-reachability.spec.js:54:3 › ops tool reachability › ⛔ all nine tools are reachable, and none has two doors (5.6s)
  x  1411 [desktop-chromium] › e2e\44-tool-reachability.spec.js:69:3 › ops tool reachability › the tool row meets the gloved floor (6.5s)
(node:36156) Warning: The 'NO_COLOR' env is ignored due to the 'FORCE_COLOR' env being set.
(Use `node --trace-warnings ...` to show where the warning was created)
  ok 1412 [desktop-chromium] › e2e\44-tool-reachability.spec.js:79:3 › ops tool reachability › ⛔ the retired banner stack is gone, not merely hidden (5.0s)
(node:13360) Warning: The 'NO_COLOR' env is ignored due to the 'FORCE_COLOR' env being set.
(Use `node --trace-warnings ...` to show where the warning was created)
  ok 1413 [reduced-motion] › e2e\00-boot.spec.js:7:3 › cold boot › enters past the splash into the redesign shell (4.8s)
  ok 1414 [reduced-motion] › e2e\00-boot.spec.js:18:3 › cold boot › boots with no uncaught exception and no console error (3.4s)
  ok 1415 [reduced-motion] › e2e\00-boot.spec.js:25:3 › cold boot › serves the same version the working tree carries (3.6s)
  ok 1416 [reduced-motion] › e2e\00-boot.spec.js:31:3 › cold boot › the shell does not overflow horizontally (3.2s)
  ok 1417 [reduced-motion] › e2e\01-nav.spec.js:79:3 › bottom nav — structure › the nav pins the pre-M4 shape: three slots plus EXIT (R-02 replaces this at M4) (3.6s)
  ok 1418 [reduced-motion] › e2e\01-nav.spec.js:102:3 › bottom nav — structure › every nav control meets the 44px gloved-hand minimum (3.6s)
  ok 1419 [reduced-motion] › e2e\01-nav.spec.js:121:3 › bottom nav — routing › each slot activates its own page and deactivates the other two (7.8s)
  ok 1420 [reduced-motion] › e2e\01-nav.spec.js:135:3 › bottom nav — routing › .botitem.active mirrors the visible page (6.2s)
  ok 1421 [reduced-motion] › e2e\01-nav.spec.js:149:3 › bottom nav — routing › #bn-core still tracks the active slot, but the rail is retired and paints nothing (6.1s)
  ok 1422 [reduced-motion] › e2e\01-nav.spec.js:172:3 › bottom nav — routing › body.mode-ref is set on Tools only — it is the sole mode-* class the app owns (6.2s)
  ok 1423 [reduced-motion] › e2e\01-nav.spec.js:189:3 › bottom nav — routing › cycling all three slots raises no console error and no uncaught exception (8.1s)
  ok 1424 [reduced-motion] › e2e\01-nav.spec.js:241:3 › bottom nav — routing › none of the three pages overflows the viewport horizontally (6.5s)
  x  1425 [reduced-motion] › e2e\01-nav.spec.js:269:3 › browser back › back after nav taps returns to the previous destination (6.1s)
  ok 1426 [reduced-motion] › e2e\01-nav.spec.js:289:3 › house selection › a bare URL boots the redesign house with the 3-slot nav visible (3.5s)
  ok 1427 [reduced-motion] › e2e\01-nav.spec.js:299:3 › house selection › ?legacy=1 boots the legacy house — no body.rd, no redesign nav (3.3s)
  ok 1428 [reduced-motion] › e2e\01-nav.spec.js:316:3 › house selection › ?legacy=1 survives a reload without the query string (4.6s)
  ok 1429 [reduced-motion] › e2e\01-nav.spec.js:335:3 › #rd-exit is hold-only › a plain tap on EXIT does not navigate and does not freeze (4.5s)
  ok 1430 [reduced-motion] › e2e\01-nav.spec.js:357:3 › #rd-exit is hold-only › holding EXIT past RD_HOLD_MS freezes to the sleep curtain (5.7s)
[02-build-forge] WEBGL BRANCH = GPU-PRESENT | context=WebGL2RenderingContext | renderer=Apple GPU
  ok 1431 [reduced-motion] › e2e\02-build-forge.spec.js:253:3 › Build workspace + Forge aisle › WebGL capability is MEASURED in this browser, not assumed (3.8s)
  ok 1432 [reduced-motion] › e2e\02-build-forge.spec.js:285:3 › Build workspace + Forge aisle › the Build slot mounts #bw-shell with the real workspace, not the legacy grid (6.8s)
  ok 1433 [reduced-motion] › e2e\02-build-forge.spec.js:302:3 › Build workspace + Forge aisle › #bw-mount exists and MEASURES non-zero — the display:contents / wiped-host guard (6.5s)
  ok 1434 [reduced-motion] › e2e\02-build-forge.spec.js:339:3 › Build workspace + Forge aisle › ten Build entries leave exactly one #bw-mount and do not multiply canvases (53.6s)
  ok 1435 [reduced-motion] › e2e\02-build-forge.spec.js:389:3 › Build workspace + Forge aisle › RackEngine never holds more than one interactive attachment (38.6s)
  ok 1436 [reduced-motion] › e2e\02-build-forge.spec.js:430:3 › Build workspace + Forge aisle › the aisle opens over Build and closing it returns to Build with #bw-mount intact (18.6s)
  ok 1437 [reduced-motion] › e2e\02-build-forge.spec.js:481:3 › Build workspace + Forge aisle › no uncaught exception across the Build -> aisle -> Build round trip (23.7s)
  ok 1438 [reduced-motion] › e2e\02-build-forge.spec.js:519:3 › Build workspace + Forge aisle › the aisle states its zero-state instead of failing silently with no Master (13.6s)
  ok 1439 [reduced-motion] › e2e\02-build-forge.spec.js:539:3 › Build workspace + Forge aisle › opening the aisle does not tell the technician the app crashed (13.1s)
[02-build-forge] BUILD PREVIEW OUTCOME = canvas
  ok 1440 [reduced-motion] › e2e\02-build-forge.spec.js:576:3 › Build workspace + Forge aisle › the Build rack preview always reaches a STATED terminal state — never a silent blank (13.1s)
  ok 1441 [reduced-motion] › e2e\02-build-forge.spec.js:620:3 › Build workspace + Forge aisle › with a usable renderer, the Build mount holds exactly ONE live WebGL canvas (9.2s)
  ok 1442 [reduced-motion] › e2e\02-build-forge.spec.js:670:3 › Build workspace + Forge aisle › with a usable renderer, opening the aisle TRANSFERS the single attachment and Build does not steal it back (31.6s)
[02] item-4 round-trip trace: [{"round":1,"openCanvases":5,"openLive":1,"closedCanvases":5,"closedLive":1},{"round":2,"openCanvases":5,"openLive":1,"closedCanvases":5,"closedLive":1},{"round":3,"openCanvases":5,"openLive":1,"closedCanvases":5,"closedLive":1},{"round":4,"openCanvases":5,"openLive":1,"closedCanvases":5,"closedLive":1},{"round":5,"openCanvases":5,"openLive":1,"closedCanvases":5,"closedLive":1},{"round":6,"openCanvases":5,"openLive":1,"closedCanvases":5,"closedLive":1},{"round":7,"openCanvases":5,"openLive":1,"closedCanvases":5,"closedLive":1},{"round":8,"openCanvases":5,"openLive":1,"closedCanvases":5,"closedLive":1},{"round":9,"openCanvases":5,"openLive":1,"closedCanvases":5,"closedLive":1},{"round":10,"openCanvases":5,"openLive":1,"closedCanvases":5,"closedLive":1}]
  ok 1443 [reduced-motion] › e2e\02-build-forge.spec.js:738:3 › Build workspace + Forge aisle › THE ROUND TRIP HOLDS x10 — the attachment comes home every time and nothing accumulates (1.0m)
  ok 1444 [reduced-motion] › e2e\02-build-forge.spec.js:831:3 › Build workspace + Forge aisle › closing the aisle RETURNS the rack to Build — the context goes back to its lender (11.2s)
  ok 1445 [reduced-motion] › e2e\03-tools.spec.js:182:3 › Tools page grid (#pg-ref) › the bottom-nav Tools slot lands on the card grid, not a drilled-in panel (5.8s)
  ok 1446 [reduced-motion] › e2e\03-tools.spec.js:199:3 › Tools page grid (#pg-ref) › every card is a named, gloved-hand tap target (4.5s)
  ok 1447 [reduced-motion] › e2e\03-tools.spec.js:225:3 › Tools page grid (#pg-ref) › the grid clears the fixed bottom nav at the end of its scroll (5.1s)
  ok 1448 [reduced-motion] › e2e\03-tools.spec.js:276:3 › Tools page grid (#pg-ref) › the Tools grid does not overflow horizontally (4.5s)
  ok 1449 [reduced-motion] › e2e\03-tools.spec.js:282:3 › Tools page grid (#pg-ref) › the filter narrows the grid, states a zero-match, and recovers (6.5s)
  ok 1450 [reduced-motion] › e2e\03-tools.spec.js:310:5 › Tools page doors › OPTICS opens a VISIBLE surface and can be backed out of (6.9s)
  ok 1451 [reduced-motion] › e2e\03-tools.spec.js:310:5 › Tools page doors › PLATFORMS opens a VISIBLE surface and can be backed out of (7.0s)
  ok 1452 [reduced-motion] › e2e\03-tools.spec.js:310:5 › Tools page doors › CLI / IB opens a VISIBLE surface and can be backed out of (6.8s)
  ok 1453 [reduced-motion] › e2e\03-tools.spec.js:310:5 › Tools page doors › PARTS opens a VISIBLE surface and can be backed out of (7.4s)
  ok 1454 [reduced-motion] › e2e\03-tools.spec.js:310:5 › Tools page doors › KNOW opens a VISIBLE surface and can be backed out of (7.0s)
  ok 1455 [reduced-motion] › e2e\03-tools.spec.js:310:5 › Tools page doors › COMPASS opens a VISIBLE surface and can be backed out of (7.2s)
  ok 1456 [reduced-motion] › e2e\03-tools.spec.js:342:3 › Tools page doors › GHOST ECHO opens its sheet visibly and closes back to the grid (7.2s)
  ok 1457 [reduced-motion] › e2e\03-tools.spec.js:374:3 › ops tool doors (rd_openOpsTool) › the registry, the wall and the renderers agree (3.2s)
  ok 1458 [reduced-motion] › e2e\03-tools.spec.js:404:5 › ops tool doors (rd_openOpsTool) › bom mounts into a VISIBLE host and backs out to Build (4.8s)
  ok 1459 [reduced-motion] › e2e\03-tools.spec.js:404:5 › ops tool doors (rd_openOpsTool) › manifest mounts into a VISIBLE host and backs out to Build (4.8s)
  ok 1460 [reduced-motion] › e2e\03-tools.spec.js:404:5 › ops tool doors (rd_openOpsTool) › portmap mounts into a VISIBLE host and backs out to Build (5.1s)
  ok 1461 [reduced-motion] › e2e\03-tools.spec.js:404:5 › ops tool doors (rd_openOpsTool) › rackmap mounts into a VISIBLE host and backs out to Build (4.8s)
  ok 1462 [reduced-motion] › e2e\03-tools.spec.js:404:5 › ops tool doors (rd_openOpsTool) › sops mounts into a VISIBLE host and backs out to Build (5.0s)
  ok 1463 [reduced-motion] › e2e\03-tools.spec.js:404:5 › ops tool doors (rd_openOpsTool) › burndown mounts into a VISIBLE host and backs out to Build (4.7s)
  ok 1464 [reduced-motion] › e2e\03-tools.spec.js:404:5 › ops tool doors (rd_openOpsTool) › audits mounts into a VISIBLE host and backs out to Build (5.3s)
  ok 1465 [reduced-motion] › e2e\03-tools.spec.js:404:5 › ops tool doors (rd_openOpsTool) › blast mounts into a VISIBLE host and backs out to Build (4.6s)
  ok 1466 [reduced-motion] › e2e\03-tools.spec.js:404:5 › ops tool doors (rd_openOpsTool) › optics mounts into a VISIBLE host and backs out to Build (4.8s)
  ok 1467 [reduced-motion] › e2e\03-tools.spec.js:404:5 › ops tool doors (rd_openOpsTool) › isolate mounts into a VISIBLE host and backs out to Build (4.5s)
  ok 1468 [reduced-motion] › e2e\03-tools.spec.js:452:3 › ops tool doors (rd_openOpsTool) › an unknown tab fails loudly instead of silently (3.7s)
  x  1469 [reduced-motion] › e2e\03-tools.spec.js:470:3 › ops tool reachability › the OPS wall keeps its nine tools one tap from the Build landing (5.0s)
  x  1470 [reduced-motion] › e2e\03-tools.spec.js:524:3 › known dead doors › DEAD DOOR 1 — a SOP card tap opens the SOP detail where the tech is looking (5.9s)
  x  1471 [reduced-motion] › e2e\03-tools.spec.js:546:3 › known dead doors › DEAD DOOR 2 — the SOP detail Back and DELETE controls are reachable (6.1s)
  x  1472 [reduced-motion] › e2e\03-tools.spec.js:566:3 › known dead doors › DEAD DOOR 3 — deleteSOP leaves the tech with a way back (6.2s)
  x  1473 [reduced-motion] › e2e\03-tools.spec.js:621:3 › known dead doors › DEAD DOOR 4 — the deployment-list Rack Map button opens a visible rack map (5.1s)
  ok 1474 [reduced-motion] › e2e\04-storage.spec.js:157:3 › the guarded storage doors › safeGet, safeStore and safeRemove exist as the canonical doors (3.5s)
  ok 1475 [reduced-motion] › e2e\04-storage.spec.js:177:3 › the guarded storage doors › an absent key returns the fallback silently — absence is normal, not an event (3.5s)
  ok 1476 [reduced-motion] › e2e\04-storage.spec.js:192:3 › the guarded storage doors › safeGet returns the fallback and warns when storage itself is unreadable (3.5s)
  ok 1477 [reduced-motion] › e2e\04-storage.spec.js:209:3 › the guarded storage doors › safeRemove reports failure instead of throwing at a caller that assumed deletion (3.1s)
  ok 1478 [reduced-motion] › e2e\04-storage.spec.js:225:3 › the guarded storage doors › a write over quota returns false, raises a toast and flags the app (4.8s)
  ok 1479 [reduced-motion] › e2e\04-storage.spec.js:245:3 › the guarded storage doors › the app's own store factory reads and writes through the guarded doors (7.3s)
  ok 1480 [reduced-motion] › e2e\04-storage.spec.js:280:3 › corrupt data quarantine › a damaged blob is quarantined verbatim and the original bytes are preserved (4.6s)
  ok 1481 [reduced-motion] › e2e\04-storage.spec.js:312:3 › corrupt data quarantine › a corrupt quarantine store does not recurse — it resets and still rescues the new blob (3.1s)
  ok 1482 [reduced-motion] › e2e\04-storage.spec.js:329:3 › corrupt data quarantine › booting on top of a corrupt user-data key raises no storage exception (5.0s)
  ok 1483 [reduced-motion] › e2e\04-storage.spec.js:347:3 › corrupt data quarantine › the quarantine is itself in the backup registry — the only copy travels (3.1s)
  x  1484 [reduced-motion] › e2e\04-storage.spec.js:368:8 › corrupt data quarantine › reading a damaged key repeatedly does not re-write the quarantine every time (3.4s)
  ok 1485 [reduced-motion] › e2e\04-storage.spec.js:389:3 › backup coverage is DERIVED, not a hand-list › coverage is measured against live storage — a key nobody classified is reported (3.2s)
  ok 1486 [reduced-motion] › e2e\04-storage.spec.js:406:3 › backup coverage is DERIVED, not a hand-list › classified keys and prefix-swept dynamic keys are not reported as gaps (3.1s)
  ok 1487 [reduced-motion] › e2e\04-storage.spec.js:423:3 › backup coverage is DERIVED, not a hand-list › every registry row names a key and a reason, and the three registries are disjoint (2.9s)
  ok 1488 [reduced-motion] › e2e\04-storage.spec.js:443:3 › backup coverage is DERIVED, not a hand-list › an unclassified key is recorded IN the exported bundle, never dropped in silence (4.5s)
  ok 1489 [reduced-motion] › e2e\04-storage.spec.js:461:3 › export → clear → restore round trip › a full backup restores every key it captured after localStorage is wiped (4.9s)
  -  1490 [reduced-motion] › e2e\04-storage.spec.js:553:3 › export → clear → restore round trip › the iOS share-sheet export branch cannot be reached from this harness
  ok 1491 [reduced-motion] › e2e\04-storage.spec.js:561:3 › export → clear → restore round trip › a newer-schema bundle is refused before any destructive write (7.9s)
  ok 1492 [reduced-motion] › e2e\04-storage.spec.js:605:3 › durability across a reload › data written through the app survives a reload and reads back identically (5.7s)
  ok 1493 [reduced-motion] › e2e\04-storage.spec.js:668:3 › unguarded write paths › a quota failure while saving the Master reaches the operator (3.5s)
  ok 1494 [reduced-motion] › e2e\04-storage.spec.js:698:3 › unguarded write paths › a quota failure while writing the shift-end marker reaches the operator (3.3s)
  ok 1495 [reduced-motion] › e2e\05-offline.spec.js:259:3 › offline contract › every script the app loads at runtime is in the SW precache list (959ms)
  ok 1496 [reduced-motion] › e2e\05-offline.spec.js:279:3 › offline contract › no runtime script is loaded from a third-party origin (601ms)
  ok 1497 [reduced-motion] › e2e\05-offline.spec.js:290:3 › offline contract › every PRECACHE_URL actually serves — a 404 entry installs silently broken (1.1s)
  ok 1498 [reduced-motion] › e2e\05-offline.spec.js:307:3 › offline contract › the three cache stamps agree — a drifted CACHE_VERSION never evicts (629ms)
  -  1499 [reduced-motion] › e2e\05-offline.spec.js:324:3 › offline contract › the app registers a service worker on first load
  ok 1500 [reduced-motion] › e2e\05-offline.spec.js:348:3 › offline contract › sw.js precaches its whole manifest once registered (4.8s)
  ok 1501 [reduced-motion] › e2e\05-offline.spec.js:382:3 › offline contract › the offline shell and every vendor bundle are physically in the SW cache (4.2s)
  -  1502 [reduced-motion] › e2e\05-offline.spec.js:424:3 › offline contract › with the network cut, the service worker actually serves the shell and vendors
  -  1503 [reduced-motion] › e2e\05-offline.spec.js:452:3 › offline contract › after one online load, an offline reload still boots to a usable shell
  -  1504 [reduced-motion] › e2e\05-offline.spec.js:477:3 › offline contract › an offline boot raises no uncaught exception and no same-origin request failure
  ok 1505 [reduced-motion] › e2e\05-offline.spec.js:565:3 › offline contract › losing the network is reported on the running app, not swallowed (4.0s)
  -  1506 [reduced-motion] › e2e\05-offline.spec.js:628:3 › offline contract › a cold offline boot reports offline at first paint
  -  1507 [reduced-motion] › e2e\05-offline.spec.js:681:3 › offline contract › the app REPORTS offline at first paint when the platform says so — signal forced, network still cut
  -  1508 [reduced-motion] › e2e\05-offline.spec.js:708:3 › offline contract › work saved while offline survives an offline reload and the return to network
  -  1509 [reduced-motion] › e2e\05-offline.spec.js:764:3 › offline contract › offline PDF import uses the precached vendor bytes
  ok 1510 [reduced-motion] › e2e\06-composition.spec.js:212:3 › zero horizontal overflow › Command composes inside the viewport at this tier and at every declared breakpoint (17.9s)
  ok 1511 [reduced-motion] › e2e\06-composition.spec.js:225:3 › zero horizontal overflow › Build composes inside the viewport at this tier and at every declared breakpoint (15.2s)
  ok 1512 [reduced-motion] › e2e\06-composition.spec.js:239:3 › zero horizontal overflow › Tools composes inside the viewport at this tier and at every declared breakpoint (17.5s)
  ok 1513 [reduced-motion] › e2e\06-composition.spec.js:259:3 › tier boundaries › 1024px flips phone composition to desktop chrome, and the second tier is 1500px (not 1520px) (7.5s)
  ok 1514 [reduced-motion] › e2e\06-composition.spec.js:319:3 › tier boundaries › the composition follows the VIEWPORT, not a flag that was read once at boot (10.0s)
  ok 1515 [reduced-motion] › e2e\06-composition.spec.js:365:3 › tier boundaries › the rip-cord pins the phone composition at a desktop width (3.5s)
[06] tap-floor offenders @390px (census Command=24 Build=8 Tools=14):
  Build · button.ops-banner-btn · 330x28px · "Expand OPS panel"
  Tools · input#srch.search-input · 339x38px · ""
  x  1516 [reduced-motion] › e2e\06-composition.spec.js:403:3 › touch-target floor › every visible interactive control clears 44px on Command, Build and Tools (7.0s)
[06] .reh-3d-seg RULE probe: 41.2x22px (font 11px, padding 4px 12px) vs the 44px floor
  x  1517 [reduced-motion] › e2e\06-composition.spec.js:457:3 › touch-target floor › the .reh-3d-seg rack-mode pill RULE yields a 44px target (rule probe, not a live control) (5.4s)
  ok 1518 [reduced-motion] › e2e\06-composition.spec.js:496:3 › touch-target floor › the bottom nav — the always-on-screen control — clears 44px in both axes (5.2s)
[06] #rd-botnav .blabel contrast:
  15.09:1  10px/700  rgb(97, 239, 255) on rgb(2, 2, 3)  "Home"
  2.75:1  10px/700  rgb(74, 86, 95) on rgb(2, 2, 3)  "Build"
  2.75:1  10px/700  rgb(74, 86, 95) on rgb(2, 2, 3)  "Tools"
  6.33:1  10px/700  rgb(255, 77, 77) on rgb(2, 2, 3)  "Exit"
  x  1519 [reduced-motion] › e2e\06-composition.spec.js:539:3 › contrast floor › #rd-botnav .blabel meets WCAG AA at 9px (3.8s)
  ok 1520 [reduced-motion] › e2e\06-composition.spec.js:585:3 › reduced motion › reduced motion does not break composition on any page or collapse the fixed nav (6.9s)
  ok 1521 [reduced-motion] › e2e\06-composition.spec.js:635:3 › reduced motion › reduced motion keeps the same tier boundaries (5.6s)
  ok 1522 [reduced-motion] › e2e\08-forge-layout.spec.js:340:3 › Forge bottom control stack › both utility buttons clear 44x44 in EVERY chip state, including the empty zero state (9.7s)
  ok 1523 [reduced-motion] › e2e\08-forge-layout.spec.js:401:3 › Forge bottom control stack › every control in the row consumes the tap token as its OWN height, not a sibling's (7.8s)
  ok 1524 [reduced-motion] › e2e\08-forge-layout.spec.js:446:3 › Forge bottom control stack › the pill strip, the utility buttons and the status row never intersect (10.2s)
  ok 1525 [reduced-motion] › e2e\08-forge-layout.spec.js:490:3 › Forge bottom control stack › the caption stays readable and inside the viewport at every chip state (8.1s)
  ok 1526 [reduced-motion] › e2e\08-forge-layout.spec.js:521:3 › Forge bottom control stack › the pill strip declares its clip on both axes and holds the glow's own room inside it (7.2s)
[08-forge-layout] [reduced-motion] clearance under perturbation — at rest: stack 110 (row 58 + row2 26), gap 10 | status row at --fs-micro 22px: stack 133.8 (row 65 + row2 42.8), gap 10 | status row at --fs-micro 34px: stack 166.59 (row 81 + row2 59.59), gap 10 | tall row2 + --forge-tap 76px: stack 175.59 (row 90 + row2 59.59), gap 10 | tall row2 only: stack 166.59 (row 81 + row2 59.59), gap 10 | back at rest: stack 110 (row 58 + row2 26), gap 10
  ok 1527 [reduced-motion] › e2e\08-forge-layout.spec.js:581:3 › Forge bottom control stack › the caption's clearance is DERIVED: move the stack and the gap holds (12.5s)
  ok 1528 [reduced-motion] › e2e\08-forge-layout.spec.js:733:3 › Forge bottom control stack › the toast clears the control row at every status-row height (11.5s)
  ok 1529 [reduced-motion] › e2e\08-forge-layout.spec.js:763:3 › Forge bottom control stack › the toast still beats the OPEN detail panel, so UNDO survives (9.9s)
  ok 1530 [reduced-motion] › e2e\08-forge-layout.spec.js:791:3 › Forge bottom control stack › the caption yields to the toast rather than stacking with it, and returns (9.0s)
  ok 1531 [reduced-motion] › e2e\08-forge-layout.spec.js:823:3 › Forge bottom control stack › the three status pills are read-outs, not controls (9.8s)
  ok 1532 [reduced-motion] › e2e\08-forge-layout.spec.js:907:3 › Forge bottom control stack › the zero state says its message ONCE and shows no empty id pill (5.8s)
  ok 1533 [reduced-motion] › e2e\08-forge-layout.spec.js:957:3 › Forge bottom control stack › the walk instruction leaves the row when there is no aisle to walk (11.0s)
  ok 1534 [reduced-motion] › e2e\08-forge-layout.spec.js:1012:3 › Forge bottom control stack › opening and closing the aisle raises no uncaught exception and never overflows horizontally (15.4s)
  -  1535 [reduced-motion] › e2e\08-forge-layout.spec.js:1052:3 › Forge bottom control stack › the bottom strip clears the iPhone home indicator
  ok 1536 [reduced-motion] › e2e\08-forge-layout.spec.js:1094:3 › Forge bottom control stack › the scene utilities live above the scene, not in the rack row (9.2s)
  ok 1537 [reduced-motion] › e2e\08-forge-layout.spec.js:1152:3 › Forge bottom control stack › every overlay covers the scene utilities — they are not a floating hit target (13.8s)
  ok 1538 [reduced-motion] › e2e\08-forge-layout.spec.js:1296:3 › Forge bottom control stack › the carousel owns row 1 alone, and no chip hides under a control (9.7s)
  ok 1539 [reduced-motion] › e2e\08-forge-layout.spec.js:1379:3 › Forge bottom control stack › the three context pills hold ONE baseline inside the viewport (8.4s)
  ok 1540 [reduced-motion] › e2e\09-master-binding.spec.js:104:3 › Master → Forge binding › the DATA MODEL carries every rack, with the counts the Master actually holds (9.8s)
  ok 1541 [reduced-motion] › e2e\09-master-binding.spec.js:125:3 › Master → Forge binding › Forge populates FIVE foreground racks, not every rack in the Master (13.3s)
  ok 1542 [reduced-motion] › e2e\09-master-binding.spec.js:138:3 › Master → Forge binding › every rack in the window reports the Master truth — 0/0 ONLY when genuinely empty (25.4s)
  x  1543 [reduced-motion] › e2e\09-master-binding.spec.js:172:3 › Master → Forge binding › walking the aisle resolves the NEXT rack from the Master, not a stale card (47.9s)
(node:716) Warning: The 'NO_COLOR' env is ignored due to the 'FORCE_COLOR' env being set.
(Use `node --trace-warnings ...` to show where the warning was created)
  x  1544 [reduced-motion] › e2e\09-master-binding.spec.js:203:3 › Master → Forge binding › reading the aisle never mutates the stored Master (56.3s)
(node:19548) Warning: The 'NO_COLOR' env is ignored due to the 'FORCE_COLOR' env being set.
(Use `node --trace-warnings ...` to show where the warning was created)
  ok 1545 [reduced-motion] › e2e\10-site-profile-root.spec.js:41:3 › ACTIVE_SITE_PROFILE — the contract › PHANTOM_SITE exists and reports validity as a LIST OF REASONS, not a boolean (17.2s)
  ok 1546 [reduced-motion] › e2e\10-site-profile-root.spec.js:56:3 › ACTIVE_SITE_PROFILE — the contract › validity NAMES every missing requirement on a blank device (32.0s)
  ok 1547 [reduced-motion] › e2e\10-site-profile-root.spec.js:67:3 › ACTIVE_SITE_PROFILE — the contract › validity is COMPUTED, never a stored boolean (7.9s)
  ok 1548 [reduced-motion] › e2e\10-site-profile-root.spec.js:84:3 › ACTIVE_SITE_PROFILE — migration is the thing that protects the operator › migration seeds siteLead from the one name on record, and keeps that person as the actor (17.9s)
  ok 1549 [reduced-motion] › e2e\10-site-profile-root.spec.js:112:3 › ACTIVE_SITE_PROFILE — migration is the thing that protects the operator › the actor is credited independently of authority — work is never auto-credited to the Site Lead (25.2s)
  x  1550 [reduced-motion] › e2e\10-site-profile-root.spec.js:128:3 › ACTIVE_SITE_PROFILE — migration is the thing that protects the operator › migration NEVER overwrites a value a human set (1.0m)
(node:33564) Warning: The 'NO_COLOR' env is ignored due to the 'FORCE_COLOR' env being set.
(Use `node --trace-warnings ...` to show where the warning was created)
  x  1551 [reduced-motion] › e2e\10-site-profile-root.spec.js:144:3 › ACTIVE_SITE_PROFILE — migration is the thing that protects the operator › migration is IDEMPOTENT — the second run writes nothing (54.5s)
(node:13232) Warning: The 'NO_COLOR' env is ignored due to the 'FORCE_COLOR' env being set.
(Use `node --trace-warnings ...` to show where the warning was created)
  ok 1552 [reduced-motion] › e2e\10-site-profile-root.spec.js:161:3 › ACTIVE_SITE_PROFILE — migration is the thing that protects the operator › an UNCONFIRMED profile is left COMPLETELY untouched — it belongs in Site Setup (20.9s)
  ok 1553 [reduced-motion] › e2e\10-site-profile-root.spec.js:178:3 › ONE ANSWER TO "WHO IS WORKING" (v1.14.418, P0 of PHASE-ENGINE) › currentOperator is STRICT — an empty actor never inherits the Site Lead (5.3s)
  ok 1554 [reduced-motion] › e2e\10-site-profile-root.spec.js:196:3 › ONE ANSWER TO "WHO IS WORKING" (v1.14.418, P0 of PHASE-ENGINE) › identity_getUser() resolves through the PROFILE, not the legacy key (3.8s)
  ok 1555 [reduced-motion] › e2e\10-site-profile-root.spec.js:210:3 › ONE ANSWER TO "WHO IS WORKING" (v1.14.418, P0 of PHASE-ENGINE) › identity_setUser() writes the PROFILE — the legacy key stops being a write target (4.9s)
  ok 1556 [reduced-motion] › e2e\10-site-profile-root.spec.js:228:3 › ONE ANSWER TO "WHO IS WORKING" (v1.14.418, P0 of PHASE-ENGINE) › a legacy-only device is MIGRATED, so its operator keeps their attribution (4.5s)
  ok 1557 [reduced-motion] › e2e\10-site-profile-root.spec.js:245:3 › ONE ANSWER TO "WHO IS WORKING" (v1.14.418, P0 of PHASE-ENGINE) › a DIVERGENCE between the two stores is recorded, not silently resolved (4.7s)
  ok 1558 [reduced-motion] › e2e\10-site-profile-root.spec.js:265:3 › ONE ANSWER TO "WHO IS WORKING" (v1.14.418, P0 of PHASE-ENGINE) › THE POINT: the audit log credits the actor from the PROFILE (4.4s)
  ok 1559 [reduced-motion] › e2e\10-site-profile-root.spec.js:291:3 › ACTIVE_SITE_PROFILE — the Master binding › binding reports no-master / no-binding / match as DISTINCT states (4.8s)
  ok 1560 [reduced-motion] › e2e\10-site-profile-root.spec.js:315:3 › ACTIVE_SITE_PROFILE — the Master binding › a profile bound to a DIFFERENT Master reports mismatch — the §10 identity check (3.8s)
  ok 1561 [reduced-motion] › e2e\10-site-profile-root.spec.js:333:3 › ACTIVE_SITE_PROFILE — the Master binding › bindMaster is read-modify-write — it cannot wipe a field it has no input for (4.3s)
  ok 1562 [reduced-motion] › e2e\10-site-profile-root.spec.js:352:3 › ACTIVE_SITE_PROFILE — the Master binding › S0 GATES NOTHING — the app still boots to its normal surface (3.8s)
  ok 1563 [reduced-motion] › e2e\11-event-log.spec.js:43:3 › the Event Log — folding without breaking the chain › THE REGRESSION THAT MATTERS: a v1 entry still verifies after P1 (4.2s)
  ok 1564 [reduced-motion] › e2e\11-event-log.spec.js:57:3 › the Event Log — folding without breaking the chain › a new entry is v2 and carries the spec §6.3 fields (3.7s)
  ok 1565 [reduced-motion] › e2e\11-event-log.spec.js:83:3 › the Event Log — folding without breaking the chain › the 25 existing 5-arg callers still work — meta is optional (3.8s)
  ok 1566 [reduced-motion] › e2e\11-event-log.spec.js:97:3 › the Event Log — folding without breaking the chain › a MIXED chain — v1 then v2 — verifies end to end (3.4s)
  ok 1567 [reduced-motion] › e2e\11-event-log.spec.js:112:3 › the Event Log — folding without breaking the chain › tampering with a v2-ONLY field is DETECTED — the new fields are really covered (3.5s)
  ok 1568 [reduced-motion] › e2e\11-event-log.spec.js:131:3 › the Event Log — folding without breaking the chain › §4.3 — the Event Log SURVIVES a Master swap, with masterId preserving the truth-context (4.7s)
  ok 1569 [reduced-motion] › e2e\11-event-log.spec.js:164:3 › the Event Log — folding without breaking the chain › the truncation marker is still unhashed, so eviction does not read as tampering (4.3s)
  ok 1570 [reduced-motion] › e2e\12-blockers.spec.js:35:3 › the Blocker record — adopting what is already there › THE ONE THAT MATTERS: a pre-existing blocker is adopted, note intact (4.0s)
  ok 1571 [reduced-motion] › e2e\12-blockers.spec.js:59:3 › the Blocker record — adopting what is already there › migration is IDEMPOTENT — a second boot adopts nothing (6.1s)
  ok 1572 [reduced-motion] › e2e\12-blockers.spec.js:72:3 › the Blocker record — adopting what is already there › a blocker with NO note still gets a record, and says so honestly (4.7s)
  ok 1573 [reduced-motion] › e2e\12-blockers.spec.js:87:3 › the Blocker record — opening and clearing › opening through the real door creates a record BEFORE the phase is blocked (8.3s)
  ok 1574 [reduced-motion] › e2e\12-blockers.spec.js:110:3 › the Blocker record — opening and clearing › an open blocker writes a BLOCKER_OPENED event carrying the rack (8.3s)
  ok 1575 [reduced-motion] › e2e\12-blockers.spec.js:125:3 › the Blocker record — opening and clearing › clearing records WHO cleared it and WHEN, and stops it being open (4.5s)
  ok 1576 [reduced-motion] › e2e\12-blockers.spec.js:145:3 › the Blocker record — opening and clearing › clearing an unknown or already-cleared blocker returns null rather than lying (4.0s)
  ok 1577 [reduced-motion] › e2e\12-blockers.spec.js:157:3 › the Blocker record — opening and clearing › the new store is CLASSIFIED for backup — an unregistered key dies at export (4.4s)
  ok 1578 [reduced-motion] › e2e\13-phase-model.spec.js:41:3 › the phase model — built on the phases that already exist › steps hang beneath the EXISTING five phases, not a new vocabulary (4.1s)
  ok 1579 [reduced-motion] › e2e\13-phase-model.spec.js:55:3 › the phase model — built on the phases that already exist › all four platform templates exist, per owner ruling (4.1s)
  ok 1580 [reduced-motion] › e2e\13-phase-model.spec.js:65:3 › the phase model — built on the phases that already exist › PROVENANCE: the model says SITE_TEMPLATE and never claims the Master specified it (3.9s)
  ok 1581 [reduced-motion] › e2e\13-phase-model.spec.js:74:3 › the phase model — built on the phases that already exist › the seeded step text is HONESTLY a placeholder, not invented procedure (3.9s)
  ok 1582 [reduced-motion] › e2e\13-phase-model.spec.js:90:3 › the step state machine (spec §6.2) › states are the four named ones — no booleans (4.2s)
  ok 1583 [reduced-motion] › e2e\13-phase-model.spec.js:96:3 › the step state machine (spec §6.2) › a normal transition moves the step and says where it came from (3.9s)
  ok 1584 [reduced-motion] › e2e\13-phase-model.spec.js:106:3 › the step state machine (spec §6.2) › THE INVARIANT: BLOCKED without a Blocker record is REJECTED, not written (4.5s)
  ok 1585 [reduced-motion] › e2e\13-phase-model.spec.js:121:3 › the step state machine (spec §6.2) › BLOCKED with a real record is accepted and links to it (3.6s)
  ok 1586 [reduced-motion] › e2e\13-phase-model.spec.js:134:3 › the step state machine (spec §6.2) › clearing a block returns the step to IN_PROGRESS and CLOSES the record (3.5s)
  ok 1587 [reduced-motion] › e2e\13-phase-model.spec.js:150:3 › the step state machine (spec §6.2) › COMPLETE credits the ACTOR from the profile (2.9s)
  ok 1588 [reduced-motion] › e2e\13-phase-model.spec.js:159:3 › the step state machine (spec §6.2) › an unknown state is rejected rather than stored (3.4s)
  ok 1589 [reduced-motion] › e2e\13-phase-model.spec.js:167:3 › the step state machine (spec §6.2) › every transition writes a STEP_STATE_CHANGE event carrying rack and step (4.0s)
  ok 1590 [reduced-motion] › e2e\13-phase-model.spec.js:182:3 › the step state machine (spec §6.2) › the model store is CLASSIFIED for backup (3.3s)
  ok 1591 [reduced-motion] › e2e\14-master-staging.spec.js:30:3 › validation summary — counts only, never a verdict about the floor › counts racks, hosts and cables from the candidate (3.6s)
  ok 1592 [reduced-motion] › e2e\14-master-staging.spec.js:38:3 › validation summary — counts only, never a verdict about the floor › ZERO HOSTS warns and stays activatable — a cabled unprovisioned row is legitimate (4.2s)
  ok 1593 [reduced-motion] › e2e\14-master-staging.spec.js:50:3 › validation summary — counts only, never a verdict about the floor › a Master with no readable racks is NOT ok (3.3s)
  ok 1594 [reduced-motion] › e2e\14-master-staging.spec.js:57:3 › validation summary — counts only, never a verdict about the floor › an empty required sheet is surfaced in the summary (4.7s)
  ok 1595 [reduced-motion] › e2e\14-master-staging.spec.js:67:3 › staging — a candidate never participates in the UI › staging does NOT make a candidate active (4.5s)
  ok 1596 [reduced-motion] › e2e\14-master-staging.spec.js:84:3 › staging — a candidate never participates in the UI › THE HARD GUARANTEE: discarding leaves the current site completely unchanged (4.7s)
  ok 1597 [reduced-motion] › e2e\14-master-staging.spec.js:98:3 › staging — a candidate never participates in the UI › activateStaged is the ONLY way a candidate becomes active, and it binds the profile (3.9s)
  ok 1598 [reduced-motion] › e2e\14-master-staging.spec.js:122:3 › staging — a candidate never participates in the UI › activating with nothing staged does not invent a Master (4.1s)
  ok 1599 [reduced-motion] › e2e\14-master-staging.spec.js:131:3 › the restore path — RECOVERY ONLY, never a door into a running app › restore hands control back to the boot state machine instead of asking the operator to (3.7s)
  ok 1600 [reduced-motion] › e2e\14-master-staging.spec.js:148:3 › the restore path — RECOVERY ONLY, never a door into a running app › a boot after a restored snapshot ends with memory and storage AGREEING (5.4s)
  ok 1601 [reduced-motion] › e2e\14-master-staging.spec.js:184:3 › the identity split reaches the assistant context › the context block names authority and actor DISTINCTLY (3.9s)
  ok 1602 [reduced-motion] › e2e\15-dual-source-master.spec.js:47:3 › the Master has TWO sources of component identity › SITE-HOSTS still parses — the canonical source is untouched (3.6s)
  ok 1603 [reduced-motion] › e2e\15-dual-source-master.spec.js:57:3 › the Master has TWO sources of component identity › THE DEFECT: a CUTSHEET-only cabinet resolves its real inventory (4.0s)
  ok 1604 [reduced-motion] › e2e\15-dual-source-master.spec.js:67:3 › the Master has TWO sources of component identity › the nine GPU-B300 nodes land at their explicit RUs (3.3s)
  ok 1605 [reduced-motion] › e2e\15-dual-source-master.spec.js:80:3 › the Master has TWO sources of component identity › NOTHING IS DOUBLE-COUNTED — SITE-HOSTS wins where both sources describe a U (4.2s)
  ok 1606 [reduced-motion] › e2e\15-dual-source-master.spec.js:95:3 › the Master has TWO sources of component identity › source coverage is reported SEPARATELY, never as one "0 hosts" summary (4.2s)
  ok 1607 [reduced-motion] › e2e\15-dual-source-master.spec.js:106:3 › the Master has TWO sources of component identity › BUILD AND FORGE READ THE SAME INVENTORY — through one elevation door (3.9s)
  ok 1608 [reduced-motion] › e2e\15-dual-source-master.spec.js:123:3 › the Master has TWO sources of component identity › SAVE AND RELOAD PRESERVE THE SAME RESULT (4.9s)
  ok 1609 [reduced-motion] › e2e\16-normalization-migration.spec.js:104:3 › a stored Master rebuilds itself when the normalizer moves on › THE FAILED DEVICE VERIFY: a v1 payload restores as 0 components, then migrates to 19 (6.2s)
  ok 1610 [reduced-motion] › e2e\16-normalization-migration.spec.js:120:3 › a stored Master rebuilds itself when the normalizer moves on › the rebuilt inventory is the RIGHT inventory, not just the right count (5.7s)
  ok 1611 [reduced-motion] › e2e\16-normalization-migration.spec.js:134:3 › a stored Master rebuilds itself when the normalizer moves on › SITE-HOSTS racks are NOT padded and NOT double-counted by the migration (5.7s)
  ok 1612 [reduced-motion] › e2e\16-normalization-migration.spec.js:146:3 › a stored Master rebuilds itself when the normalizer moves on › THE UPGRADE IS PERSISTED — it is not re-derived in memory every boot (5.8s)
  ok 1613 [reduced-motion] › e2e\16-normalization-migration.spec.js:155:3 › a stored Master rebuilds itself when the normalizer moves on › THE ROUND TRIP KEEPS IDENTITY AND CABLES — re-saving a restored Master loses nothing (5.6s)
  ok 1614 [reduced-motion] › e2e\16-normalization-migration.spec.js:168:3 › a stored Master rebuilds itself when the normalizer moves on › IDEMPOTENT: a second boot re-reads, it does not re-apply (7.8s)
  ok 1615 [reduced-motion] › e2e\16-normalization-migration.spec.js:183:3 › a stored Master rebuilds itself when the normalizer moves on › a Master with no cables retained says so instead of silently doing nothing (5.7s)
  ok 1616 [reduced-motion] › e2e\17-reimport-idempotence.spec.js:77:3 › re-importing the same Master is a no-op that loses nothing › THE COUNTS ARE IDENTICAL — the parse is idempotent over the same bytes (3.8s)
  ok 1617 [reduced-motion] › e2e\17-reimport-idempotence.spec.js:95:3 › re-importing the same Master is a no-op that loses nothing › MERGE, NEVER OVERWRITE — hand-entered data survives a Master replace (Law 11) (3.7s)
  ok 1618 [reduced-motion] › e2e\17-reimport-idempotence.spec.js:113:3 › re-importing the same Master is a no-op that loses nothing › A FRESH IMPORT STAMPS normVersion — the boot migration finds nothing to do (5.6s)
  ok 1619 [reduced-motion] › e2e\18-tap-window-and-crash-banner.spec.js:75:3 › the 340ms tap window and the crash banner › AT REST the scene-utils buttons are real, tappable controls (9.4s)
  ok 1620 [reduced-motion] › e2e\18-tap-window-and-crash-banner.spec.js:88:3 › the 340ms tap window and the crash banner › THE TAP WINDOW: with an overlay open, the buttons are NOT tappable — for every overlay (13.8s)
  ok 1621 [reduced-motion] › e2e\18-tap-window-and-crash-banner.spec.js:132:3 › the 340ms tap window and the crash banner › the guard is GEOMETRY-INDEPENDENT — it holds even with the overlay parked off-screen (8.5s)
[18] 1 cross-origin AI-proxy probe error(s) filtered and reported, not allowlisted.
  ok 1622 [reduced-motion] › e2e\18-tap-window-and-crash-banner.spec.js:154:3 › the 340ms tap window and the crash banner › ITEM 14 — a normal session raises NO crash banner (20.0s)
[18] legacy: 1 cross-origin AI-proxy probe error(s) filtered and reported.
  ok 1623 [reduced-motion] › e2e\18-tap-window-and-crash-banner.spec.js:189:3 › the 340ms tap window and the crash banner › ITEM 14, legacy half — ?legacy=1 walks clean with no uncaught errors (6.1s)
[19] 2 sheet(s) · 211 declared · 135 referenced · 3 inline · 5 set by JS · 0 unreadable · 3 DEAD
  x  1624 [reduced-motion] › e2e\19-design-tokens-and-picker.spec.js:24:3 › the design-system substrate and the loadout picker › EVERY design token referenced in CSS is actually declared somewhere (8.8s)
(node:37928) Warning: The 'NO_COLOR' env is ignored due to the 'FORCE_COLOR' env being set.
(Use `node --trace-warnings ...` to show where the warning was created)
[19] #forge3d-sheet tokens present: --fbg, --cyan, --vio, --teal, --gold, --ink, --dim, --forge-tap, --forge-glow, --forge-gutter, --forge-row-h, --forge-pad-x, --forge-gap
  ok 1625 [reduced-motion] › e2e\19-design-tokens-and-picker.spec.js:125:3 › the design-system substrate and the loadout picker › the FORGE token block specifically survives parsing — the .237 swallowed-rule guard (4.4s)
[19] loadout count 5/5 SELECTED -> 4/5 SELECTED
  ok 1626 [reduced-motion] › e2e\19-design-tokens-and-picker.spec.js:152:3 › the design-system substrate and the loadout picker › THE LOADOUT PICKER OPENS AND PICKS (.411) (14.4s)
  ok 1627 [reduced-motion] › e2e\20-vocabulary.spec.js:35:3 › the one colour vocabulary › typeOf maps every raw code to its display key (4.6s)
  ok 1628 [reduced-motion] › e2e\20-vocabulary.spec.js:41:3 › the one colour vocabulary › typeOf is IDEMPOTENT — normalising twice never erases a device class (4.3s)
  ok 1629 [reduced-motion] › e2e\20-vocabulary.spec.js:53:3 › the one colour vocabulary › an unmapped code is UNKNOWN, never BLANK (4.2s)
[20] accent-coloured 8/11 · bay values: {"gpu":"#28e0ff","sw":"#8a4bff","pwr":"#ffcb45","patch":"#1fffd0","stor":"#ff7bd0","cpu":"#7fd0ff","server":"#7fd0ff","cdu":"#30d158","fw":"#8a4bff","media":"#7d93a4","other":"#ff2bd6"}
  ok 1630 [reduced-motion] › e2e\20-vocabulary.spec.js:67:3 › the one colour vocabulary › THE POINT: the flat elevation now paints 8 of 11 codes, and the RIGHT colours (7.0s)
  ok 1631 [reduced-motion] › e2e\20-vocabulary.spec.js:119:3 › the one colour vocabulary › ⛔ RULE 17 — ?legacy=1 still emits the RAW code, so that house is unchanged (3.7s)
  ok 1632 [reduced-motion] › e2e\20-vocabulary.spec.js:142:3 › the one colour vocabulary › the redesign house DOES emit normalised keys — the other half of the same guard (5.2s)
  ok 1633 [reduced-motion] › e2e\21-first-run-gate.spec.js:36:3 › the first-run gate › THE GATE IS WIRED INTO BOOT — it is not a surface waiting for a door (5.0s)
  ok 1634 [reduced-motion] › e2e\21-first-run-gate.spec.js:44:3 › the first-run gate › SITE LEAD exists on the gate and DEFAULTS to the operator name (7.2s)
  ok 1635 [reduced-motion] › e2e\21-first-run-gate.spec.js:63:3 › the first-run gate › SITE LEAD is independent of the operator — authority is not the actor (5.3s)
  ok 1636 [reduced-motion] › e2e\21-first-run-gate.spec.js:77:3 › the first-run gate › THE MASTER STEP exists and uses the ONE door (§4.2, no second write path) (6.6s)
  ok 1637 [reduced-motion] › e2e\21-first-run-gate.spec.js:90:3 › the first-run gate › the Master line is HONEST when nothing is loaded (3.8s)
  ok 1638 [reduced-motion] › e2e\21-first-run-gate.spec.js:99:3 › the first-run gate › the Master line REPORTS what is loaded, from the Master itself (9.9s)
  ok 1639 [reduced-motion] › e2e\21-first-run-gate.spec.js:117:3 › the first-run gate › ⛔ RULE 17 — the legacy branch has no Site Lead field, and confirm still works there (6.1s)
  ok 1640 [reduced-motion] › e2e\21-first-run-gate.spec.js:139:3 › the first-run gate › the v1.6.70 backfill is UNCHANGED — existing devices are never re-prompted (3.7s)
  ok 1641 [reduced-motion] › e2e\21-first-run-gate.spec.js:153:3 › the first-run gate › the reverted flow left nothing behind (8.3s)
  ok 1642 [reduced-motion] › e2e\22-data-contract.spec.js:38:3 › the data contract — callers pass a rackId › I8 — _resolve takes an ID and returns the contract shape (3.7s)
  ok 1643 [reduced-motion] › e2e\22-data-contract.spec.js:54:3 › the data contract — callers pass a rackId › I9 — no RAW code survives the resolver, checked against the vocabulary itself (10.4s)
  ok 1644 [reduced-motion] › e2e\22-data-contract.spec.js:64:3 › the data contract — callers pass a rackId › normalising twice is a no-op — the resolver and the .429 writer can both run (4.8s)
  ok 1645 [reduced-motion] › e2e\22-data-contract.spec.js:72:3 › the data contract — callers pass a rackId › R-06 — an EMPTY rack and an UNKNOWN rack are different answers (3.3s)
  ok 1646 [reduced-motion] › e2e\22-data-contract.spec.js:87:3 › the data contract — callers pass a rackId › ⛔ .elevation is NEVER undefined — on any path (3.3s)
  ok 1647 [reduced-motion] › e2e\22-data-contract.spec.js:99:3 › the data contract — callers pass a rackId › THE RESHAPE DIVERGENCE IS GONE — master_renderHit asks for an id like everyone else (3.0s)
  ok 1648 [reduced-motion] › e2e\22-data-contract.spec.js:106:3 › the data contract — callers pass a rackId › the resolver WRAPS the canonical shaper rather than re-implementing it (4.1s)
  ok 1649 [reduced-motion] › e2e\22-data-contract.spec.js:116:3 › the data contract — callers pass a rackId › the routed call sites still render — the Command hero resolves by id (3.9s)
  ok 1650 [reduced-motion] › e2e\23-reclaim-barrier.spec.js:32:3 › the reclaim barrier › with no barrier armed, an acquisition proceeds IMMEDIATELY (3.8s)
  ok 1651 [reduced-motion] › e2e\23-reclaim-barrier.spec.js:47:3 › the reclaim barrier › once armed, an acquisition is DEFERRED and then runs on its own (4.3s)
  ok 1652 [reduced-motion] › e2e\23-reclaim-barrier.spec.js:69:3 › the reclaim barrier › ⛔ ONLY ONE PENDING ACQUISITION — rapid navigation collapses to the LAST request (3.6s)
  ok 1653 [reduced-motion] › e2e\23-reclaim-barrier.spec.js:95:3 › the reclaim barrier › the barrier takes TWO frames, not one — a single rAF can land in the same frame (3.5s)
  ok 1654 [reduced-motion] › e2e\23-reclaim-barrier.spec.js:115:3 › the reclaim barrier › releaseOthers REPORTS how many it released — the arm condition depends on it (3.6s)
  ok 1655 [reduced-motion] › e2e\23-reclaim-barrier.spec.js:133:3 › the reclaim barrier › BOTH renderers release BEFORE they acquire — the ordering, asserted from source (3.4s)
  ok 1656 [reduced-motion] › e2e\23-reclaim-barrier.spec.js:150:3 › the reclaim barrier › the barrier cannot deadlock a deferred acquisition (3.8s)
  ok 1657 [reduced-motion] › e2e\24-flat-path-and-attach.spec.js:42:3 › the flat path, demotion, and the door › 3a — a rack renders FLAT with no GL context at all (I7) (3.9s)
  ok 1658 [reduced-motion] › e2e\24-flat-path-and-attach.spec.js:60:3 › the flat path, demotion, and the door › 3b — attach creates a FLAT attachment and the census says which rack and which mode (3.2s)
  ok 1659 [reduced-motion] › e2e\24-flat-path-and-attach.spec.js:78:3 › the flat path, demotion, and the door › I2 — attach is IDEMPOTENT per host: same rackId returns the same attachment, no rebuild (3.2s)
  ok 1660 [reduced-motion] › e2e\24-flat-path-and-attach.spec.js:100:3 › the flat path, demotion, and the door › I2 — update() on a FLAT attachment re-renders and allocates NOTHING (3.3s)
  ok 1661 [reduced-motion] › e2e\24-flat-path-and-attach.spec.js:117:3 › the flat path, demotion, and the door › §5 — DEMOTION IS NOT DISPOSAL: the surface keeps rendering and stays in the census (3.1s)
  ok 1662 [reduced-motion] › e2e\24-flat-path-and-attach.spec.js:146:3 › the flat path, demotion, and the door › §5 — promote goes through the BARRIER, never around it (3.4s)
  ok 1663 [reduced-motion] › e2e\24-flat-path-and-attach.spec.js:162:3 › the flat path, demotion, and the door › ⛔ promote with no reacquire REFUSES VISIBLY rather than pretending (3.5s)
  ok 1664 [reduced-motion] › e2e\24-flat-path-and-attach.spec.js:177:3 › the flat path, demotion, and the door › ⛔ THE REFUSALS — what 3a/3b deliberately do NOT do (3.2s)
  ok 1665 [reduced-motion] › e2e\25-continue-work.spec.js:57:3 › one mode, one Build › THE FIX: Home continue-work and the BUILD tab land on the SAME surface (10.2s)
  ok 1666 [reduced-motion] › e2e\25-continue-work.spec.js:79:3 › one mode, one Build › the primary CTA on Home is wired to continue-work, not the deploy list (3.2s)
  ok 1667 [reduced-motion] › e2e\25-continue-work.spec.js:90:3 › one mode, one Build › ⛔ MANAGE-DEPLOYMENTS doors are UNTOUCHED — intent decides the door (3.0s)
  ok 1668 [reduced-motion] › e2e\25-continue-work.spec.js:102:3 › one mode, one Build › the deploy list is still REACHABLE and still works (6.4s)
  ok 1669 [reduced-motion] › e2e\25-continue-work.spec.js:112:3 › one mode, one Build › continue-work fails LOUDLY if the mode cannot open (3.4s)
  ok 1670 [reduced-motion] › e2e\26-rack-detail-surface.spec.js:54:3 › a rack detail brings its own surface › ⛔ FROM HOME: the phase dock never floats over the Command page (7.0s)
  ok 1671 [reduced-motion] › e2e\26-rack-detail-surface.spec.js:78:3 › a rack detail brings its own surface › FROM THE DEPLOY PANEL: the coherent path is unchanged (8.3s)
  ok 1672 [reduced-motion] › e2e\26-rack-detail-surface.spec.js:91:3 › a rack detail brings its own surface › the guard ensures the PAGE, not just the panel — and only when needed (3.4s)
  ok 1673 [reduced-motion] › e2e\26-rack-detail-surface.spec.js:100:3 › a rack detail brings its own surface › both deploy detail doors share the guard — fixing it fixed every caller (3.2s)
  ok 1674 [reduced-motion] › e2e\27-rack-capabilities-in-build.spec.js:45:3 › the rack capabilities live in Build › ASSIGN, QR and LOG NOTE are reachable from the operational centre (6.4s)
  ok 1675 [reduced-motion] › e2e\27-rack-capabilities-in-build.spec.js:59:3 › the rack capabilities live in Build › ⛔ THEY ARE THE SAME DOORS, not copies — and all three are reachable (3.5s)
  ok 1676 [reduced-motion] › e2e\27-rack-capabilities-in-build.spec.js:74:3 › the rack capabilities live in Build › Contract 14 — with no rack resolved the buttons are ABSENT, not dead (5.3s)
  ok 1677 [reduced-motion] › e2e\27-rack-capabilities-in-build.spec.js:86:3 › the rack capabilities live in Build › ADDITIVE — the rack detail still works and still has its own buttons (5.2s)
  ok 1678 [reduced-motion] › e2e\27-rack-capabilities-in-build.spec.js:101:3 › the rack capabilities live in Build › the new buttons fail LOUDLY if a door goes missing (3.2s)
  ok 1679 [reduced-motion] › e2e\27-rack-capabilities-in-build.spec.js:135:3 › the rack capabilities live in Build › ⛔ ASSIGN from Build lands back on BUILD, not on the rack detail (8.1s)
  ok 1680 [reduced-motion] › e2e\27-rack-capabilities-in-build.spec.js:146:3 › the rack capabilities live in Build › the rack detail keeps its own landing — the default surface is unchanged (7.7s)
  ok 1681 [reduced-motion] › e2e\27-rack-capabilities-in-build.spec.js:165:3 › the rack capabilities live in Build › Contract 14 — an unknown surface says so and still lands somewhere (5.3s)
  ok 1682 [reduced-motion] › e2e\28-phase-card-builder.spec.js:62:3 › the phase card builder › it is reachable at page scope — the IIFE-scope trap that has bitten this file (3.5s)
  ok 1683 [reduced-motion] › e2e\28-phase-card-builder.spec.js:72:3 › the phase card builder › every branch of the loop still emits — the lift did not drop a status (3.4s)
  ok 1684 [reduced-motion] › e2e\28-phase-card-builder.spec.js:86:3 › the phase card builder › the ungated START branch still emits — the one the first seed cannot reach (3.2s)
  ok 1685 [reduced-motion] › e2e\28-phase-card-builder.spec.js:99:3 › the phase card builder › ⛔ NO ACTION STILL HARDCODES THE RACK DETAIL (3.4s)
  ok 1686 [reduced-motion] › e2e\28-phase-card-builder.spec.js:110:3 › the phase card builder › the cards carry the CALLER'S surface through every hop (3.6s)
  ok 1687 [reduced-motion] › e2e\28-phase-card-builder.spec.js:127:3 › the phase card builder › the stale badge carries the surface three hops to FLAG FOR RE-VERIFY (3.1s)
  ok 1688 [reduced-motion] › e2e\28-phase-card-builder.spec.js:150:3 › the phase card builder › the async legs store the surface — a closure would not survive the modal (3.4s)
  ok 1689 [reduced-motion] › e2e\28-phase-card-builder.spec.js:167:3 › the phase card builder › COMPLETE actually lands on the surface it was tapped from (8.3s)
  ok 1690 [reduced-motion] › e2e\28-phase-card-builder.spec.js:192:3 › the phase card builder › the rack detail is unchanged — the lift is behaviour-preserving (5.2s)
  ok 1691 [reduced-motion] › e2e\29-context-follows-surface.spec.js:72:3 › the one WebGL context follows the visible surface › ⛔ THE RACK DETAIL DRAWS — it held an empty 60vh box before .441 (12.5s)
  ok 1692 [reduced-motion] › e2e\29-context-follows-surface.spec.js:92:3 › the one WebGL context follows the visible surface › the context comes BACK to Build on return (15.3s)
  ok 1693 [reduced-motion] › e2e\29-context-follows-surface.spec.js:109:3 › the one WebGL context follows the visible surface › Contract A6 — exactly one live context, on every surface (12.9s)
  ok 1694 [reduced-motion] › e2e\29-context-follows-surface.spec.js:128:3 › the one WebGL context follows the visible surface › the deferral is stated, never silent (8.9s)
  x  1695 [reduced-motion] › e2e\30-rack-above-the-fold.spec.js:79:3 › the rack is on screen in Field Mode › ⛔ THE RACK IS VISIBLE WITHOUT SCROLLING (13.5s)
(node:6776) Warning: The 'NO_COLOR' env is ignored due to the 'FORCE_COLOR' env being set.
(Use `node --trace-warnings ...` to show where the warning was created)
  ok 1696 [reduced-motion] › e2e\30-rack-above-the-fold.spec.js:91:3 › the rack is on screen in Field Mode › the controls moved BELOW the rack — and every one of them still ships (9.4s)
  ok 1697 [reduced-motion] › e2e\30-rack-above-the-fold.spec.js:105:3 › the rack is on screen in Field Mode › OPEN AISLE and the rack identity stay above the fold (9.3s)
  ok 1698 [reduced-motion] › e2e\30-rack-above-the-fold.spec.js:124:3 › the rack is on screen in Field Mode › Rule 1 — nothing pushes the viewport past 100vw (7.9s)
  ok 1699 [reduced-motion] › e2e\31-renderer-data-honesty.spec.js:83:3 › the renderer does not invent state › ⛔ NO RANDOMNESS DECIDES WHAT A DEVICE FAMILY DRAWS (3.4s)
  ok 1700 [reduced-motion] › e2e\31-renderer-data-honesty.spec.js:104:3 › the renderer does not invent state › a re-render neither duplicates nor loses rack geometry (13.0s)
  ok 1701 [reduced-motion] › e2e\31-renderer-data-honesty.spec.js:154:3 › the renderer does not invent state › no LED blinks — a blink is an activity claim (3.4s)
  ok 1702 [reduced-motion] › e2e\31-renderer-data-honesty.spec.js:163:3 › the renderer does not invent state › state colours are not used decoratively on device LEDs (3.4s)
  ok 1703 [reduced-motion] › e2e\32-lod-and-resource-stress.spec.js:62:3 › LOD tiers hold and surfaces do not leak › the LOD ladder is intact — selected, neighbours, pads, background (3.3s)
  ok 1704 [reduced-motion] › e2e\32-lod-and-resource-stress.spec.js:75:3 › LOD tiers hold and surfaces do not leak › ⛔ THE THREE-WAY CYCLE DOES NOT LEAK A CONTEXT OR A CANVAS (45.4s)
  ok 1705 [reduced-motion] › e2e\32-lod-and-resource-stress.spec.js:108:3 › LOD tiers hold and surfaces do not leak › every surface still renders after the cycle — no silent blank (21.5s)
  ok 1706 [reduced-motion] › e2e\33-cdu-is-cooling.spec.js:48:3 › a CDU is cooling, not power › ⛔ THE VOCABULARY CLASSIFIES CDU AS ITS OWN CHANNEL (4.0s)
  ok 1707 [reduced-motion] › e2e\33-cdu-is-cooling.spec.js:71:3 › a CDU is cooling, not power › a CDU tallies as COOLING, where it used to fall through to OTHER (3.4s)
  ok 1708 [reduced-motion] › e2e\33-cdu-is-cooling.spec.js:85:3 › a CDU is cooling, not power › the CDU carries NO status light — its identity is form, not telemetry (4.2s)
  ok 1709 [reduced-motion] › e2e\33-cdu-is-cooling.spec.js:99:3 › a CDU is cooling, not power › nothing was faked in the data to achieve the reclassification (3.4s)
  ok 1710 [reduced-motion] › e2e\34-plumbing-needs-a-source.spec.js:62:3 › coolant plumbing needs a source › ⛔ AN AIR-COOLED RACK GETS NO COOLANT PLUMBING (3.3s)
  ok 1711 [reduced-motion] › e2e\34-plumbing-needs-a-source.spec.js:82:3 › coolant plumbing needs a source › a rack that DECLARES a CDU still gets its plumbing (3.1s)
  ok 1712 [reduced-motion] › e2e\34-plumbing-needs-a-source.spec.js:96:3 › coolant plumbing needs a source › structure stays unconditional — bus bars, cable arms and the rear door (3.6s)
  ok 1713 [reduced-motion] › e2e\35-forge-parity.spec.js:77:3 › Forge parity › ⛔ THE AISLE DRAWS REAL RACK GEOMETRY, NOT A PHOTOGRAPH (12.3s)
  ok 1714 [reduced-motion] › e2e\35-forge-parity.spec.js:142:3 › Forge parity › the focused rack matches Build — count, RU positions, families, CDU (10.3s)
  ok 1715 [reduced-motion] › e2e\35-forge-parity.spec.js:172:3 › Forge parity › STRESS: Build → Forge → 10+ racks → Build → Forge accumulates nothing (29.7s)
  ok 1716 [reduced-motion] › e2e\36-forge-rack-centric.spec.js:85:3 › Forge is rack-centric › ⛔ LOCKED IS THE DEFAULT — a drag does not move the camera (30.7s)
  ok 1717 [reduced-motion] › e2e\36-forge-rack-centric.spec.js:123:3 › Forge is rack-centric › WALK AISLE is an explicit mode, and it frees the camera (19.0s)
  ok 1718 [reduced-motion] › e2e\36-forge-rack-centric.spec.js:148:3 › Forge is rack-centric › leaving WALK snaps back to the canonical rack framing (17.9s)
  ok 1719 [reduced-motion] › e2e\36-forge-rack-centric.spec.js:193:3 › Forge is rack-centric › ⛔ camera-lock is NOT exposed as a setting (3.7s)
  ok 1720 [reduced-motion] › e2e\37-locked-rack-pose.spec.js:108:3 › Locked rack mode is a canonical front elevation › ⛔ the locked pose is square to the rack — zero yaw, zero pitch, zero roll (16.0s)
  ok 1721 [reduced-motion] › e2e\37-locked-rack-pose.spec.js:125:3 › Locked rack mode is a canonical front elevation › the frame is an inspection view, centred on the USABLE rect and not the raw canvas (14.4s)
  ok 1722 [reduced-motion] › e2e\37-locked-rack-pose.spec.js:141:3 › Locked rack mode is a canonical front elevation › ⭐ every rack lands on the SAME pose relative to itself, and the walk returns exactly (1.3m)
  ok 1723 [reduced-motion] › e2e\37-locked-rack-pose.spec.js:179:3 › Locked rack mode is a canonical front elevation › leaving WALK AISLE returns to a pose identical to selecting that rack normally (57.9s)
  ok 1724 [reduced-motion] › e2e\38-context-engine.spec.js:29:3 › Context engine › ⛔ the honesty guard is always first and is never dropped (5.0s)
  ok 1725 [reduced-motion] › e2e\38-context-engine.spec.js:44:3 › Context engine › ⛔ the token budget holds, and truncation happens at line boundaries (14.5s)
  ok 1726 [reduced-motion] › e2e\38-context-engine.spec.js:61:3 › Context engine › ⛔ CHANGE has no path, and READ is asserted at the choke point (6.1s)
  ok 1727 [reduced-motion] › e2e\38-context-engine.spec.js:76:3 › Context engine › unknown fields are ABSENT, not blank-stubbed (10.5s)
  ok 1728 [reduced-motion] › e2e\38-context-engine.spec.js:93:3 › Context engine › ⛔ placeholder step text never reaches the model (14.8s)
  ok 1729 [reduced-motion] › e2e\38-context-engine.spec.js:110:3 › Context engine › the JobState field registry carries a source for every field, and sources never ship to the model (3.7s)
  ok 1730 [reduced-motion] › e2e\38-context-engine.spec.js:129:3 › Context engine › ⛔ no AI call site still bypasses the choke point (8.7s)
  ok 1731 [reduced-motion] › e2e\39-sw-update-path.spec.js:24:3 › SW update path — structure › ⛔ install must NOT skipWaiting, and a message handler must exist to promote on demand (8.3s)
  ok 1732 [reduced-motion] › e2e\39-sw-update-path.spec.js:45:3 › SW update path — structure › ⛔ exactly one controllerchange reaction, and exactly one activation door (11.0s)
  ok 1733 [reduced-motion] › e2e\39-sw-update-path.spec.js:62:3 › SW update path — structure › navigations and version.json must not be answerable from a stale cache (5.5s)
  ok 1734 [reduced-motion] › e2e\39-sw-update-path.spec.js:81:3 › SW update path — behaviour › ⛔ the badge is honest: it cannot claim an update with no worker waiting (17.0s)
  ok 1735 [reduced-motion] › e2e\39-sw-update-path.spec.js:102:3 › SW update path — behaviour › the diagnostic reports the lifecycle position rather than requiring a console (17.7s)
  ok 1736 [reduced-motion] › e2e\39-sw-update-path.spec.js:111:3 › SW update path — behaviour › an activation attempt with nothing to promote FAILS LOUDLY and restores the control (19.1s)
  ok 1737 [reduced-motion] › e2e\39-sw-update-path.spec.js:131:3 › SW update path — behaviour › ⛔ operational data is never touched by an update attempt (16.1s)
  ok 1738 [reduced-motion] › e2e\40-shift-door.spec.js:41:3 › SHIFT door › ⛔ the shift control is REACHABLE on Command, not merely present (13.0s)
  ok 1739 [reduced-motion] › e2e\40-shift-door.spec.js:58:3 › SHIFT door › one tap opens the shift sheet, and every control in it clears the gloved floor (17.2s)
  ok 1740 [reduced-motion] › e2e\40-shift-door.spec.js:82:3 › SHIFT door › the row states shift honestly when unset, and invents nothing (15.9s)
  ok 1741 [reduced-motion] › e2e\40-shift-door.spec.js:95:3 › SHIFT door › ⛔ the door did not push the deck past the viewport (8.8s)
  ok 1742 [reduced-motion] › e2e\41-continue-not-silent.spec.js:57:3 › Build CONTINUE › the reported state renders, and CONTINUE is a live, hit-testable control (8.8s)
  ok 1743 [reduced-motion] › e2e\41-continue-not-silent.spec.js:87:3 › Build CONTINUE › one tap enters the rack workflow and the render lands somewhere VISIBLE (9.7s)
  ok 1744 [reduced-motion] › e2e\41-continue-not-silent.spec.js:114:3 › Build CONTINUE › ⛔ with no host, CONTINUE reports the failure instead of swallowing it (9.4s)
  ok 1745 [reduced-motion] › e2e\42-paste-classifier.spec.js:30:3 › paste classifier › identifies each real format from shape alone (3.9s)
  ok 1746 [reduced-motion] › e2e\42-paste-classifier.spec.js:44:3 › paste classifier › ⭐ real pastes are not refused for being messy (4.5s)
  ok 1747 [reduced-motion] › e2e\42-paste-classifier.spec.js:84:3 › paste classifier › ⛔ ambiguous and unrecognisable input returns unknown, never a guess (5.3s)
  ok 1748 [reduced-motion] › e2e\42-paste-classifier.spec.js:174:3 › paste classifier › ⛔ CSV-vs-CSV does not collide — the real ambiguity in this set (3.3s)
  ok 1749 [reduced-motion] › e2e\42-paste-classifier.spec.js:184:3 › paste classifier › every verdict except unknown has a routing target (2.6s)
  ok 1750 [reduced-motion] › e2e\42-paste-classifier.spec.js:208:3 › paste classifier › bounded input cannot change a verdict (3.1s)
  ok 1751 [reduced-motion] › e2e\43-paste-door.spec.js:23:3 › paste door › ⛔ the PASTE row is reachable on Work (6.4s)
  ok 1752 [reduced-motion] › e2e\43-paste-door.spec.js:47:3 › paste door › ⛔ tapping the row actually opens the sheet (7.2s)
  ok 1753 [reduced-motion] › e2e\43-paste-door.spec.js:64:3 › paste door › the sheet opens with an empty, honest zero state (8.9s)
  ok 1754 [reduced-motion] › e2e\43-paste-door.spec.js:85:3 › paste door › a recognised paste names the format and offers exactly one route (9.7s)
  ok 1755 [reduced-motion] › e2e\43-paste-door.spec.js:105:3 › paste door › ⛔ an unrecognised paste says so and offers the doors (7.8s)
  ok 1756 [reduced-motion] › e2e\43-paste-door.spec.js:133:3 › paste door › ⛔ every offered route is a real door, and unknown routes nowhere (6.4s)
  ok 1757 [reduced-motion] › e2e\43-paste-door.spec.js:157:3 › paste door › ⛔ a tap cannot silently do nothing before routing is wired (7.0s)
  ok 1758 [reduced-motion] › e2e\43-paste-door.spec.js:189:3 › paste routing › routing lands in the target tool WITH the text (7.1s)
  ok 1759 [reduced-motion] › e2e\43-paste-door.spec.js:208:3 › paste routing › ⛔ a route that cannot complete says so instead of losing the paste (5.8s)
  ok 1760 [reduced-motion] › e2e\43-paste-door.spec.js:226:3 › paste routing › ⛔ EDP declines without a deployment, and the sheet keeps the text (6.4s)
  ok 1761 [reduced-motion] › e2e\43-paste-door.spec.js:257:3 › paste routing › ⛔ overwriting a box that already had text is stated, not silent (8.5s)
  ok 1762 [reduced-motion] › e2e\43-paste-door.spec.js:281:3 › paste routing › ⛔ routing an unknown verdict is refused, not guessed (6.3s)
  ok 1763 [reduced-motion] › e2e\44-tool-reachability.spec.js:54:3 › ops tool reachability › ⛔ all nine tools are reachable, and none has two doors (6.4s)
  x  1764 [reduced-motion] › e2e\44-tool-reachability.spec.js:69:3 › ops tool reachability › the tool row meets the gloved floor (7.0s)
(node:19476) Warning: The 'NO_COLOR' env is ignored due to the 'FORCE_COLOR' env being set.
(Use `node --trace-warnings ...` to show where the warning was created)
  ok 1765 [reduced-motion] › e2e\44-tool-reachability.spec.js:79:3 › ops tool reachability › ⛔ the retired banner stack is gone, not merely hidden (5.9s)


  1) [phone-webkit] › e2e\00-boot.spec.js:18:3 › cold boot › boots with no uncaught exception and no console error 

    Error: console errors on cold boot:
      [error] Origin http://127.0.0.1:4317 is not allowed by Access-Control-Allow-Origin. Status code: 204
      [pageerror] /phantom-api.wfj6t2fk7w.workers.dev/v1/messages due to access control checks.
      [error] Failed to load resource: Origin http://127.0.0.1:4317 is not allowed by Access-Control-Allow-Origin. Status code: 204

    expect(received).toEqual(expected) // deep equality

    - Expected  -  1
    + Received  + 14

    - Array []
    + Array [
    +   Object {
    +     "text": "Origin http://127.0.0.1:4317 is not allowed by Access-Control-Allow-Origin. Status code: 204",
    +     "type": "error",
    +   },
    +   Object {
    +     "text": "/phantom-api.wfj6t2fk7w.workers.dev/v1/messages due to access control checks.",
    +     "type": "pageerror",
    +   },
    +   Object {
    +     "text": "Failed to load resource: Origin http://127.0.0.1:4317 is not allowed by Access-Control-Allow-Origin. Status code: 204",
    +     "type": "error",
    +   },
    + ]

      20 |
      21 |     const hard = phantom.hardErrors();
    > 22 |     expect(hard, `console errors on cold boot:\n${hard.map((e) => `  [${e.type}] ${e.text}`).join('\n')}`).toEqual([]);
         |                                                                                                            ^
      23 |   });
      24 |
      25 |   test('serves the same version the working tree carries', async ({ phantom }) => {
        at C:\Users\Darkm\nexus01\test\e2e\00-boot.spec.js:22:108

    attachment #1: screenshot (image/png) ──────────────────────────────────────────────────────────
    test-results\00-boot-cold-boot-boots-wi-dd497-eption-and-no-console-error-phone-webkit\test-failed-1.png
    ────────────────────────────────────────────────────────────────────────────────────────────────

    Error Context: test-results\00-boot-cold-boot-boots-wi-dd497-eption-and-no-console-error-phone-webkit\error-context.md

    attachment #3: trace (application/zip) ─────────────────────────────────────────────────────────
    test-results\00-boot-cold-boot-boots-wi-dd497-eption-and-no-console-error-phone-webkit\trace.zip
    Usage:

        npx playwright show-trace test-results\00-boot-cold-boot-boots-wi-dd497-eption-and-no-console-error-phone-webkit\trace.zip

    ────────────────────────────────────────────────────────────────────────────────────────────────

  2) [phone-webkit] › e2e\04-storage.spec.js:461:3 › export → clear → restore round trip › a full backup restores every key it captured after localStorage is wiped 

    Error: page.evaluate: Execution context was destroyed, most likely because of a navigation

      33 |
      34 | /** Every localStorage key/value as a plain object, read in the page. */
    > 35 | const readAll = (page) => page.evaluate(() => {
         |                                ^
      36 |   const out = {};
      37 |   for (let i = 0; i < localStorage.length; i++) { const k = localStorage.key(i); out[k] = localStorage.getItem(k); }
      38 |   return out;
        at readAll (C:\Users\Darkm\nexus01\test\e2e\04-storage.spec.js:35:32)
        at C:\Users\Darkm\nexus01\test\e2e\04-storage.spec.js:497:25

    attachment #1: screenshot (image/png) ──────────────────────────────────────────────────────────
    test-results\04-storage-export-→-clear--f52ed-after-localStorage-is-wiped-phone-webkit\test-failed-1.png
    ────────────────────────────────────────────────────────────────────────────────────────────────

    Error Context: test-results\04-storage-export-→-clear--f52ed-after-localStorage-is-wiped-phone-webkit\error-context.md

    attachment #3: trace (application/zip) ─────────────────────────────────────────────────────────
    test-results\04-storage-export-→-clear--f52ed-after-localStorage-is-wiped-phone-webkit\trace.zip
    Usage:

        npx playwright show-trace test-results\04-storage-export-→-clear--f52ed-after-localStorage-is-wiped-phone-webkit\trace.zip

    ────────────────────────────────────────────────────────────────────────────────────────────────

  3) [phone-webkit] › e2e\19-design-tokens-and-picker.spec.js:24:3 › the design-system substrate and the loadout picker › EVERY design token referenced in CSS is actually declared somewhere 

    Error: design tokens referenced with NO fallback, declared in no stylesheet, set on no element and never written by setProperty — every declaration using one is silently dead: [
     {
      "name": "--tac",
      "usedBy": ".opswall > div:active"
     },
     {
      "name": "--text-primary",
      "usedBy": ".ops-banner-btn"
     },
     {
      "name": "--text-tertiary",
      "usedBy": ".ops-panel-meta"
     }
    ]

    expect(received).toEqual(expected) // deep equality

    - Expected  -  1
    + Received  + 14

    - Array []
    + Array [
    +   Object {
    +     "name": "--tac",
    +     "usedBy": ".opswall > div:active",
    +   },
    +   Object {
    +     "name": "--text-primary",
    +     "usedBy": ".ops-banner-btn",
    +   },
    +   Object {
    +     "name": "--text-tertiary",
    +     "usedBy": ".ops-panel-meta",
    +   },
    + ]

      120 |       'never written by setProperty — every declaration using one is silently dead: ' +
      121 |       `${JSON.stringify(dead, null, 1)}`
    > 122 |     ).toEqual([]);
          |       ^
      123 |   });
      124 |
      125 |   test('the FORGE token block specifically survives parsing — the .237 swallowed-rule guard', async ({ phantom, page }) => {
        at C:\Users\Darkm\nexus01\test\e2e\19-design-tokens-and-picker.spec.js:122:7

    attachment #1: screenshot (image/png) ──────────────────────────────────────────────────────────
    test-results\19-design-tokens-and-picke-6d7f8-actually-declared-somewhere-phone-webkit\test-failed-1.png
    ────────────────────────────────────────────────────────────────────────────────────────────────

    Error Context: test-results\19-design-tokens-and-picke-6d7f8-actually-declared-somewhere-phone-webkit\error-context.md

    attachment #3: trace (application/zip) ─────────────────────────────────────────────────────────
    test-results\19-design-tokens-and-picke-6d7f8-actually-declared-somewhere-phone-webkit\trace.zip
    Usage:

        npx playwright show-trace test-results\19-design-tokens-and-picke-6d7f8-actually-declared-somewhere-phone-webkit\trace.zip

    ────────────────────────────────────────────────────────────────────────────────────────────────

  4) [phone-webkit] › e2e\30-rack-above-the-fold.spec.js:79:3 › the rack is on screen in Field Mode › ⛔ THE RACK IS VISIBLE WITHOUT SCROLLING 

    Error: only 29px of rack is on screen (was 0 before .442)

    expect(received).toBeGreaterThanOrEqual(expected)

    Expected: >= 150
    Received:    29

      86 |     expect(f.canvas, 'the rack preview has no canvas at all — this is a renderer fault, not layout').not.toBe('NONE');
      87 |     expect(f.mountTop, 'the rack mount starts below the bottom nav — it is off-screen again').toBeLessThan(f.navTop);
    > 88 |     expect(f.visible, `only ${f.visible}px of rack is on screen (was 0 before .442)`).toBeGreaterThanOrEqual(150);
         |                                                                                       ^
      89 |   });
      90 |
      91 |   test('the controls moved BELOW the rack — and every one of them still ships', async ({ phantom, page }) => {
        at C:\Users\Darkm\nexus01\test\e2e\30-rack-above-the-fold.spec.js:88:87

    attachment #1: screenshot (image/png) ──────────────────────────────────────────────────────────
    test-results\30-rack-above-the-fold-the-bd6e6-S-VISIBLE-WITHOUT-SCROLLING-phone-webkit\test-failed-1.png
    ────────────────────────────────────────────────────────────────────────────────────────────────

    Error Context: test-results\30-rack-above-the-fold-the-bd6e6-S-VISIBLE-WITHOUT-SCROLLING-phone-webkit\error-context.md

    attachment #3: trace (application/zip) ─────────────────────────────────────────────────────────
    test-results\30-rack-above-the-fold-the-bd6e6-S-VISIBLE-WITHOUT-SCROLLING-phone-webkit\trace.zip
    Usage:

        npx playwright show-trace test-results\30-rack-above-the-fold-the-bd6e6-S-VISIBLE-WITHOUT-SCROLLING-phone-webkit\trace.zip

    ────────────────────────────────────────────────────────────────────────────────────────────────

  5) [phone-webkit] › e2e\44-tool-reachability.spec.js:69:3 › ops tool reachability › the tool row meets the gloved floor 

    Error: no tool buttons rendered at all

    expect(received).toBe(expected) // Object.is equality

    Expected: 9
    Received: 10

      73 |       .map((el) => { const r = el.getBoundingClientRect(); return { w: Math.round(r.width), h: Math.round(r.height) }; })
      74 |       .filter((s) => s.w > 0));
    > 75 |     expect(sizes.length, 'no tool buttons rendered at all').toBe(9);
         |                                                             ^
      76 |     for (const s of sizes) expect(s.h, `a tool button is ${s.h}px tall`).toBeGreaterThanOrEqual(44);
      77 |   });
      78 |
        at C:\Users\Darkm\nexus01\test\e2e\44-tool-reachability.spec.js:75:61

    attachment #1: screenshot (image/png) ──────────────────────────────────────────────────────────
    test-results\44-tool-reachability-ops-t-dd77f--row-meets-the-gloved-floor-phone-webkit\test-failed-1.png
    ────────────────────────────────────────────────────────────────────────────────────────────────

    Error Context: test-results\44-tool-reachability-ops-t-dd77f--row-meets-the-gloved-floor-phone-webkit\error-context.md

    attachment #3: trace (application/zip) ─────────────────────────────────────────────────────────
    test-results\44-tool-reachability-ops-t-dd77f--row-meets-the-gloved-floor-phone-webkit\trace.zip
    Usage:

        npx playwright show-trace test-results\44-tool-reachability-ops-t-dd77f--row-meets-the-gloved-floor-phone-webkit\trace.zip

    ────────────────────────────────────────────────────────────────────────────────────────────────

  6) [tablet-webkit] › e2e\19-design-tokens-and-picker.spec.js:24:3 › the design-system substrate and the loadout picker › EVERY design token referenced in CSS is actually declared somewhere 

    Error: design tokens referenced with NO fallback, declared in no stylesheet, set on no element and never written by setProperty — every declaration using one is silently dead: [
     {
      "name": "--tac",
      "usedBy": ".opswall > div:active"
     },
     {
      "name": "--text-primary",
      "usedBy": ".ops-banner-btn"
     },
     {
      "name": "--text-tertiary",
      "usedBy": ".ops-panel-meta"
     }
    ]

    expect(received).toEqual(expected) // deep equality

    - Expected  -  1
    + Received  + 14

    - Array []
    + Array [
    +   Object {
    +     "name": "--tac",
    +     "usedBy": ".opswall > div:active",
    +   },
    +   Object {
    +     "name": "--text-primary",
    +     "usedBy": ".ops-banner-btn",
    +   },
    +   Object {
    +     "name": "--text-tertiary",
    +     "usedBy": ".ops-panel-meta",
    +   },
    + ]

      120 |       'never written by setProperty — every declaration using one is silently dead: ' +
      121 |       `${JSON.stringify(dead, null, 1)}`
    > 122 |     ).toEqual([]);
          |       ^
      123 |   });
      124 |
      125 |   test('the FORGE token block specifically survives parsing — the .237 swallowed-rule guard', async ({ phantom, page }) => {
        at C:\Users\Darkm\nexus01\test\e2e\19-design-tokens-and-picker.spec.js:122:7

    attachment #1: screenshot (image/png) ──────────────────────────────────────────────────────────
    test-results\19-design-tokens-and-picke-6d7f8-actually-declared-somewhere-tablet-webkit\test-failed-1.png
    ────────────────────────────────────────────────────────────────────────────────────────────────

    Error Context: test-results\19-design-tokens-and-picke-6d7f8-actually-declared-somewhere-tablet-webkit\error-context.md

    attachment #3: trace (application/zip) ─────────────────────────────────────────────────────────
    test-results\19-design-tokens-and-picke-6d7f8-actually-declared-somewhere-tablet-webkit\trace.zip
    Usage:

        npx playwright show-trace test-results\19-design-tokens-and-picke-6d7f8-actually-declared-somewhere-tablet-webkit\trace.zip

    ────────────────────────────────────────────────────────────────────────────────────────────────

  7) [tablet-webkit] › e2e\44-tool-reachability.spec.js:69:3 › ops tool reachability › the tool row meets the gloved floor 

    Error: no tool buttons rendered at all

    expect(received).toBe(expected) // Object.is equality

    Expected: 9
    Received: 10

      73 |       .map((el) => { const r = el.getBoundingClientRect(); return { w: Math.round(r.width), h: Math.round(r.height) }; })
      74 |       .filter((s) => s.w > 0));
    > 75 |     expect(sizes.length, 'no tool buttons rendered at all').toBe(9);
         |                                                             ^
      76 |     for (const s of sizes) expect(s.h, `a tool button is ${s.h}px tall`).toBeGreaterThanOrEqual(44);
      77 |   });
      78 |
        at C:\Users\Darkm\nexus01\test\e2e\44-tool-reachability.spec.js:75:61

    attachment #1: screenshot (image/png) ──────────────────────────────────────────────────────────
    test-results\44-tool-reachability-ops-t-dd77f--row-meets-the-gloved-floor-tablet-webkit\test-failed-1.png
    ────────────────────────────────────────────────────────────────────────────────────────────────

    Error Context: test-results\44-tool-reachability-ops-t-dd77f--row-meets-the-gloved-floor-tablet-webkit\error-context.md

    attachment #3: trace (application/zip) ─────────────────────────────────────────────────────────
    test-results\44-tool-reachability-ops-t-dd77f--row-meets-the-gloved-floor-tablet-webkit\trace.zip
    Usage:

        npx playwright show-trace test-results\44-tool-reachability-ops-t-dd77f--row-meets-the-gloved-floor-tablet-webkit\trace.zip

    ────────────────────────────────────────────────────────────────────────────────────────────────

  8) [laptop-chromium] › e2e\05-offline.spec.js:307:3 › offline contract › the three cache stamps agree — a drifted CACHE_VERSION never evicts 

    Error: version.json != app PHANTOM_APP_VERSION

    expect(received).toBe(expected) // Object.is equality

    Expected: "phantom-v1.14.471"
    Received: "phantom-v1.14.469"

      318 |
      319 |     expect(cacheVersion, 'sw.js CACHE_VERSION != app PHANTOM_APP_VERSION').toBe(appVer[1]);
    > 320 |     expect(verJson.version, 'version.json != app PHANTOM_APP_VERSION').toBe(appVer[1]);
          |                                                                        ^
      321 |   });
      322 |
      323 |   // ── 2. REGISTRATION ────────────────────────────────────────────────────────
        at C:\Users\Darkm\nexus01\test\e2e\05-offline.spec.js:320:72

    attachment #1: screenshot (image/png) ──────────────────────────────────────────────────────────
    test-results\05-offline-offline-contrac-3dda9--CACHE-VERSION-never-evicts-laptop-chromium\test-failed-1.png
    ────────────────────────────────────────────────────────────────────────────────────────────────

    Error Context: test-results\05-offline-offline-contrac-3dda9--CACHE-VERSION-never-evicts-laptop-chromium\error-context.md

    attachment #3: trace (application/zip) ─────────────────────────────────────────────────────────
    test-results\05-offline-offline-contrac-3dda9--CACHE-VERSION-never-evicts-laptop-chromium\trace.zip
    Usage:

        npx playwright show-trace test-results\05-offline-offline-contrac-3dda9--CACHE-VERSION-never-evicts-laptop-chromium\trace.zip

    ────────────────────────────────────────────────────────────────────────────────────────────────

  9) [laptop-chromium] › e2e\19-design-tokens-and-picker.spec.js:24:3 › the design-system substrate and the loadout picker › EVERY design token referenced in CSS is actually declared somewhere 

    Error: design tokens referenced with NO fallback, declared in no stylesheet, set on no element and never written by setProperty — every declaration using one is silently dead: [
     {
      "name": "--tac",
      "usedBy": ".opswall > div:active"
     },
     {
      "name": "--text-primary",
      "usedBy": ".ops-banner-btn"
     },
     {
      "name": "--text-tertiary",
      "usedBy": ".ops-panel-meta"
     }
    ]

    expect(received).toEqual(expected) // deep equality

    - Expected  -  1
    + Received  + 14

    - Array []
    + Array [
    +   Object {
    +     "name": "--tac",
    +     "usedBy": ".opswall > div:active",
    +   },
    +   Object {
    +     "name": "--text-primary",
    +     "usedBy": ".ops-banner-btn",
    +   },
    +   Object {
    +     "name": "--text-tertiary",
    +     "usedBy": ".ops-panel-meta",
    +   },
    + ]

      120 |       'never written by setProperty — every declaration using one is silently dead: ' +
      121 |       `${JSON.stringify(dead, null, 1)}`
    > 122 |     ).toEqual([]);
          |       ^
      123 |   });
      124 |
      125 |   test('the FORGE token block specifically survives parsing — the .237 swallowed-rule guard', async ({ phantom, page }) => {
        at C:\Users\Darkm\nexus01\test\e2e\19-design-tokens-and-picker.spec.js:122:7

    attachment #1: screenshot (image/png) ──────────────────────────────────────────────────────────
    test-results\19-design-tokens-and-picke-6d7f8-actually-declared-somewhere-laptop-chromium\test-failed-1.png
    ────────────────────────────────────────────────────────────────────────────────────────────────

    Error Context: test-results\19-design-tokens-and-picke-6d7f8-actually-declared-somewhere-laptop-chromium\error-context.md

    attachment #3: trace (application/zip) ─────────────────────────────────────────────────────────
    test-results\19-design-tokens-and-picke-6d7f8-actually-declared-somewhere-laptop-chromium\trace.zip
    Usage:

        npx playwright show-trace test-results\19-design-tokens-and-picke-6d7f8-actually-declared-somewhere-laptop-chromium\trace.zip

    ────────────────────────────────────────────────────────────────────────────────────────────────

  10) [laptop-chromium] › e2e\40-shift-door.spec.js:41:3 › SHIFT door › ⛔ the shift control is REACHABLE on Command, not merely present 

    Error: a tap at the row's own centre lands on null, not the row

    expect(received).toBe(expected) // Object.is equality

    Expected: "cs-shiftbar"
    Received: "null"

      48 |     expect(p.w, `the shift row is ${p.w}px wide — a 0-width control is unreachable`).toBeGreaterThan(0);
      49 |     expect(p.h, `the shift row is ${p.h}px tall — a 0-height control is unreachable`).toBeGreaterThan(0);
    > 50 |     expect(p.hitOwner, `a tap at the row's own centre lands on ${p.hitOwner}, not the row`).toBe('cs-shiftbar');
         |                                                                                             ^
      51 |     expect(p.hasHandler, 'the row has no click handler — it renders but does nothing').toBe(true);
      52 |     expect(p.role, 'the row is not exposed as a control').toBe('button');
      53 |     expect(p.aria, 'the row has no accessible name').toBeTruthy();
        at C:\Users\Darkm\nexus01\test\e2e\40-shift-door.spec.js:50:93

    attachment #1: screenshot (image/png) ──────────────────────────────────────────────────────────
    test-results\40-shift-door-SHIFT-door-⛔-713ea--Command-not-merely-present-laptop-chromium\test-failed-1.png
    ────────────────────────────────────────────────────────────────────────────────────────────────

    Error Context: test-results\40-shift-door-SHIFT-door-⛔-713ea--Command-not-merely-present-laptop-chromium\error-context.md

    attachment #3: trace (application/zip) ─────────────────────────────────────────────────────────
    test-results\40-shift-door-SHIFT-door-⛔-713ea--Command-not-merely-present-laptop-chromium\trace.zip
    Usage:

        npx playwright show-trace test-results\40-shift-door-SHIFT-door-⛔-713ea--Command-not-merely-present-laptop-chromium\trace.zip

    ────────────────────────────────────────────────────────────────────────────────────────────────

  11) [laptop-chromium] › e2e\44-tool-reachability.spec.js:69:3 › ops tool reachability › the tool row meets the gloved floor 

    Error: no tool buttons rendered at all

    expect(received).toBe(expected) // Object.is equality

    Expected: 9
    Received: 10

      73 |       .map((el) => { const r = el.getBoundingClientRect(); return { w: Math.round(r.width), h: Math.round(r.height) }; })
      74 |       .filter((s) => s.w > 0));
    > 75 |     expect(sizes.length, 'no tool buttons rendered at all').toBe(9);
         |                                                             ^
      76 |     for (const s of sizes) expect(s.h, `a tool button is ${s.h}px tall`).toBeGreaterThanOrEqual(44);
      77 |   });
      78 |
        at C:\Users\Darkm\nexus01\test\e2e\44-tool-reachability.spec.js:75:61

    attachment #1: screenshot (image/png) ──────────────────────────────────────────────────────────
    test-results\44-tool-reachability-ops-t-dd77f--row-meets-the-gloved-floor-laptop-chromium\test-failed-1.png
    ────────────────────────────────────────────────────────────────────────────────────────────────

    Error Context: test-results\44-tool-reachability-ops-t-dd77f--row-meets-the-gloved-floor-laptop-chromium\error-context.md

    attachment #3: trace (application/zip) ─────────────────────────────────────────────────────────
    test-results\44-tool-reachability-ops-t-dd77f--row-meets-the-gloved-floor-laptop-chromium\trace.zip
    Usage:

        npx playwright show-trace test-results\44-tool-reachability-ops-t-dd77f--row-meets-the-gloved-floor-laptop-chromium\trace.zip

    ────────────────────────────────────────────────────────────────────────────────────────────────

  12) [desktop-chromium] › e2e\04-storage.spec.js:461:3 › export → clear → restore round trip › a full backup restores every key it captured after localStorage is wiped 

    Error: page.evaluate: ReferenceError: PHANTOM_BACKUP_EXCLUDED_KEYS is not defined
        at eval (eval at evaluate (:311:30), <anonymous>:1:7)
        at UtilityScript.evaluate (<anonymous>:313:16)
        at UtilityScript.<anonymous> (<anonymous>:1:44)
        at eval (eval at evaluate (:311:30), <anonymous>:1:7)
        at UtilityScript.evaluate (<anonymous>:313:16)
        at UtilityScript.<anonymous> (<anonymous>:1:44)
        at C:\Users\Darkm\nexus01\test\e2e\04-storage.spec.js:515:33

    attachment #1: screenshot (image/png) ──────────────────────────────────────────────────────────
    test-results\04-storage-export-→-clear--f52ed-after-localStorage-is-wiped-desktop-chromium\test-failed-1.png
    ────────────────────────────────────────────────────────────────────────────────────────────────

    Error Context: test-results\04-storage-export-→-clear--f52ed-after-localStorage-is-wiped-desktop-chromium\error-context.md

    attachment #3: trace (application/zip) ─────────────────────────────────────────────────────────
    test-results\04-storage-export-→-clear--f52ed-after-localStorage-is-wiped-desktop-chromium\trace.zip
    Usage:

        npx playwright show-trace test-results\04-storage-export-→-clear--f52ed-after-localStorage-is-wiped-desktop-chromium\trace.zip

    ────────────────────────────────────────────────────────────────────────────────────────────────

  13) [desktop-chromium] › e2e\19-design-tokens-and-picker.spec.js:24:3 › the design-system substrate and the loadout picker › EVERY design token referenced in CSS is actually declared somewhere 

    Error: design tokens referenced with NO fallback, declared in no stylesheet, set on no element and never written by setProperty — every declaration using one is silently dead: [
     {
      "name": "--tac",
      "usedBy": ".opswall > div:active"
     },
     {
      "name": "--text-primary",
      "usedBy": ".ops-banner-btn"
     },
     {
      "name": "--text-tertiary",
      "usedBy": ".ops-panel-meta"
     }
    ]

    expect(received).toEqual(expected) // deep equality

    - Expected  -  1
    + Received  + 14

    - Array []
    + Array [
    +   Object {
    +     "name": "--tac",
    +     "usedBy": ".opswall > div:active",
    +   },
    +   Object {
    +     "name": "--text-primary",
    +     "usedBy": ".ops-banner-btn",
    +   },
    +   Object {
    +     "name": "--text-tertiary",
    +     "usedBy": ".ops-panel-meta",
    +   },
    + ]

      120 |       'never written by setProperty — every declaration using one is silently dead: ' +
      121 |       `${JSON.stringify(dead, null, 1)}`
    > 122 |     ).toEqual([]);
          |       ^
      123 |   });
      124 |
      125 |   test('the FORGE token block specifically survives parsing — the .237 swallowed-rule guard', async ({ phantom, page }) => {
        at C:\Users\Darkm\nexus01\test\e2e\19-design-tokens-and-picker.spec.js:122:7

    attachment #1: screenshot (image/png) ──────────────────────────────────────────────────────────
    test-results\19-design-tokens-and-picke-6d7f8-actually-declared-somewhere-desktop-chromium\test-failed-1.png
    ────────────────────────────────────────────────────────────────────────────────────────────────

    Error Context: test-results\19-design-tokens-and-picke-6d7f8-actually-declared-somewhere-desktop-chromium\error-context.md

    attachment #3: trace (application/zip) ─────────────────────────────────────────────────────────
    test-results\19-design-tokens-and-picke-6d7f8-actually-declared-somewhere-desktop-chromium\trace.zip
    Usage:

        npx playwright show-trace test-results\19-design-tokens-and-picke-6d7f8-actually-declared-somewhere-desktop-chromium\trace.zip

    ────────────────────────────────────────────────────────────────────────────────────────────────

  14) [desktop-chromium] › e2e\40-shift-door.spec.js:41:3 › SHIFT door › ⛔ the shift control is REACHABLE on Command, not merely present 

    Error: a tap at the row's own centre lands on null, not the row

    expect(received).toBe(expected) // Object.is equality

    Expected: "cs-shiftbar"
    Received: "null"

      48 |     expect(p.w, `the shift row is ${p.w}px wide — a 0-width control is unreachable`).toBeGreaterThan(0);
      49 |     expect(p.h, `the shift row is ${p.h}px tall — a 0-height control is unreachable`).toBeGreaterThan(0);
    > 50 |     expect(p.hitOwner, `a tap at the row's own centre lands on ${p.hitOwner}, not the row`).toBe('cs-shiftbar');
         |                                                                                             ^
      51 |     expect(p.hasHandler, 'the row has no click handler — it renders but does nothing').toBe(true);
      52 |     expect(p.role, 'the row is not exposed as a control').toBe('button');
      53 |     expect(p.aria, 'the row has no accessible name').toBeTruthy();
        at C:\Users\Darkm\nexus01\test\e2e\40-shift-door.spec.js:50:93

    attachment #1: screenshot (image/png) ──────────────────────────────────────────────────────────
    test-results\40-shift-door-SHIFT-door-⛔-713ea--Command-not-merely-present-desktop-chromium\test-failed-1.png
    ────────────────────────────────────────────────────────────────────────────────────────────────

    Error Context: test-results\40-shift-door-SHIFT-door-⛔-713ea--Command-not-merely-present-desktop-chromium\error-context.md

    attachment #3: trace (application/zip) ─────────────────────────────────────────────────────────
    test-results\40-shift-door-SHIFT-door-⛔-713ea--Command-not-merely-present-desktop-chromium\trace.zip
    Usage:

        npx playwright show-trace test-results\40-shift-door-SHIFT-door-⛔-713ea--Command-not-merely-present-desktop-chromium\trace.zip

    ────────────────────────────────────────────────────────────────────────────────────────────────

  15) [desktop-chromium] › e2e\44-tool-reachability.spec.js:69:3 › ops tool reachability › the tool row meets the gloved floor 

    Error: no tool buttons rendered at all

    expect(received).toBe(expected) // Object.is equality

    Expected: 9
    Received: 10

      73 |       .map((el) => { const r = el.getBoundingClientRect(); return { w: Math.round(r.width), h: Math.round(r.height) }; })
      74 |       .filter((s) => s.w > 0));
    > 75 |     expect(sizes.length, 'no tool buttons rendered at all').toBe(9);
         |                                                             ^
      76 |     for (const s of sizes) expect(s.h, `a tool button is ${s.h}px tall`).toBeGreaterThanOrEqual(44);
      77 |   });
      78 |
        at C:\Users\Darkm\nexus01\test\e2e\44-tool-reachability.spec.js:75:61

    attachment #1: screenshot (image/png) ──────────────────────────────────────────────────────────
    test-results\44-tool-reachability-ops-t-dd77f--row-meets-the-gloved-floor-desktop-chromium\test-failed-1.png
    ────────────────────────────────────────────────────────────────────────────────────────────────

    Error Context: test-results\44-tool-reachability-ops-t-dd77f--row-meets-the-gloved-floor-desktop-chromium\error-context.md

    attachment #3: trace (application/zip) ─────────────────────────────────────────────────────────
    test-results\44-tool-reachability-ops-t-dd77f--row-meets-the-gloved-floor-desktop-chromium\trace.zip
    Usage:

        npx playwright show-trace test-results\44-tool-reachability-ops-t-dd77f--row-meets-the-gloved-floor-desktop-chromium\trace.zip

    ────────────────────────────────────────────────────────────────────────────────────────────────

  16) [reduced-motion] › e2e\09-master-binding.spec.js:172:3 › Master → Forge binding › walking the aisle resolves the NEXT rack from the Master, not a stale card 

    Test timeout of 45000ms exceeded.

    attachment #1: screenshot (image/png) ──────────────────────────────────────────────────────────
    test-results\09-master-binding-Master-→-62dd3-the-Master-not-a-stale-card-reduced-motion\test-failed-1.png
    ────────────────────────────────────────────────────────────────────────────────────────────────

    Error Context: test-results\09-master-binding-Master-→-62dd3-the-Master-not-a-stale-card-reduced-motion\error-context.md

    attachment #3: trace (application/zip) ─────────────────────────────────────────────────────────
    test-results\09-master-binding-Master-→-62dd3-the-Master-not-a-stale-card-reduced-motion\trace.zip
    Usage:

        npx playwright show-trace test-results\09-master-binding-Master-→-62dd3-the-Master-not-a-stale-card-reduced-motion\trace.zip

    ────────────────────────────────────────────────────────────────────────────────────────────────

  17) [reduced-motion] › e2e\09-master-binding.spec.js:203:3 › Master → Forge binding › reading the aisle never mutates the stored Master 

    Test timeout of 45000ms exceeded.

    Error: page.evaluate: Test timeout of 45000ms exceeded.

      94 |
      95 | async function focusChip(page, rack) {
    > 96 |   await page.evaluate((r) => {
         |              ^
      97 |     const c = document.querySelector('#forge3d-sheet .chip[data-rack="' + r + '"]');
      98 |     if (c) c.click();
      99 |   }, rack);
        at focusChip (C:\Users\Darkm\nexus01\test\e2e\09-master-binding.spec.js:96:14)
        at C:\Users\Darkm\nexus01\test\e2e\09-master-binding.spec.js:210:33

    Error Context: test-results\09-master-binding-Master-→-793f6-r-mutates-the-stored-Master-reduced-motion\error-context.md

    attachment #2: trace (application/zip) ─────────────────────────────────────────────────────────
    test-results\09-master-binding-Master-→-793f6-r-mutates-the-stored-Master-reduced-motion\trace.zip
    Usage:

        npx playwright show-trace test-results\09-master-binding-Master-→-793f6-r-mutates-the-stored-Master-reduced-motion\trace.zip

    ────────────────────────────────────────────────────────────────────────────────────────────────

  18) [reduced-motion] › e2e\10-site-profile-root.spec.js:128:3 › ACTIVE_SITE_PROFILE — migration is the thing that protects the operator › migration NEVER overwrites a value a human set 

    Test timeout of 45000ms exceeded.

    attachment #1: screenshot (image/png) ──────────────────────────────────────────────────────────
    test-results\10-site-profile-root-ACTIV-b2aaf-rwrites-a-value-a-human-set-reduced-motion\test-failed-1.png
    ────────────────────────────────────────────────────────────────────────────────────────────────

    Error Context: test-results\10-site-profile-root-ACTIV-b2aaf-rwrites-a-value-a-human-set-reduced-motion\error-context.md

    attachment #3: trace (application/zip) ─────────────────────────────────────────────────────────
    test-results\10-site-profile-root-ACTIV-b2aaf-rwrites-a-value-a-human-set-reduced-motion\trace.zip
    Usage:

        npx playwright show-trace test-results\10-site-profile-root-ACTIV-b2aaf-rwrites-a-value-a-human-set-reduced-motion\trace.zip

    ────────────────────────────────────────────────────────────────────────────────────────────────

  19) [reduced-motion] › e2e\10-site-profile-root.spec.js:144:3 › ACTIVE_SITE_PROFILE — migration is the thing that protects the operator › migration is IDEMPOTENT — the second run writes nothing 

    Test timeout of 45000ms exceeded.

    attachment #1: screenshot (image/png) ──────────────────────────────────────────────────────────
    test-results\10-site-profile-root-ACTIV-ac200-e-second-run-writes-nothing-reduced-motion\test-failed-1.png
    ────────────────────────────────────────────────────────────────────────────────────────────────

    Error Context: test-results\10-site-profile-root-ACTIV-ac200-e-second-run-writes-nothing-reduced-motion\error-context.md

    attachment #3: trace (application/zip) ─────────────────────────────────────────────────────────
    test-results\10-site-profile-root-ACTIV-ac200-e-second-run-writes-nothing-reduced-motion\trace.zip
    Usage:

        npx playwright show-trace test-results\10-site-profile-root-ACTIV-ac200-e-second-run-writes-nothing-reduced-motion\trace.zip

    ────────────────────────────────────────────────────────────────────────────────────────────────

  20) [reduced-motion] › e2e\19-design-tokens-and-picker.spec.js:24:3 › the design-system substrate and the loadout picker › EVERY design token referenced in CSS is actually declared somewhere 

    Error: design tokens referenced with NO fallback, declared in no stylesheet, set on no element and never written by setProperty — every declaration using one is silently dead: [
     {
      "name": "--tac",
      "usedBy": ".opswall > div:active"
     },
     {
      "name": "--text-primary",
      "usedBy": ".ops-banner-btn"
     },
     {
      "name": "--text-tertiary",
      "usedBy": ".ops-panel-meta"
     }
    ]

    expect(received).toEqual(expected) // deep equality

    - Expected  -  1
    + Received  + 14

    - Array []
    + Array [
    +   Object {
    +     "name": "--tac",
    +     "usedBy": ".opswall > div:active",
    +   },
    +   Object {
    +     "name": "--text-primary",
    +     "usedBy": ".ops-banner-btn",
    +   },
    +   Object {
    +     "name": "--text-tertiary",
    +     "usedBy": ".ops-panel-meta",
    +   },
    + ]

      120 |       'never written by setProperty — every declaration using one is silently dead: ' +
      121 |       `${JSON.stringify(dead, null, 1)}`
    > 122 |     ).toEqual([]);
          |       ^
      123 |   });
      124 |
      125 |   test('the FORGE token block specifically survives parsing — the .237 swallowed-rule guard', async ({ phantom, page }) => {
        at C:\Users\Darkm\nexus01\test\e2e\19-design-tokens-and-picker.spec.js:122:7

    attachment #1: screenshot (image/png) ──────────────────────────────────────────────────────────
    test-results\19-design-tokens-and-picke-6d7f8-actually-declared-somewhere-reduced-motion\test-failed-1.png
    ────────────────────────────────────────────────────────────────────────────────────────────────

    Error Context: test-results\19-design-tokens-and-picke-6d7f8-actually-declared-somewhere-reduced-motion\error-context.md

    attachment #3: trace (application/zip) ─────────────────────────────────────────────────────────
    test-results\19-design-tokens-and-picke-6d7f8-actually-declared-somewhere-reduced-motion\trace.zip
    Usage:

        npx playwright show-trace test-results\19-design-tokens-and-picke-6d7f8-actually-declared-somewhere-reduced-motion\trace.zip

    ────────────────────────────────────────────────────────────────────────────────────────────────

  21) [reduced-motion] › e2e\30-rack-above-the-fold.spec.js:79:3 › the rack is on screen in Field Mode › ⛔ THE RACK IS VISIBLE WITHOUT SCROLLING 

    Error: only 29px of rack is on screen (was 0 before .442)

    expect(received).toBeGreaterThanOrEqual(expected)

    Expected: >= 150
    Received:    29

      86 |     expect(f.canvas, 'the rack preview has no canvas at all — this is a renderer fault, not layout').not.toBe('NONE');
      87 |     expect(f.mountTop, 'the rack mount starts below the bottom nav — it is off-screen again').toBeLessThan(f.navTop);
    > 88 |     expect(f.visible, `only ${f.visible}px of rack is on screen (was 0 before .442)`).toBeGreaterThanOrEqual(150);
         |                                                                                       ^
      89 |   });
      90 |
      91 |   test('the controls moved BELOW the rack — and every one of them still ships', async ({ phantom, page }) => {
        at C:\Users\Darkm\nexus01\test\e2e\30-rack-above-the-fold.spec.js:88:87

    attachment #1: screenshot (image/png) ──────────────────────────────────────────────────────────
    test-results\30-rack-above-the-fold-the-bd6e6-S-VISIBLE-WITHOUT-SCROLLING-reduced-motion\test-failed-1.png
    ────────────────────────────────────────────────────────────────────────────────────────────────

    Error Context: test-results\30-rack-above-the-fold-the-bd6e6-S-VISIBLE-WITHOUT-SCROLLING-reduced-motion\error-context.md

    attachment #3: trace (application/zip) ─────────────────────────────────────────────────────────
    test-results\30-rack-above-the-fold-the-bd6e6-S-VISIBLE-WITHOUT-SCROLLING-reduced-motion\trace.zip
    Usage:

        npx playwright show-trace test-results\30-rack-above-the-fold-the-bd6e6-S-VISIBLE-WITHOUT-SCROLLING-reduced-motion\trace.zip

    ────────────────────────────────────────────────────────────────────────────────────────────────

  22) [reduced-motion] › e2e\44-tool-reachability.spec.js:69:3 › ops tool reachability › the tool row meets the gloved floor 

    Error: no tool buttons rendered at all

    expect(received).toBe(expected) // Object.is equality

    Expected: 9
    Received: 10

      73 |       .map((el) => { const r = el.getBoundingClientRect(); return { w: Math.round(r.width), h: Math.round(r.height) }; })
      74 |       .filter((s) => s.w > 0));
    > 75 |     expect(sizes.length, 'no tool buttons rendered at all').toBe(9);
         |                                                             ^
      76 |     for (const s of sizes) expect(s.h, `a tool button is ${s.h}px tall`).toBeGreaterThanOrEqual(44);
      77 |   });
      78 |
        at C:\Users\Darkm\nexus01\test\e2e\44-tool-reachability.spec.js:75:61

    attachment #1: screenshot (image/png) ──────────────────────────────────────────────────────────
    test-results\44-tool-reachability-ops-t-dd77f--row-meets-the-gloved-floor-reduced-motion\test-failed-1.png
    ────────────────────────────────────────────────────────────────────────────────────────────────

    Error Context: test-results\44-tool-reachability-ops-t-dd77f--row-meets-the-gloved-floor-reduced-motion\error-context.md

    attachment #3: trace (application/zip) ─────────────────────────────────────────────────────────
    test-results\44-tool-reachability-ops-t-dd77f--row-meets-the-gloved-floor-reduced-motion\trace.zip
    Usage:

        npx playwright show-trace test-results\44-tool-reachability-ops-t-dd77f--row-meets-the-gloved-floor-reduced-motion\trace.zip

    ────────────────────────────────────────────────────────────────────────────────────────────────

  Slow test file: [phone-webkit] › e2e\02-build-forge.spec.js (8.4m)
  Slow test file: [phone-webkit] › e2e\08-forge-layout.spec.js (7.0m)
  Slow test file: [phone-webkit] › e2e\03-tools.spec.js (5.9m)
  Slow test file: [phone-webkit] › e2e\06-composition.spec.js (5.6m)
  Slow test file: [reduced-motion] › e2e\02-build-forge.spec.js (5.1m)
  Consider running tests from slow files in parallel. See: https://playwright.dev/docs/test-parallel
  22 failed
    [phone-webkit] › e2e\00-boot.spec.js:18:3 › cold boot › boots with no uncaught exception and no console error 
    [phone-webkit] › e2e\04-storage.spec.js:461:3 › export → clear → restore round trip › a full backup restores every key it captured after localStorage is wiped 
    [phone-webkit] › e2e\19-design-tokens-and-picker.spec.js:24:3 › the design-system substrate and the loadout picker › EVERY design token referenced in CSS is actually declared somewhere 
    [phone-webkit] › e2e\30-rack-above-the-fold.spec.js:79:3 › the rack is on screen in Field Mode › ⛔ THE RACK IS VISIBLE WITHOUT SCROLLING 
    [phone-webkit] › e2e\44-tool-reachability.spec.js:69:3 › ops tool reachability › the tool row meets the gloved floor 
    [tablet-webkit] › e2e\19-design-tokens-and-picker.spec.js:24:3 › the design-system substrate and the loadout picker › EVERY design token referenced in CSS is actually declared somewhere 
    [tablet-webkit] › e2e\44-tool-reachability.spec.js:69:3 › ops tool reachability › the tool row meets the gloved floor 
    [laptop-chromium] › e2e\05-offline.spec.js:307:3 › offline contract › the three cache stamps agree — a drifted CACHE_VERSION never evicts 
    [laptop-chromium] › e2e\19-design-tokens-and-picker.spec.js:24:3 › the design-system substrate and the loadout picker › EVERY design token referenced in CSS is actually declared somewhere 
    [laptop-chromium] › e2e\40-shift-door.spec.js:41:3 › SHIFT door › ⛔ the shift control is REACHABLE on Command, not merely present 
    [laptop-chromium] › e2e\44-tool-reachability.spec.js:69:3 › ops tool reachability › the tool row meets the gloved floor 
    [desktop-chromium] › e2e\04-storage.spec.js:461:3 › export → clear → restore round trip › a full backup restores every key it captured after localStorage is wiped 
    [desktop-chromium] › e2e\19-design-tokens-and-picker.spec.js:24:3 › the design-system substrate and the loadout picker › EVERY design token referenced in CSS is actually declared somewhere 
    [desktop-chromium] › e2e\40-shift-door.spec.js:41:3 › SHIFT door › ⛔ the shift control is REACHABLE on Command, not merely present 
    [desktop-chromium] › e2e\44-tool-reachability.spec.js:69:3 › ops tool reachability › the tool row meets the gloved floor 
    [reduced-motion] › e2e\09-master-binding.spec.js:172:3 › Master → Forge binding › walking the aisle resolves the NEXT rack from the Master, not a stale card 
    [reduced-motion] › e2e\09-master-binding.spec.js:203:3 › Master → Forge binding › reading the aisle never mutates the stored Master 
    [reduced-motion] › e2e\10-site-profile-root.spec.js:128:3 › ACTIVE_SITE_PROFILE — migration is the thing that protects the operator › migration NEVER overwrites a value a human set 
    [reduced-motion] › e2e\10-site-profile-root.spec.js:144:3 › ACTIVE_SITE_PROFILE — migration is the thing that protects the operator › migration is IDEMPOTENT — the second run writes nothing 
    [reduced-motion] › e2e\19-design-tokens-and-picker.spec.js:24:3 › the design-system substrate and the loadout picker › EVERY design token referenced in CSS is actually declared somewhere 
    [reduced-motion] › e2e\30-rack-above-the-fold.spec.js:79:3 › the rack is on screen in Field Mode › ⛔ THE RACK IS VISIBLE WITHOUT SCROLLING 
    [reduced-motion] › e2e\44-tool-reachability.spec.js:69:3 › ops tool reachability › the tool row meets the gloved floor 
  60 skipped
  1683 passed (3.7h)
